Component: ARM Compiler 5.06 update 7 (build 960) Tool: armlink [4d3601]

==============================================================================

Section Cross References

    startup_stm32f103xb.o(RESET) refers to startup_stm32f103xb.o(STACK) for __initial_sp
    startup_stm32f103xb.o(RESET) refers to startup_stm32f103xb.o(.text) for Reset_Handler
    startup_stm32f103xb.o(RESET) refers to stm32f1xx_it.o(i.NMI_Handler) for NMI_Handler
    startup_stm32f103xb.o(RESET) refers to stm32f1xx_it.o(i.HardFault_Handler) for HardFault_Handler
    startup_stm32f103xb.o(RESET) refers to stm32f1xx_it.o(i.MemManage_Handler) for MemManage_Handler
    startup_stm32f103xb.o(RESET) refers to stm32f1xx_it.o(i.BusFault_Handler) for BusFault_Handler
    startup_stm32f103xb.o(RESET) refers to stm32f1xx_it.o(i.UsageFault_Handler) for UsageFault_Handler
    startup_stm32f103xb.o(RESET) refers to port.o(.emb_text) for SVC_Handler
    startup_stm32f103xb.o(RESET) refers to stm32f1xx_it.o(i.DebugMon_Handler) for DebugMon_Handler
    startup_stm32f103xb.o(RESET) refers to stm32f1xx_it.o(i.SysTick_Handler) for SysTick_Handler
    startup_stm32f103xb.o(RESET) refers to stm32f1xx_it.o(i.DMA1_Channel6_IRQHandler) for DMA1_Channel6_IRQHandler
    startup_stm32f103xb.o(RESET) refers to stm32f1xx_it.o(i.USB_LP_CAN1_RX0_IRQHandler) for USB_LP_CAN1_RX0_IRQHandler
    startup_stm32f103xb.o(RESET) refers to stm32f1xx_it.o(i.TIM2_IRQHandler) for TIM2_IRQHandler
    startup_stm32f103xb.o(.text) refers to system_stm32f1xx.o(i.SystemInit) for SystemInit
    startup_stm32f103xb.o(.text) refers to entry.o(.ARM.Collect$$$$00000000) for __main
    main.o(i.SystemClock_Config) refers to memseta.o(.text) for __aeabi_memclr4
    main.o(i.SystemClock_Config) refers to stm32f1xx_hal_rcc.o(i.HAL_RCC_OscConfig) for HAL_RCC_OscConfig
    main.o(i.SystemClock_Config) refers to stm32f1xx_hal_rcc.o(i.HAL_RCC_ClockConfig) for HAL_RCC_ClockConfig
    main.o(i.SystemClock_Config) refers to stm32f1xx_hal_rcc_ex.o(i.HAL_RCCEx_PeriphCLKConfig) for HAL_RCCEx_PeriphCLKConfig
    main.o(i.main) refers to stm32f1xx_hal.o(i.HAL_Init) for HAL_Init
    main.o(i.main) refers to main.o(i.SystemClock_Config) for SystemClock_Config
    main.o(i.main) refers to gpio.o(i.MX_GPIO_Init) for MX_GPIO_Init
    main.o(i.main) refers to dma.o(i.MX_DMA_Init) for MX_DMA_Init
    main.o(i.main) refers to tim.o(i.MX_TIM2_Init) for MX_TIM2_Init
    main.o(i.main) refers to i2c.o(i.MX_I2C1_Init) for MX_I2C1_Init
    main.o(i.main) refers to stm32f1xx_hal_tim.o(i.HAL_TIM_Encoder_Start) for HAL_TIM_Encoder_Start
    main.o(i.main) refers to freertos.o(i.MX_FREERTOS_Init) for MX_FREERTOS_Init
    main.o(i.main) refers to cmsis_os.o(i.osKernelStart) for osKernelStart
    main.o(i.main) refers to stm32f1xx_hal.o(i.HAL_Delay) for HAL_Delay
    main.o(i.main) refers to tim.o(.bss) for htim2
    gpio.o(i.MX_GPIO_Init) refers to stm32f1xx_hal_gpio.o(i.HAL_GPIO_WritePin) for HAL_GPIO_WritePin
    gpio.o(i.MX_GPIO_Init) refers to stm32f1xx_hal_gpio.o(i.HAL_GPIO_Init) for HAL_GPIO_Init
    freertos.o(i.MX_FREERTOS_Init) refers to memcpya.o(.text) for __aeabi_memcpy4
    freertos.o(i.MX_FREERTOS_Init) refers to cmsis_os.o(i.osThreadCreate) for osThreadCreate
    freertos.o(i.MX_FREERTOS_Init) refers to freertos.o(.constdata) for .constdata
    freertos.o(i.MX_FREERTOS_Init) refers to freertos.o(.data) for .data
    freertos.o(i.StartTask_LOGI) refers to usb_device.o(i.MX_USB_DEVICE_Init) for MX_USB_DEVICE_Init
    freertos.o(i.StartTask_LOGI) refers to stm32f1xx_hal_gpio.o(i.HAL_GPIO_WritePin) for HAL_GPIO_WritePin
    freertos.o(i.StartTask_LOGI) refers to cmsis_os.o(i.osDelay) for osDelay
    freertos.o(i.StartTask_LOGI) refers to stm32f1xx_hal_gpio.o(i.HAL_GPIO_ReadPin) for HAL_GPIO_ReadPin
    freertos.o(i.StartTask_LOGI) refers to tim.o(i.clear_Encoder) for clear_Encoder
    freertos.o(i.StartTask_OLED) refers to cmsis_os.o(i.osDelay) for osDelay
    freertos.o(i.StartTask_OLED) refers to oled.o(i.OLED_Init) for OLED_Init
    freertos.o(i.StartTask_OLED) refers to oled.o(i.OLED_Fill) for OLED_Fill
    freertos.o(i.StartTask_OLED) refers to tim.o(i.clear_Encoder) for clear_Encoder
    freertos.o(i.StartTask_OLED) refers to printfa.o(i.__0sprintf) for __2sprintf
    freertos.o(i.StartTask_OLED) refers to oled.o(i.OLED_ShowStr) for OLED_ShowStr
    freertos.o(i.StartTask_OLED) refers to tim.o(i.get_Encoder) for get_Encoder
    freertos.o(i.StartTask_OLED) refers to f2d.o(.text) for __aeabi_f2d
    freertos.o(i.StartTask_OLED) refers to tim.o(i.get_Equation) for get_Equation
    freertos.o(i.StartTask_OLED) refers to tim.o(i.get_Distance) for get_Distance
    freertos.o(i.StartTask_OLED) refers to strlen.o(.text) for strlen
    freertos.o(i.StartTask_OLED) refers to usbd_cdc_if.o(i.CDC_Transmit_FS) for CDC_Transmit_FS
    freertos.o(i.StartTask_OLED) refers to tim.o(.bss) for htim2
    freertos.o(i.StartTask_USB_CDC) refers to cmsis_os.o(i.osDelay) for osDelay
[...]
    prvIdleTask                              0x08005e71   Thumb Code    82  tasks.o(i.prvIdleTask)
    i.prvInitialiseNewTask                   0x08005ed0   Section        0  tasks.o(i.prvInitialiseNewTask)
    prvInitialiseNewTask                     0x08005ed1   Thumb Code   152  tasks.o(i.prvInitialiseNewTask)
    i.prvInsertBlockIntoFreeList             0x08005f68   Section        0  heap_4.o(i.prvInsertBlockIntoFreeList)
    prvInsertBlockIntoFreeList               0x08005f69   Thumb Code    72  heap_4.o(i.prvInsertBlockIntoFreeList)
    i.prvResetNextTaskUnblockTime            0x08005fb4   Section        0  tasks.o(i.prvResetNextTaskUnblockTime)
    prvResetNextTaskUnblockTime              0x08005fb5   Thumb Code    26  tasks.o(i.prvResetNextTaskUnblockTime)
    i.prvTaskExitError                       0x08005fd4   Section        0  port.o(i.prvTaskExitError)
    prvTaskExitError                         0x08005fd5   Thumb Code    36  port.o(i.prvTaskExitError)
    i.pvPortMalloc                           0x08005ffc   Section        0  heap_4.o(i.pvPortMalloc)
    i.pxPortInitialiseStack                  0x080060d8   Section        0  port.o(i.pxPortInitialiseStack)
    i.send_usb_to_data                       0x080060fc   Section        0  usbd_cdc_if.o(i.send_usb_to_data)
    i.set_Equation                           0x0800612c   Section        0  tim.o(i.set_Equation)
    i.uxListRemove                           0x08006164   Section        0  list.o(i.uxListRemove)
    i.vApplicationGetIdleTaskMemory          0x0800618c   Section        0  freertos.o(i.vApplicationGetIdleTaskMemory)
    i.vListInitialise                        0x080061a0   Section        0  list.o(i.vListInitialise)
    i.vListInitialiseItem                    0x080061b6   Section        0  list.o(i.vListInitialiseItem)
    i.vListInsert                            0x080061bc   Section        0  list.o(i.vListInsert)
    i.vListInsertEnd                         0x080061ec   Section        0  list.o(i.vListInsertEnd)
    i.vPortEnterCritical                     0x08006204   Section        0  port.o(i.vPortEnterCritical)
    i.vPortExitCritical                      0x08006244   Section        0  port.o(i.vPortExitCritical)
    i.vPortFree                              0x0800626c   Section        0  heap_4.o(i.vPortFree)
    i.vPortSetupTimerInterrupt               0x080062d0   Section        0  port.o(i.vPortSetupTimerInterrupt)
    i.vTaskDelay                             0x080062f4   Section        0  tasks.o(i.vTaskDelay)
    i.vTaskStartScheduler                    0x08006340   Section        0  tasks.o(i.vTaskStartScheduler)
    i.vTaskSuspendAll                        0x080063ac   Section        0  tasks.o(i.vTaskSuspendAll)
    i.vTaskSwitchContext                     0x080063bc   Section        0  tasks.o(i.vTaskSwitchContext)
    i.xPortStartScheduler                    0x08006418   Section        0  port.o(i.xPortStartScheduler)
    i.xPortSysTickHandler                    0x080064c0   Section        0  port.o(i.xPortSysTickHandler)
    i.xTaskCreate                            0x080064ec   Section        0  tasks.o(i.xTaskCreate)
    i.xTaskCreateStatic                      0x08006546   Section        0  tasks.o(i.xTaskCreateStatic)
    i.xTaskGetSchedulerState                 0x0800659c   Section        0  tasks.o(i.xTaskGetSchedulerState)
    i.xTaskIncrementTick                     0x080065b8   Section        0  tasks.o(i.xTaskIncrementTick)
    i.xTaskResumeAll                         0x08006684   Section        0  tasks.o(i.xTaskResumeAll)
    .constdata                               0x08006748   Section       92  freertos.o(.constdata)
    .constdata                               0x080067a4   Section       18  stm32f1xx_hal_rcc.o(.constdata)
    aPredivFactorTable                       0x080067a4   Data           2  stm32f1xx_hal_rcc.o(.constdata)
    aPLLMULFactorTable                       0x080067a6   Data          16  stm32f1xx_hal_rcc.o(.constdata)
    .constdata                               0x080067b6   Section       16  system_stm32f1xx.o(.constdata)
    .constdata                               0x080067c6   Section        8  system_stm32f1xx.o(.constdata)
    .constdata                               0x080067ce   Section     2072  oled.o(.constdata)
    .constdata                               0x08006fe6   Section       64  ctype_c.o(.constdata)
    .conststring                             0x08007028   Section       29  freertos.o(.conststring)
    .data                                    0x20000000   Section       12  freertos.o(.data)
    .data                                    0x2000000c   Section       20  tim.o(.data)
    .data                                    0x20000020   Section       28  usbd_desc.o(.data)
    .data                                    0x2000003c   Section       50  usbd_desc.o(.data)
    .data                                    0x20000070   Section       16  usbd_cdc_if.o(.data)
    .data                                    0x20000080   Section       12  stm32f1xx_hal.o(.data)
    .data                                    0x2000008c   Section        4  system_stm32f1xx.o(.data)
    .data                                    0x20000090   Section        1  usbd_ctlreq.o(.data)
    cfgidx                                   0x20000090   Data           1  usbd_ctlreq.o(.data)
    .data                                    0x20000094   Section      215  usbd_cdc.o(.data)
    USBD_CDC_DeviceQualifierDesc             0x20000094   Data          10  usbd_cdc.o(.data)
    .data                                    0x2000016c   Section       56  usbd_cdc.o(.data)
    .data                                    0x200001a4   Section       60  tasks.o(.data)
    uxDeletedTasksWaitingCleanUp             0x200001a8   Data           4  tasks.o(.data)
    uxCurrentNumberOfTasks                   0x200001ac   Data           4  tasks.o(.data)
    xTickCount                               0x200001b0   Data           4  tasks.o(.data)
    uxTopReadyPriority                       0x200001b4   Data           4  tasks.o(.data)
    xSchedulerRunning                        0x200001b8   Data           4  tasks.o(.data)
    xPendedTicks                             0x200001bc   Data           4  tasks.o(.data)
    xYieldPending                            0x200001c0   Data           4  tasks.o(.data)
    xNumOfOverflows                          0x200001c4   Data           4  tasks.o(.data)
    uxTaskNumber                             0x200001c8   Data           4  tasks.o(.data)
    xNextTaskUnblockTime                     0x200001cc   Data           4  tasks.o(.data)
    xIdleTaskHandle                          0x200001d0   Data           4  tasks.o(.data)
    uxSchedulerSuspended                     0x200001d4   Data           4  tasks.o(.data)
    pxDelayedTaskList                        0x200001d8   Data           4  tasks.o(.data)
    pxOverflowDelayedTaskList                0x200001dc   Data           4  tasks.o(.data)
    .data                                    0x200001e0   Section       32  heap_4.o(.data)
    pxEnd                                    0x200001e0   Data           4  heap_4.o(.data)
    xFreeBytesRemaining                      0x200001e4   Data           4  heap_4.o(.data)
    xMinimumEverFreeBytesRemaining           0x200001e8   Data           4  heap_4.o(.data)
    xNumberOfSuccessfulAllocations           0x200001ec   Data           4  heap_4.o(.data)
    xNumberOfSuccessfulFrees                 0x200001f0   Data           4  heap_4.o(.data)
    xBlockAllocatedBit                       0x200001f4   Data           4  heap_4.o(.data)
    xStart                                   0x200001f8   Data           8  heap_4.o(.data)
    .data                                    0x20000200   Section       12  port.o(.data)
    ucMaxSysCallPriority                     0x20000200   Data           1  port.o(.data)
    uxCriticalNesting                        0x20000204   Data           4  port.o(.data)
    ulMaxPRIGROUPValue                       0x20000208   Data           4  port.o(.data)
    .bss                                     0x2000020c   Section      596  freertos.o(.bss)
    xIdleTaskTCBBuffer                       0x2000020c   Data          84  freertos.o(.bss)
    xIdleStack                               0x20000260   Data         512  freertos.o(.bss)
    .bss                                     0x20000460   Section      152  i2c.o(.bss)
    .bss                                     0x200004f8   Section       72  tim.o(.bss)
    .bss                                     0x20000540   Section      708  usb_device.o(.bss)
    .bss                                     0x20000804   Section      512  usbd_desc.o(.bss)
    .bss                                     0x20000a04   Section     2112  usbd_cdc_if.o(.bss)
    .bss                                     0x20001244   Section     1272  usbd_conf.o(.bss)
    mem                                      0x20001244   Data         544  usbd_conf.o(.bss)
    .bss                                     0x2000173c   Section      240  tasks.o(.bss)
    pxReadyTasksLists                        0x2000173c   Data         140  tasks.o(.bss)
    xDelayedTaskList1                        0x200017c8   Data          20  tasks.o(.bss)
    xDelayedTaskList2                        0x200017dc   Data          20  tasks.o(.bss)
    xPendingReadyList                        0x200017f0   Data          20  tasks.o(.bss)
    xTasksWaitingTermination                 0x20001804   Data          20  tasks.o(.bss)
    xSuspendedTaskList                       0x20001818   Data          20  tasks.o(.bss)
    .bss                                     0x2000182c   Section     3072  heap_4.o(.bss)
    ucHeap                                   0x2000182c   Data        3072  heap_4.o(.bss)
    STACK                                    0x20002430   Section     1024  startup_stm32f103xb.o(STACK)

    Global Symbols

    Symbol Name                              Value     Ov Type        Size  Object(Section)

    BuildAttributes$$THM_ISAv4$P$D$K$B$S$PE$A:L22UL41UL21$X:L11$S22US41US21$IEEE1$IW$USESV6$~STKCKD$USESV7$~SHL$OTIME$ROPI$EBA8$MICROLIB$REQ8$PRES8$EABIv2 0x00000000   Number         0  anon$$obj.o ABSOLUTE
    __ARM_use_no_argv                        0x00000000   Number         0  main.o ABSOLUTE
    _printf_a                                0x00000000   Number         0  stubs.o ABSOLUTE
    _printf_c                                0x00000000   Number         0  stubs.o ABSOLUTE
    _printf_charcount                        0x00000000   Number         0  stubs.o ABSOLUTE
    _printf_d                                0x00000000   Number         0  stubs.o ABSOLUTE
    _printf_e                                0x00000000   Number         0  stubs.o ABSOLUTE
    _printf_f                                0x00000000   Number         0  stubs.o ABSOLUTE
    _printf_flags                            0x00000000   Number         0  stubs.o ABSOLUTE
    _printf_fp_dec                           0x00000000   Number         0  stubs.o ABSOLUTE
    _printf_fp_hex                           0x00000000   Number         0  stubs.o ABSOLUTE
    _printf_g                                0x00000000   Number         0  stubs.o ABSOLUTE
    _printf_i                                0x00000000   Number         0  stubs.o ABSOLUTE
    _printf_int_dec                          0x00000000   Number         0  stubs.o ABSOLUTE
    _printf_l                                0x00000000   Number         0  stubs.o ABSOLUTE
    _printf_lc                               0x00000000   Number         0  stubs.o ABSOLUTE
    _printf_ll                               0x00000000   Number         0  stubs.o ABSOLUTE
    _printf_lld                              0x00000000   Number         0  stubs.o ABSOLUTE
    _printf_lli                              0x00000000   Number         0  stubs.o ABSOLUTE
    _printf_llo                              0x00000000   Number         0  stubs.o ABSOLUTE
    _printf_llu                              0x00000000   Number         0  stubs.o ABSOLUTE
    _printf_llx                              0x00000000   Number         0  stubs.o ABSOLUTE
    _printf_longlong_dec                     0x00000000   Number         0  stubs.o ABSOLUTE
    _printf_longlong_hex                     0x00000000   Number         0  stubs.o ABSOLUTE
    _printf_longlong_oct                     0x00000000   Number         0  stubs.o ABSOLUTE
    _printf_ls                               0x00000000   Number         0  stubs.o ABSOLUTE
    _printf_mbtowc                           0x00000000   Number         0  stubs.o ABSOLUTE
    _printf_n                                0x00000000   Number         0  stubs.o ABSOLUTE
    _printf_o                                0x00000000   Number         0  stubs.o ABSOLUTE
    _printf_p                                0x00000000   Number         0  stubs.o ABSOLUTE
    _printf_percent                          0x00000000   Number         0  stubs.o ABSOLUTE
    _printf_pre_padding                      0x00000000   Number         0  stubs.o ABSOLUTE
    _printf_return_value                     0x00000000   Number         0  stubs.o ABSOLUTE
    _printf_s                                0x00000000   Number         0  stubs.o ABSOLUTE
    _printf_sizespec                         0x00000000   Number         0  stubs.o ABSOLUTE
    _printf_str                              0x00000000   Number         0  stubs.o ABSOLUTE
    _printf_truncate_signed                  0x00000000   Number         0  stubs.o ABSOLUTE
    _printf_truncate_unsigned                0x00000000   Number         0  stubs.o ABSOLUTE
    _printf_u                                0x00000000   Number         0  stubs.o ABSOLUTE
    _printf_wc                               0x00000000   Number         0  stubs.o ABSOLUTE
    _printf_wctomb                           0x00000000   Number         0  stubs.o ABSOLUTE
    _printf_widthprec                        0x00000000   Number         0  stubs.o ABSOLUTE
    _printf_x                                0x00000000   Number         0  stubs.o ABSOLUTE
    __arm_fini_                               - Undefined Weak Reference
    __cpp_initialize__aeabi_                  - Undefined Weak Reference
    __cxa_finalize                            - Undefined Weak Reference
    _clock_init                               - Undefined Weak Reference
    _microlib_exit                            - Undefined Weak Reference
    _scanf_int                                - Undefined Weak Reference
    _scanf_longlong                           - Undefined Weak Reference
    _scanf_string                             - Undefined Weak Reference
    __Vectors_Size                           0x000000ec   Number         0  startup_stm32f103xb.o ABSOLUTE
    __Vectors                                0x08000000   Data           4  startup_stm32f103xb.o(RESET)
    __Vectors_End                            0x080000ec   Data           0  startup_stm32f103xb.o(RESET)
    __main                                   0x080000ed   Thumb Code     0  entry.o(.ARM.Collect$$$$00000000)
    _main_stk                                0x080000ed   Thumb Code     0  entry2.o(.ARM.Collect$$$$00000001)
    _main_scatterload                        0x080000f1   Thumb Code     0  entry5.o(.ARM.Collect$$$$00000004)
    __main_after_scatterload                 0x080000f5   Thumb Code     0  entry5.o(.ARM.Collect$$$$00000004)
    _main_clock                              0x080000f5   Thumb Code     0  entry7b.o(.ARM.Collect$$$$00000008)
    _main_cpp_init                           0x080000f5   Thumb Code     0  entry8b.o(.ARM.Collect$$$$0000000A)
    _main_init                               0x080000f5   Thumb Code     0  entry9a.o(.ARM.Collect$$$$0000000B)
    __rt_lib_shutdown_fini                   0x080000fd   Thumb Code     0  entry12b.o(.ARM.Collect$$$$0000000E)
    __rt_final_cpp                           0x08000101   Thumb Code     0  entry10a.o(.ARM.Collect$$$$0000000F)
    __rt_final_exit                          0x08000101   Thumb Code     0  entry11a.o(.ARM.Collect$$$$00000011)
    SVC_Handler                              0x08000105   Thumb Code    32  port.o(.emb_text)
    __asm___6_port_c_39a90d8d__prvStartFirstTask 0x08000129   Thumb Code    28  port.o(.emb_text)
    PendSV_Handler                           0x08000149   Thumb Code    72  port.o(.emb_text)
    vPortGetIPSR                             0x08000195   Thumb Code     6  port.o(.emb_text)
    Reset_Handler                            0x0800019d   Thumb Code     8  startup_stm32f103xb.o(.text)
    ADC1_2_IRQHandler                        0x080001b7   Thumb Code     0  startup_stm32f103xb.o(.text)
    CAN1_RX1_IRQHandler                      0x080001b7   Thumb Code     0  startup_stm32f103xb.o(.text)
    CAN1_SCE_IRQHandler                      0x080001b7   Thumb Code     0  startup_stm32f103xb.o(.text)
    DMA1_Channel1_IRQHandler                 0x080001b7   Thumb Code     0  startup_stm32f103xb.o(.text)
    DMA1_Channel2_IRQHandler                 0x080001b7   Thumb Code     0  startup_stm32f103xb.o(.text)
    DMA1_Channel3_IRQHandler                 0x080001b7   Thumb Code     0  startup_stm32f103xb.o(.text)
    DMA1_Channel4_IRQHandler                 0x080001b7   Thumb Code     0  startup_stm32f103xb.o(.text)
    DMA1_Channel5_IRQHandler                 0x080001b7   Thumb Code     0  startup_stm32f103xb.o(.text)
    DMA1_Channel7_IRQHandler                 0x080001b7   Thumb Code     0  startup_stm32f103xb.o(.text)
    EXTI0_IRQHandler                         0x080001b7   Thumb Code     0  startup_stm32f103xb.o(.text)
    EXTI15_10_IRQHandler                     0x080001b7   Thumb Code     0  startup_stm32f103xb.o(.text)
    EXTI1_IRQHandler                         0x080001b7   Thumb Code     0  startup_stm32f103xb.o(.text)
    EXTI2_IRQHandler                         0x080001b7   Thumb Code     0  startup_stm32f103xb.o(.text)
    EXTI3_IRQHandler                         0x080001b7   Thumb Code     0  startup_stm32f103xb.o(.text)
    EXTI4_IRQHandler                         0x080001b7   Thumb Code     0  startup_stm32f103xb.o(.text)
    EXTI9_5_IRQHandler                       0x080001b7   Thumb Code     0  startup_stm32f103xb.o(.text)
    FLASH_IRQHandler                         0x080001b7   Thumb Code     0  startup_stm32f103xb.o(.text)
    I2C1_ER_IRQHandler                       0x080001b7   Thumb Code     0  startup_stm32f103xb.o(.text)
    I2C1_EV_IRQHandler                       0x080001b7   Thumb Code     0  startup_stm32f103xb.o(.text)
    I2C2_ER_IRQHandler                       0x080001b7   Thumb Code     0  startup_stm32f103xb.o(.text)
    I2C2_EV_IRQHandler                       0x080001b7   Thumb Code     0  startup_stm32f103xb.o(.text)
    PVD_IRQHandler                           0x080001b7   Thumb Code     0  startup_stm32f103xb.o(.text)
    RCC_IRQHandler                           0x080001b7   Thumb Code     0  startup_stm32f103xb.o(.text)
    RTC_Alarm_IRQHandler                     0x080001b7   Thumb Code     0  startup_stm32f103xb.o(.text)
    RTC_IRQHandler                           0x080001b7   Thumb Code     0  startup_stm32f103xb.o(.text)
    SPI1_IRQHandler                          0x080001b7   Thumb Code     0  startup_stm32f103xb.o(.text)
    SPI2_IRQHandler                          0x080001b7   Thumb Code     0  startup_stm32f103xb.o(.text)
    TAMPER_IRQHandler                        0x080001b7   Thumb Code     0  startup_stm32f103xb.o(.text)
    TIM1_BRK_IRQHandler                      0x080001b7   Thumb Code     0  startup_stm32f103xb.o(.text)
    TIM1_CC_IRQHandler                       0x080001b7   Thumb Code     0  startup_stm32f103xb.o(.text)
    TIM1_TRG_COM_IRQHandler                  0x080001b7   Thumb Code     0  startup_stm32f103xb.o(.text)
    TIM1_UP_IRQHandler                       0x080001b7   Thumb Code     0  startup_stm32f103xb.o(.text)
    TIM3_IRQHandler                          0x080001b7   Thumb Code     0  startup_stm32f103xb.o(.text)
    TIM4_IRQHandler                          0x080001b7   Thumb Code     0  startup_stm32f103xb.o(.text)
    USART1_IRQHandler                        0x080001b7   Thumb Code     0  startup_stm32f103xb.o(.text)
    USART2_IRQHandler                        0x080001b7   Thumb Code     0  startup_stm32f103xb.o(.text)
    USART3_IRQHandler                        0x080001b7   Thumb Code     0  startup_stm32f103xb.o(.text)
    USBWakeUp_IRQHandler                     0x080001b7   Thumb Code     0  startup_stm32f103xb.o(.text)
    USB_HP_CAN1_TX_IRQHandler                0x080001b7   Thumb Code     0  startup_stm32f103xb.o(.text)
    WWDG_IRQHandler                          0x080001b7   Thumb Code     0  startup_stm32f103xb.o(.text)
    __aeabi_llsr                             0x080001c1   Thumb Code    32  llushr.o(.text)
    _ll_ushift_r                             0x080001c1   Thumb Code     0  llushr.o(.text)
    __aeabi_memcpy                           0x080001e1   Thumb Code    36  memcpya.o(.text)
    __aeabi_memcpy4                          0x080001e1   Thumb Code     0  memcpya.o(.text)
    __aeabi_memcpy8                          0x080001e1   Thumb Code     0  memcpya.o(.text)
    __aeabi_memset                           0x08000205   Thumb Code    14  memseta.o(.text)
    __aeabi_memset4                          0x08000205   Thumb Code     0  memseta.o(.text)
    __aeabi_memset8                          0x08000205   Thumb Code     0  memseta.o(.text)
    __aeabi_memclr                           0x08000213   Thumb Code     4  memseta.o(.text)
    __aeabi_memclr4                          0x08000213   Thumb Code     0  memseta.o(.text)
    __aeabi_memclr8                          0x08000213   Thumb Code     0  memseta.o(.text)
    memset                                   0x08000217   Thumb Code    18  memseta.o(.text)
    strlen                                   0x08000229   Thumb Code    14  strlen.o(.text)
    __0sscanf                                0x08000239   Thumb Code    48  __0sscanf.o(.text)
    _scanf_real                              0x08000399   Thumb Code     0  scanf_fp.o(.text)
    _scanf_really_real                       0x08000399   Thumb Code   556  scanf_fp.o(.text)
    __aeabi_fadd                             0x080005d1   Thumb Code   164  fadd.o(.text)
    __aeabi_fsub                             0x08000675   Thumb Code     6  fadd.o(.text)
    __aeabi_frsub                            0x0800067b   Thumb Code     6  fadd.o(.text)
    __aeabi_fmul                             0x08000681   Thumb Code   100  fmul.o(.text)
    __aeabi_fdiv                             0x080006e5   Thumb Code   124  fdiv.o(.text)
    __aeabi_ui2f                             0x08000761   Thumb Code    10  ffltui.o(.text)
    __aeabi_f2d                              0x0800076b   Thumb Code    38  f2d.o(.text)
    __aeabi_uidiv                            0x08000791   Thumb Code     0  uidiv.o(.text)
    __aeabi_uidivmod                         0x08000791   Thumb Code    44  uidiv.o(.text)
    __aeabi_uldivmod                         0x080007bd   Thumb Code    98  uldiv.o(.text)
    __vfscanf_char                           0x0800082d   Thumb Code    20  scanf_char.o(.text)
    _sgetc                                   0x08000849   Thumb Code    30  _sgetc.o(.text)
    _sbackspace                              0x08000867   Thumb Code    34  _sgetc.o(.text)
    __I$use$fp                               0x08000889   Thumb Code     0  iusefp.o(.text)
    _float_round                             0x08000889   Thumb Code    18  fepilogue.o(.text)
    _float_epilogue                          0x0800089b   Thumb Code    92  fepilogue.o(.text)
    __aeabi_dadd                             0x080008f7   Thumb Code   322  dadd.o(.text)
    __aeabi_dsub                             0x08000a39   Thumb Code     6  dadd.o(.text)
    __aeabi_drsub                            0x08000a3f   Thumb Code     6  dadd.o(.text)
    __aeabi_dmul                             0x08000a45   Thumb Code   228  dmul.o(.text)
    __aeabi_ddiv                             0x08000b29   Thumb Code   222  ddiv.o(.text)
    __aeabi_ul2d                             0x08000c07   Thumb Code    24  dfltul.o(.text)
    __aeabi_d2ulz                            0x08000c1f   Thumb Code    48  dfixul.o(.text)
    __aeabi_cdrcmple                         0x08000c51   Thumb Code    48  cdrcmple.o(.text)
    __aeabi_d2f                              0x08000c81   Thumb Code    56  d2f.o(.text)
    __scatterload                            0x08000cb9   Thumb Code    28  init.o(.text)
    __scatterload_rt2                        0x08000cb9   Thumb Code     0  init.o(.text)
    __aeabi_llsl                             0x08000cdd   Thumb Code    30  llshl.o(.text)
    _ll_shift_l                              0x08000cdd   Thumb Code     0  llshl.o(.text)
    __aeabi_lasr                             0x08000cfb   Thumb Code    36  llsshr.o(.text)
    _ll_sshift_r                             0x08000cfb   Thumb Code     0  llsshr.o(.text)
    isspace                                  0x08000d1f   Thumb Code    10  isspace_c.o(.text)
    __vfscanf                                0x08000d29   Thumb Code   810  _scanf.o(.text)
    _double_round                            0x08001059   Thumb Code    30  depilogue.o(.text)
    _double_epilogue                         0x08001077   Thumb Code   156  depilogue.o(.text)
    __ctype_lookup                           0x08001115   Thumb Code    34  ctype_c.o(.text)
    __decompress                             0x0800113d   Thumb Code     0  __dczerorl2.o(.text)
    __decompress1                            0x0800113d   Thumb Code    86  __dczerorl2.o(.text)
    BusFault_Handler                         0x08001193   Thumb Code     2  stm32f1xx_it.o(i.BusFault_Handler)
    CDC_Transmit_FS                          0x080011e1   Thumb Code    38  usbd_cdc_if.o(i.CDC_Transmit_FS)
    DMA1_Channel6_IRQHandler                 0x0800120d   Thumb Code     6  stm32f1xx_it.o(i.DMA1_Channel6_IRQHandler)
    DebugMon_Handler                         0x08001219   Thumb Code     2  stm32f1xx_it.o(i.DebugMon_Handler)
    Error_Handler                            0x0800121b   Thumb Code     4  main.o(i.Error_Handler)
    HAL_DMA_IRQHandler                       0x08001221   Thumb Code   316  stm32f1xx_hal_dma.o(i.HAL_DMA_IRQHandler)
    HAL_DMA_Init                             0x08001375   Thumb Code    84  stm32f1xx_hal_dma.o(i.HAL_DMA_Init)
    HAL_Delay                                0x080013d1   Thumb Code    32  stm32f1xx_hal.o(i.HAL_Delay)
    HAL_GPIO_Init                            0x080013f5   Thumb Code   446  stm32f1xx_hal_gpio.o(i.HAL_GPIO_Init)
    HAL_GPIO_ReadPin                         0x080015d5   Thumb Code    10  stm32f1xx_hal_gpio.o(i.HAL_GPIO_ReadPin)
    HAL_GPIO_WritePin                        0x080015df   Thumb Code    10  stm32f1xx_hal_gpio.o(i.HAL_GPIO_WritePin)
    HAL_GetTick                              0x080015e9   Thumb Code     6  stm32f1xx_hal.o(i.HAL_GetTick)
    HAL_I2C_Init                             0x080015f5   Thumb Code   376  stm32f1xx_hal_i2c.o(i.HAL_I2C_Init)
    HAL_I2C_Mem_Write                        0x0800177d   Thumb Code   294  stm32f1xx_hal_i2c.o(i.HAL_I2C_Mem_Write)
    HAL_I2C_MspInit                          0x080018ad   Thumb Code   124  i2c.o(i.HAL_I2C_MspInit)
    HAL_IncTick                              0x0800193d   Thumb Code    12  stm32f1xx_hal.o(i.HAL_IncTick)
    HAL_Init                                 0x0800194d   Thumb Code    32  stm32f1xx_hal.o(i.HAL_Init)
    HAL_InitTick                             0x08001971   Thumb Code    54  stm32f1xx_hal.o(i.HAL_InitTick)
    HAL_MspInit                              0x080019b1   Thumb Code    62  stm32f1xx_hal_msp.o(i.HAL_MspInit)
    HAL_NVIC_EnableIRQ                       0x080019f9   Thumb Code    26  stm32f1xx_hal_cortex.o(i.HAL_NVIC_EnableIRQ)
    HAL_NVIC_SetPriority                     0x08001a15   Thumb Code    60  stm32f1xx_hal_cortex.o(i.HAL_NVIC_SetPriority)
    HAL_NVIC_SetPriorityGrouping             0x08001a55   Thumb Code    26  stm32f1xx_hal_cortex.o(i.HAL_NVIC_SetPriorityGrouping)
    HAL_PCDEx_PMAConfig                      0x08001a79   Thumb Code    60  stm32f1xx_hal_pcd_ex.o(i.HAL_PCDEx_PMAConfig)
    HAL_PCDEx_SetConnectionState             0x08001ab5   Thumb Code     2  usbd_conf.o(i.HAL_PCDEx_SetConnectionState)
    HAL_PCD_DataInStageCallback              0x08001ab7   Thumb Code    18  usbd_conf.o(i.HAL_PCD_DataInStageCallback)
    HAL_PCD_DataOutStageCallback             0x08001ac9   Thumb Code    20  usbd_conf.o(i.HAL_PCD_DataOutStageCallback)
    HAL_PCD_EP_Close                         0x08001add   Thumb Code    74  stm32f1xx_hal_pcd.o(i.HAL_PCD_EP_Close)
    HAL_PCD_EP_ClrStall                      0x08001b27   Thumb Code    90  stm32f1xx_hal_pcd.o(i.HAL_PCD_EP_ClrStall)
    HAL_PCD_EP_GetRxCount                    0x08001f9f   Thumb Code    18  stm32f1xx_hal_pcd.o(i.HAL_PCD_EP_GetRxCount)
    HAL_PCD_EP_Open                          0x08001fb1   Thumb Code    88  stm32f1xx_hal_pcd.o(i.HAL_PCD_EP_Open)
    HAL_PCD_EP_Receive                       0x08002009   Thumb Code    46  stm32f1xx_hal_pcd.o(i.HAL_PCD_EP_Receive)
    HAL_PCD_EP_SetStall                      0x08002037   Thumb Code   112  stm32f1xx_hal_pcd.o(i.HAL_PCD_EP_SetStall)
    HAL_PCD_EP_Transmit                      0x080020a7   Thumb Code    46  stm32f1xx_hal_pcd.o(i.HAL_PCD_EP_Transmit)
    HAL_PCD_IRQHandler                       0x080020d5   Thumb Code   308  stm32f1xx_hal_pcd.o(i.HAL_PCD_IRQHandler)
    HAL_PCD_Init                             0x08002209   Thumb Code   186  stm32f1xx_hal_pcd.o(i.HAL_PCD_Init)
    HAL_PCD_MspInit                          0x080022c5   Thumb Code    50  usbd_conf.o(i.HAL_PCD_MspInit)
    HAL_PCD_ResetCallback                    0x08002301   Thumb Code    38  usbd_conf.o(i.HAL_PCD_ResetCallback)
    HAL_PCD_ResumeCallback                   0x08002327   Thumb Code     8  usbd_conf.o(i.HAL_PCD_ResumeCallback)
    HAL_PCD_SOFCallback                      0x0800232f   Thumb Code     8  usbd_conf.o(i.HAL_PCD_SOFCallback)
    HAL_PCD_SetAddress                       0x08002337   Thumb Code    38  stm32f1xx_hal_pcd.o(i.HAL_PCD_SetAddress)
    HAL_PCD_SetupStageCallback               0x0800235d   Thumb Code    14  usbd_conf.o(i.HAL_PCD_SetupStageCallback)
    HAL_PCD_Start                            0x0800236b   Thumb Code    50  stm32f1xx_hal_pcd.o(i.HAL_PCD_Start)
    HAL_PCD_SuspendCallback                  0x0800239d   Thumb Code    30  usbd_conf.o(i.HAL_PCD_SuspendCallback)
    HAL_RCCEx_PeriphCLKConfig                0x080023c1   Thumb Code   224  stm32f1xx_hal_rcc_ex.o(i.HAL_RCCEx_PeriphCLKConfig)
    HAL_RCC_ClockConfig                      0x080024ad   Thumb Code   280  stm32f1xx_hal_rcc.o(i.HAL_RCC_ClockConfig)
    HAL_RCC_GetPCLK1Freq                     0x080025d9   Thumb Code    20  stm32f1xx_hal_rcc.o(i.HAL_RCC_GetPCLK1Freq)
    HAL_RCC_GetSysClockFreq                  0x080025f9   Thumb Code    58  stm32f1xx_hal_rcc.o(i.HAL_RCC_GetSysClockFreq)
    HAL_RCC_OscConfig                        0x08002645   Thumb Code   778  stm32f1xx_hal_rcc.o(i.HAL_RCC_OscConfig)
    HAL_SYSTICK_Config                       0x08002965   Thumb Code    40  stm32f1xx_hal_cortex.o(i.HAL_SYSTICK_Config)
    HAL_TIMEx_BreakCallback                  0x0800298d   Thumb Code     2  stm32f1xx_hal_tim_ex.o(i.HAL_TIMEx_BreakCallback)
    HAL_TIMEx_CommutCallback                 0x0800298f   Thumb Code     2  stm32f1xx_hal_tim_ex.o(i.HAL_TIMEx_CommutCallback)
    HAL_TIMEx_MasterConfigSynchronization    0x08002991   Thumb Code    92  stm32f1xx_hal_tim_ex.o(i.HAL_TIMEx_MasterConfigSynchronization)
    HAL_TIM_Encoder_Init                     0x080029f9   Thumb Code   164  stm32f1xx_hal_tim.o(i.HAL_TIM_Encoder_Init)
    HAL_TIM_Encoder_MspInit                  0x08002a9d   Thumb Code    88  tim.o(i.HAL_TIM_Encoder_MspInit)
    HAL_TIM_Encoder_Start                    0x08002afd   Thumb Code   142  stm32f1xx_hal_tim.o(i.HAL_TIM_Encoder_Start)
    HAL_TIM_IC_CaptureCallback               0x08002b8b   Thumb Code     2  stm32f1xx_hal_tim.o(i.HAL_TIM_IC_CaptureCallback)
    HAL_TIM_IRQHandler                       0x08002b8d   Thumb Code   304  stm32f1xx_hal_tim.o(i.HAL_TIM_IRQHandler)
    HAL_TIM_OC_DelayElapsedCallback          0x08002cbd   Thumb Code     2  stm32f1xx_hal_tim.o(i.HAL_TIM_OC_DelayElapsedCallback)
    HAL_TIM_PWM_PulseFinishedCallback        0x08002cbf   Thumb Code     2  stm32f1xx_hal_tim.o(i.HAL_TIM_PWM_PulseFinishedCallback)
    HAL_TIM_PeriodElapsedCallback            0x08002cc1   Thumb Code    38  tim.o(i.HAL_TIM_PeriodElapsedCallback)
    HAL_TIM_TriggerCallback                  0x08002ced   Thumb Code     2  stm32f1xx_hal_tim.o(i.HAL_TIM_TriggerCallback)
    HardFault_Handler                        0x08002cef   Thumb Code     2  stm32f1xx_it.o(i.HardFault_Handler)
    MX_DMA_Init                              0x08002ffd   Thumb Code    40  dma.o(i.MX_DMA_Init)
    MX_FREERTOS_Init                         0x08003029   Thumb Code    74  freertos.o(i.MX_FREERTOS_Init)
    MX_GPIO_Init                             0x0800307d   Thumb Code   122  gpio.o(i.MX_GPIO_Init)
    MX_I2C1_Init                             0x08003101   Thumb Code    50  i2c.o(i.MX_I2C1_Init)
    MX_TIM2_Init                             0x08003141   Thumb Code   106  tim.o(i.MX_TIM2_Init)
    MX_USB_DEVICE_Init                       0x080031b1   Thumb Code    66  usb_device.o(i.MX_USB_DEVICE_Init)
    MemManage_Handler                        0x08003205   Thumb Code     2  stm32f1xx_it.o(i.MemManage_Handler)
    NMI_Handler                              0x08003207   Thumb Code     2  stm32f1xx_it.o(i.NMI_Handler)
    OLED_Fill                                0x08003209   Thumb Code    56  oled.o(i.OLED_Fill)
    OLED_Init                                0x08003241   Thumb Code   172  oled.o(i.OLED_Init)
    OLED_SetPos                              0x080032ed   Thumb Code    38  oled.o(i.OLED_SetPos)
    OLED_ShowStr                             0x08003315   Thumb Code   208  oled.o(i.OLED_ShowStr)
    StartTask_LOGI                           0x08003795   Thumb Code   208  freertos.o(i.StartTask_LOGI)
    StartTask_OLED                           0x08003869   Thumb Code   266  freertos.o(i.StartTask_OLED)
    StartTask_USB_CDC                        0x080039bd   Thumb Code    12  freertos.o(i.StartTask_USB_CDC)
    SysTick_Handler                          0x080039c9   Thumb Code    24  stm32f1xx_it.o(i.SysTick_Handler)
    SystemClock_Config                       0x080039e1   Thumb Code   118  main.o(i.SystemClock_Config)
    SystemInit                               0x08003a57   Thumb Code     2  system_stm32f1xx.o(i.SystemInit)
    TIM2_IRQHandler                          0x08003a59   Thumb Code     6  stm32f1xx_it.o(i.TIM2_IRQHandler)
    TIM_Base_SetConfig                       0x08003a65   Thumb Code   108  stm32f1xx_hal_tim.o(i.TIM_Base_SetConfig)
    TIM_CCxChannelCmd                        0x08003add   Thumb Code    26  stm32f1xx_hal_tim.o(i.TIM_CCxChannelCmd)
    USBD_CDC_GetDeviceQualifierDescriptor    0x08003bd5   Thumb Code     8  usbd_cdc.o(i.USBD_CDC_GetDeviceQualifierDescriptor)
    USBD_CDC_ReceivePacket                   0x08003c99   Thumb Code    40  usbd_cdc.o(i.USBD_CDC_ReceivePacket)
    USBD_CDC_RegisterInterface               0x08003cc1   Thumb Code    16  usbd_cdc.o(i.USBD_CDC_RegisterInterface)
    USBD_CDC_SetRxBuffer                     0x08003cd1   Thumb Code    12  usbd_cdc.o(i.USBD_CDC_SetRxBuffer)
    USBD_CDC_SetTxBuffer                     0x08003cdd   Thumb Code    16  usbd_cdc.o(i.USBD_CDC_SetTxBuffer)
    USBD_CDC_TransmitPacket                  0x08003d99   Thumb Code    54  usbd_cdc.o(i.USBD_CDC_TransmitPacket)
    USBD_ClrClassConfig                      0x08003dcf   Thumb Code    14  usbd_core.o(i.USBD_ClrClassConfig)
    USBD_CtlContinueRx                       0x08003ddd   Thumb Code    16  usbd_ioreq.o(i.USBD_CtlContinueRx)
    USBD_CtlContinueSendData                 0x08003ded   Thumb Code    16  usbd_ioreq.o(i.USBD_CtlContinueSendData)
    USBD_CtlError                            0x08003dfd   Thumb Code    22  usbd_ctlreq.o(i.USBD_CtlError)
    USBD_CtlPrepareRx                        0x08003e13   Thumb Code    30  usbd_ioreq.o(i.USBD_CtlPrepareRx)
    USBD_CtlReceiveStatus                    0x08003e31   Thumb Code    22  usbd_ioreq.o(i.USBD_CtlReceiveStatus)
    USBD_CtlSendData                         0x08003e47   Thumb Code    26  usbd_ioreq.o(i.USBD_CtlSendData)
    USBD_CtlSendStatus                       0x08003e61   Thumb Code    22  usbd_ioreq.o(i.USBD_CtlSendStatus)
    USBD_FS_ConfigStrDescriptor              0x08003e79   Thumb Code    16  usbd_desc.o(i.USBD_FS_ConfigStrDescriptor)
    USBD_FS_DeviceDescriptor                 0x08003e99   Thumb Code     8  usbd_desc.o(i.USBD_FS_DeviceDescriptor)
    USBD_FS_InterfaceStrDescriptor           0x08003ea5   Thumb Code    16  usbd_desc.o(i.USBD_FS_InterfaceStrDescriptor)
    USBD_FS_LangIDStrDescriptor              0x08003ec9   Thumb Code     8  usbd_desc.o(i.USBD_FS_LangIDStrDescriptor)
    USBD_FS_ManufacturerStrDescriptor        0x08003ed5   Thumb Code    16  usbd_desc.o(i.USBD_FS_ManufacturerStrDescriptor)
    USBD_FS_ProductStrDescriptor             0x08003efd   Thumb Code    16  usbd_desc.o(i.USBD_FS_ProductStrDescriptor)
    USBD_FS_SerialStrDescriptor              0x08003f29   Thumb Code    48  usbd_desc.o(i.USBD_FS_SerialStrDescriptor)
    USBD_GetString                           0x08004049   Thumb Code    72  usbd_ctlreq.o(i.USBD_GetString)
    USBD_Init                                0x080040a9   Thumb Code    42  usbd_core.o(i.USBD_Init)
    USBD_LL_ClearStallEP                     0x080040d3   Thumb Code    18  usbd_conf.o(i.USBD_LL_ClearStallEP)
    USBD_LL_CloseEP                          0x080040e5   Thumb Code    18  usbd_conf.o(i.USBD_LL_CloseEP)
    USBD_LL_DataInStage                      0x080040f7   Thumb Code   198  usbd_core.o(i.USBD_LL_DataInStage)
    USBD_LL_DataOutStage                     0x080041bd   Thumb Code   130  usbd_core.o(i.USBD_LL_DataOutStage)
    USBD_LL_GetRxDataSize                    0x0800423f   Thumb Code     8  usbd_conf.o(i.USBD_LL_GetRxDataSize)
    USBD_LL_Init                             0x08004249   Thumb Code   118  usbd_conf.o(i.USBD_LL_Init)
    USBD_LL_IsStallEP                        0x080042c9   Thumb Code    30  usbd_conf.o(i.USBD_LL_IsStallEP)
    USBD_LL_OpenEP                           0x080042e7   Thumb Code    24  usbd_conf.o(i.USBD_LL_OpenEP)
    USBD_LL_PrepareReceive                   0x080042ff   Thumb Code    18  usbd_conf.o(i.USBD_LL_PrepareReceive)
    USBD_LL_Reset                            0x08004311   Thumb Code    80  usbd_core.o(i.USBD_LL_Reset)
    USBD_LL_Resume                           0x08004361   Thumb Code    20  usbd_core.o(i.USBD_LL_Resume)
    USBD_LL_SOF                              0x08004375   Thumb Code    24  usbd_core.o(i.USBD_LL_SOF)
    USBD_LL_SetSpeed                         0x0800438d   Thumb Code     6  usbd_core.o(i.USBD_LL_SetSpeed)
    USBD_LL_SetUSBAddress                    0x08004393   Thumb Code    18  usbd_conf.o(i.USBD_LL_SetUSBAddress)
    USBD_LL_SetupStage                       0x080043a5   Thumb Code    90  usbd_core.o(i.USBD_LL_SetupStage)
    USBD_LL_StallEP                          0x080043ff   Thumb Code    18  usbd_conf.o(i.USBD_LL_StallEP)
    USBD_LL_Start                            0x08004411   Thumb Code    18  usbd_conf.o(i.USBD_LL_Start)
    USBD_LL_Suspend                          0x08004423   Thumb Code    18  usbd_core.o(i.USBD_LL_Suspend)
    USBD_LL_Transmit                         0x08004435   Thumb Code    18  usbd_conf.o(i.USBD_LL_Transmit)
    USBD_ParseSetupRequest                   0x08004447   Thumb Code    40  usbd_ctlreq.o(i.USBD_ParseSetupRequest)
    USBD_RegisterClass                       0x0800446f   Thumb Code    16  usbd_core.o(i.USBD_RegisterClass)
    USBD_SetClassConfig                      0x0800447f   Thumb Code    22  usbd_core.o(i.USBD_SetClassConfig)
    USBD_Start                               0x08004519   Thumb Code    10  usbd_core.o(i.USBD_Start)
    USBD_StdDevReq                           0x08004523   Thumb Code   274  usbd_ctlreq.o(i.USBD_StdDevReq)
    USBD_StdEPReq                            0x08004635   Thumb Code   336  usbd_ctlreq.o(i.USBD_StdEPReq)
    USBD_StdItfReq                           0x08004785   Thumb Code    78  usbd_ctlreq.o(i.USBD_StdItfReq)
    USBD_static_free                         0x080047d3   Thumb Code     2  usbd_conf.o(i.USBD_static_free)
    USBD_static_malloc                       0x080047d5   Thumb Code     4  usbd_conf.o(i.USBD_static_malloc)
    USB_ActivateEndpoint                     0x080047dd   Thumb Code   668  stm32f1xx_ll_usb.o(i.USB_ActivateEndpoint)
    USB_CoreInit                             0x08004a79   Thumb Code     4  stm32f1xx_ll_usb.o(i.USB_CoreInit)
    USB_DeactivateEndpoint                   0x08004a7d   Thumb Code   270  stm32f1xx_ll_usb.o(i.USB_DeactivateEndpoint)
    USB_DevConnect                           0x08004b8b   Thumb Code     4  stm32f1xx_ll_usb.o(i.USB_DevConnect)
    USB_DevDisconnect                        0x08004b8f   Thumb Code     4  stm32f1xx_ll_usb.o(i.USB_DevDisconnect)
    USB_DevInit                              0x08004b93   Thumb Code    18  stm32f1xx_ll_usb.o(i.USB_DevInit)
    USB_DisableGlobalInt                     0x08004ba5   Thumb Code    14  stm32f1xx_ll_usb.o(i.USB_DisableGlobalInt)
    USB_EP0_OutStart                         0x08004bb3   Thumb Code     4  stm32f1xx_ll_usb.o(i.USB_EP0_OutStart)
    USB_EPClearStall                         0x08004bb7   Thumb Code   120  stm32f1xx_ll_usb.o(i.USB_EPClearStall)
    USB_EPSetStall                           0x08004c2f   Thumb Code    50  stm32f1xx_ll_usb.o(i.USB_EPSetStall)
    USB_EPStartXfer                          0x08004c61   Thumb Code  1250  stm32f1xx_ll_usb.o(i.USB_EPStartXfer)
    USB_EnableGlobalInt                      0x08005143   Thumb Code    18  stm32f1xx_ll_usb.o(i.USB_EnableGlobalInt)
    USB_LP_CAN1_RX0_IRQHandler               0x08005155   Thumb Code     6  stm32f1xx_it.o(i.USB_LP_CAN1_RX0_IRQHandler)
    USB_ReadInterrupts                       0x08005161   Thumb Code     6  stm32f1xx_ll_usb.o(i.USB_ReadInterrupts)
    USB_ReadPMA                              0x08005169   Thumb Code    44  stm32f1xx_ll_usb.o(i.USB_ReadPMA)
    USB_SetCurrentMode                       0x08005195   Thumb Code     4  stm32f1xx_ll_usb.o(i.USB_SetCurrentMode)
    USB_SetDevAddress                        0x08005199   Thumb Code    12  stm32f1xx_ll_usb.o(i.USB_SetDevAddress)
    USB_WritePMA                             0x080051a5   Thumb Code    38  stm32f1xx_ll_usb.o(i.USB_WritePMA)
    UsageFault_Handler                       0x080051cb   Thumb Code     2  stm32f1xx_it.o(i.UsageFault_Handler)
    WriteCmd                                 0x080051cd   Thumb Code    32  oled.o(i.WriteCmd)
    WriteDat                                 0x080051f1   Thumb Code    32  oled.o(i.WriteDat)
    __0sprintf                               0x08005215   Thumb Code    34  printfa.o(i.__0sprintf)
    __1sprintf                               0x08005215   Thumb Code     0  printfa.o(i.__0sprintf)
    __2sprintf                               0x08005215   Thumb Code     0  printfa.o(i.__0sprintf)
    __c89sprintf                             0x08005215   Thumb Code     0  printfa.o(i.__0sprintf)
    sprintf                                  0x08005215   Thumb Code     0  printfa.o(i.__0sprintf)
    __scatterload_copy                       0x0800525d   Thumb Code    14  handlers.o(i.__scatterload_copy)
    __scatterload_null                       0x0800526b   Thumb Code     2  handlers.o(i.__scatterload_null)
    __scatterload_zeroinit                   0x0800526d   Thumb Code    14  handlers.o(i.__scatterload_zeroinit)
    _is_digit                                0x08005401   Thumb Code    14  scanf_fp.o(i._is_digit)
    clear_Encoder                            0x08005b21   Thumb Code    14  tim.o(i.clear_Encoder)
    get_Distance                             0x08005b39   Thumb Code    80  tim.o(i.get_Distance)
    get_Encoder                              0x08005b91   Thumb Code     6  tim.o(i.get_Encoder)
    get_Equation                             0x08005b9d   Thumb Code    62  tim.o(i.get_Equation)
    main                                     0x08005bf9   Thumb Code    60  main.o(i.main)
    osDelay                                  0x08005c45   Thumb Code    14  cmsis_os.o(i.osDelay)
    osKernelStart                            0x08005c53   Thumb Code    10  cmsis_os.o(i.osKernelStart)
    osThreadCreate                           0x08005c5d   Thumb Code    84  cmsis_os.o(i.osThreadCreate)
    pvPortMalloc                             0x08005ffd   Thumb Code   216  heap_4.o(i.pvPortMalloc)
    pxPortInitialiseStack                    0x080060d9   Thumb Code    32  port.o(i.pxPortInitialiseStack)
    send_usb_to_data                         0x080060fd   Thumb Code    44  usbd_cdc_if.o(i.send_usb_to_data)
    set_Equation                             0x0800612d   Thumb Code    34  tim.o(i.set_Equation)
    uxListRemove                             0x08006165   Thumb Code    38  list.o(i.uxListRemove)
    vApplicationGetIdleTaskMemory            0x0800618d   Thumb Code    16  freertos.o(i.vApplicationGetIdleTaskMemory)
    vListInitialise                          0x080061a1   Thumb Code    22  list.o(i.vListInitialise)
    vListInitialiseItem                      0x080061b7   Thumb Code     6  list.o(i.vListInitialiseItem)
    vListInsert                              0x080061bd   Thumb Code    48  list.o(i.vListInsert)
    vListInsertEnd                           0x080061ed   Thumb Code    24  list.o(i.vListInsertEnd)
    vPortEnterCritical                       0x08006205   Thumb Code    54  port.o(i.vPortEnterCritical)
    vPortExitCritical                        0x08006245   Thumb Code    34  port.o(i.vPortExitCritical)
    vPortFree                                0x0800626d   Thumb Code    94  heap_4.o(i.vPortFree)
    vPortSetupTimerInterrupt                 0x080062d1   Thumb Code    32  port.o(i.vPortSetupTimerInterrupt)
    vTaskDelay                               0x080062f5   Thumb Code    66  tasks.o(i.vTaskDelay)
    vTaskStartScheduler                      0x08006341   Thumb Code    90  tasks.o(i.vTaskStartScheduler)
    vTaskSuspendAll                          0x080063ad   Thumb Code    10  tasks.o(i.vTaskSuspendAll)
    vTaskSwitchContext                       0x080063bd   Thumb Code    82  tasks.o(i.vTaskSwitchContext)
    xPortStartScheduler                      0x08006419   Thumb Code   154  port.o(i.xPortStartScheduler)
    xPortSysTickHandler                      0x080064c1   Thumb Code    38  port.o(i.xPortSysTickHandler)
    xTaskCreate                              0x080064ed   Thumb Code    90  tasks.o(i.xTaskCreate)
    xTaskCreateStatic                        0x08006547   Thumb Code    86  tasks.o(i.xTaskCreateStatic)
    xTaskGetSchedulerState                   0x0800659d   Thumb Code    22  tasks.o(i.xTaskGetSchedulerState)
    xTaskIncrementTick                       0x080065b9   Thumb Code   194  tasks.o(i.xTaskIncrementTick)
    xTaskResumeAll                           0x08006685   Thumb Code   182  tasks.o(i.xTaskResumeAll)
    AHBPrescTable                            0x080067b6   Data          16  system_stm32f1xx.o(.constdata)
    APBPrescTable                            0x080067c6   Data           8  system_stm32f1xx.o(.constdata)
    F6x8                                     0x080067ce   Data         552  oled.o(.constdata)
    F8X16                                    0x080069f6   Data        1520  oled.o(.constdata)
    __ctype_categories                       0x08006fe6   Data          64  ctype_c.o(.constdata)
    Region$$Table$$Base                      0x08007048   Number         0  anon$$obj.o(Region$$Table)
    Region$$Table$$Limit                     0x08007068   Number         0  anon$$obj.o(Region$$Table)
    LOGIHandle                               0x20000000   Data           4  freertos.o(.data)
    OLED_DISPLAYHandle                       0x20000004   Data           4  freertos.o(.data)
    USB_CDCHandle                            0x20000008   Data           4  freertos.o(.data)
    Equation_flag                            0x2000000c   Data           1  tim.o(.data)
    Encoder_Overflow                         0x20000010   Data           4  tim.o(.data)
    an                                       0x20000014   Data           4  tim.o(.data)
    bn                                       0x20000018   Data           4  tim.o(.data)
    cn                                       0x2000001c   Data           4  tim.o(.data)
    FS_Desc                                  0x20000020   Data          28  usbd_desc.o(.data)
    USBD_LangIDDesc                          0x2000003c   Data           4  usbd_desc.o(.data)
    USBD_FS_DeviceDesc                       0x20000040   Data          18  usbd_desc.o(.data)
    USBD_StringSerial                        0x20000054   Data          26  usbd_desc.o(.data)
    USBD_Interface_fops_FS                   0x20000070   Data          16  usbd_cdc_if.o(.data)
    uwTickFreq                               0x20000080   Data           1  stm32f1xx_hal.o(.data)
    uwTickPrio                               0x20000084   Data           4  stm32f1xx_hal.o(.data)
    uwTick                                   0x20000088   Data           4  stm32f1xx_hal.o(.data)
    SystemCoreClock                          0x2000008c   Data           4  system_stm32f1xx.o(.data)
    USBD_CDC_CfgHSDesc                       0x200000a0   Data          67  usbd_cdc.o(.data)
    USBD_CDC_CfgFSDesc                       0x200000e4   Data          67  usbd_cdc.o(.data)
    USBD_CDC_OtherSpeedCfgDesc               0x20000128   Data          67  usbd_cdc.o(.data)
    USBD_CDC                                 0x2000016c   Data          56  usbd_cdc.o(.data)
    pxCurrentTCB                             0x200001a4   Data           4  tasks.o(.data)
    hi2c1                                    0x20000460   Data          84  i2c.o(.bss)
    hdma_i2c1_tx                             0x200004b4   Data          68  i2c.o(.bss)
    htim2                                    0x200004f8   Data          72  tim.o(.bss)
    hUsbDeviceFS                             0x20000540   Data         708  usb_device.o(.bss)
    USBD_StrDesc                             0x20000804   Data         512  usbd_desc.o(.bss)
    UserRxBufferFS                           0x20000a04   Data        1024  usbd_cdc_if.o(.bss)
    UserTxBufferFS                           0x20000e04   Data        1024  usbd_cdc_if.o(.bss)
    USB_CDC_data                             0x20001204   Data          64  usbd_cdc_if.o(.bss)
    hpcd_USB_FS                              0x20001464   Data         728  usbd_conf.o(.bss)
    __initial_sp                             0x20002830   Data           0  startup_stm32f103xb.o(STACK)



==============================================================================

Memory Map of the image

  Image Entry point : 0x080000ed

  Load Region LR_IROM1 (Base: 0x08000000, Size: 0x00007274, Max: 0x00010000, ABSOLUTE, COMPRESSED[0x0000713c])

    Execution Region ER_IROM1 (Exec base: 0x08000000, Load base: 0x08000000, Size: 0x00007068, Max: 0x00010000, ABSOLUTE)

    Exec Addr    Load Addr    Size         Type   Attr      Idx    E Section Name        Object

    0x08000000   0x08000000   0x000000ec   Data   RO            3    RESET               startup_stm32f103xb.o
    0x080000ec   0x080000ec   0x00000000   Code   RO         5675  * .ARM.Collect$$$$00000000  mc_w.l(entry.o)
    0x080000ec   0x080000ec   0x00000004   Code   RO         5967    .ARM.Collect$$$$00000001  mc_w.l(entry2.o)
    0x080000f0   0x080000f0   0x00000004   Code   RO         5970    .ARM.Collect$$$$00000004  mc_w.l(entry5.o)
    0x080000f4   0x080000f4   0x00000000   Code   RO         5972    .ARM.Collect$$$$00000008  mc_w.l(entry7b.o)
    0x080000f4   0x080000f4   0x00000000   Code   RO         5974    .ARM.Collect$$$$0000000A  mc_w.l(entry8b.o)
    0x080000f4   0x080000f4   0x00000008   Code   RO         5975    .ARM.Collect$$$$0000000B  mc_w.l(entry9a.o)
    0x080000fc   0x080000fc   0x00000004   Code   RO         5982    .ARM.Collect$$$$0000000E  mc_w.l(entry12b.o)
    0x08000100   0x08000100   0x00000000   Code   RO         5977    .ARM.Collect$$$$0000000F  mc_w.l(entry10a.o)
    0x08000100   0x08000100   0x00000000   Code   RO         5979    .ARM.Collect$$$$00000011  mc_w.l(entry11a.o)
    0x08000100   0x08000100   0x00000004   Code   RO         5968    .ARM.Collect$$$$00002712  mc_w.l(entry2.o)
    0x08000104   0x08000104   0x00000096   Code   RO         5598    .emb_text           port.o
    0x0800019a   0x0800019a   0x00000002   PAD
    0x0800019c   0x0800019c   0x00000024   Code   RO            4    .text               startup_stm32f103xb.o
    0x080001c0   0x080001c0   0x00000020   Code   RO         5678    .text               mc_w.l(llushr.o)
    0x080001e0   0x080001e0   0x00000024   Code   RO         5680    .text               mc_w.l(memcpya.o)
    0x08000204   0x08000204   0x00000024   Code   RO         5684    .text               mc_w.l(memseta.o)
    0x08000228   0x08000228   0x0000000e   Code   RO         5686    .text               mc_w.l(strlen.o)
    0x08000236   0x08000236   0x00000002   PAD
    0x08000238   0x08000238   0x00000038   Code   RO         5951    .text               mc_w.l(__0sscanf.o)
    0x08000270   0x08000270   0x00000360   Code   RO         5953    .text               mc_w.l(scanf_fp.o)
    0x080005d0   0x080005d0   0x000000b0   Code   RO         5957    .text               mf_w.l(fadd.o)
    0x08000680   0x08000680   0x00000064   Code   RO         5959    .text               mf_w.l(fmul.o)
    0x080006e4   0x080006e4   0x0000007c   Code   RO         5961    .text               mf_w.l(fdiv.o)
    0x08000760   0x08000760   0x0000000a   Code   RO         5963    .text               mf_w.l(ffltui.o)
    0x0800076a   0x0800076a   0x00000026   Code   RO         5965    .text               mf_w.l(f2d.o)
    0x08000790   0x08000790   0x0000002c   Code   RO         5986    .text               mc_w.l(uidiv.o)
    0x080007bc   0x080007bc   0x00000062   Code   RO         5988    .text               mc_w.l(uldiv.o)
    0x0800081e   0x0800081e   0x00000002   PAD
    0x08000820   0x08000820   0x00000028   Code   RO         5990    .text               mc_w.l(scanf_char.o)
    0x08000848   0x08000848   0x00000040   Code   RO         5992    .text               mc_w.l(_sgetc.o)
    0x08000888   0x08000888   0x00000000   Code   RO         5994    .text               mc_w.l(iusefp.o)
    0x08000888   0x08000888   0x0000006e   Code   RO         5995    .text               mf_w.l(fepilogue.o)
    0x080008f6   0x080008f6   0x0000014e   Code   RO         5997    .text               mf_w.l(dadd.o)
    0x08000a44   0x08000a44   0x000000e4   Code   RO         5999    .text               mf_w.l(dmul.o)
    0x08000b28   0x08000b28   0x000000de   Code   RO         6001    .text               mf_w.l(ddiv.o)
    0x08000c06   0x08000c06   0x00000018   Code   RO         6003    .text               mf_w.l(dfltul.o)
    0x08000c1e   0x08000c1e   0x00000030   Code   RO         6005    .text               mf_w.l(dfixul.o)
    0x08000c4e   0x08000c4e   0x00000002   PAD
    0x08000c50   0x08000c50   0x00000030   Code   RO         6007    .text               mf_w.l(cdrcmple.o)
    0x08000c80   0x08000c80   0x00000038   Code   RO         6009    .text               mf_w.l(d2f.o)
    0x08000cb8   0x08000cb8   0x00000024   Code   RO         6011    .text               mc_w.l(init.o)
    0x08000cdc   0x08000cdc   0x0000001e   Code   RO         6014    .text               mc_w.l(llshl.o)
    0x08000cfa   0x08000cfa   0x00000024   Code   RO         6016    .text               mc_w.l(llsshr.o)
    0x08000d1e   0x08000d1e   0x0000000a   Code   RO         6018    .text               mc_w.l(isspace_c.o)
    0x08000d28   0x08000d28   0x00000330   Code   RO         6020    .text               mc_w.l(_scanf.o)
    0x08001058   0x08001058   0x000000ba   Code   RO         6023    .text               mf_w.l(depilogue.o)
    0x08001112   0x08001112   0x00000002   PAD
    0x08001114   0x08001114   0x00000028   Code   RO         6025    .text               mc_w.l(ctype_c.o)
    0x0800113c   0x0800113c   0x00000056   Code   RO         6036    .text               mc_w.l(__dczerorl2.o)
    0x08001192   0x08001192   0x00000002   Code   RO          477    i.BusFault_Handler  stm32f1xx_it.o
    0x08001194   0x08001194   0x00000004   Code   RO          700    i.CDC_Control_FS    usbd_cdc_if.o
    0x08001198   0x08001198   0x00000004   Code   RO          701    i.CDC_DeInit_FS     usbd_cdc_if.o
    0x0800119c   0x0800119c   0x00000024   Code   RO          702    i.CDC_Init_FS       usbd_cdc_if.o
    0x080011c0   0x080011c0   0x00000020   Code   RO          703    i.CDC_Receive_FS    usbd_cdc_if.o
    0x080011e0   0x080011e0   0x0000002c   Code   RO          704    i.CDC_Transmit_FS   usbd_cdc_if.o
    0x0800120c   0x0800120c   0x0000000c   Code   RO          478    i.DMA1_Channel6_IRQHandler  stm32f1xx_it.o
    0x08001218   0x08001218   0x00000002   Code   RO          479    i.DebugMon_Handler  stm32f1xx_it.o
    0x0800121a   0x0800121a   0x00000004   Code   RO           13    i.Error_Handler     main.o
    0x0800121e   0x0800121e   0x00000002   PAD
    0x08001220   0x08001220   0x00000154   Code   RO         1869    i.HAL_DMA_IRQHandler  stm32f1xx_hal_dma.o
    0x08001374   0x08001374   0x0000005c   Code   RO         1870    i.HAL_DMA_Init      stm32f1xx_hal_dma.o
    0x080013d0   0x080013d0   0x00000024   Code   RO         1490    i.HAL_Delay         stm32f1xx_hal.o
    0x080013f4   0x080013f4   0x000001e0   Code   RO         1800    i.HAL_GPIO_Init     stm32f1xx_hal_gpio.o
    0x080015d4   0x080015d4   0x0000000a   Code   RO         1802    i.HAL_GPIO_ReadPin  stm32f1xx_hal_gpio.o
    0x080015de   0x080015de   0x0000000a   Code   RO         1804    i.HAL_GPIO_WritePin  stm32f1xx_hal_gpio.o
    0x080015e8   0x080015e8   0x0000000c   Code   RO         1494    i.HAL_GetTick       stm32f1xx_hal.o
    0x080015f4   0x080015f4   0x00000188   Code   RO         2471    i.HAL_I2C_Init      stm32f1xx_hal_i2c.o
    0x0800177c   0x0800177c   0x00000130   Code   RO         2492    i.HAL_I2C_Mem_Write  stm32f1xx_hal_i2c.o
    0x080018ac   0x080018ac   0x00000090   Code   RO          357    i.HAL_I2C_MspInit   i2c.o
    0x0800193c   0x0800193c   0x00000010   Code   RO         1500    i.HAL_IncTick       stm32f1xx_hal.o
    0x0800194c   0x0800194c   0x00000024   Code   RO         1501    i.HAL_Init          stm32f1xx_hal.o
    0x08001970   0x08001970   0x00000040   Code   RO         1502    i.HAL_InitTick      stm32f1xx_hal.o
    0x080019b0   0x080019b0   0x00000048   Code   RO          559    i.HAL_MspInit       stm32f1xx_hal_msp.o
    0x080019f8   0x080019f8   0x0000001a   Code   RO         1960    i.HAL_NVIC_EnableIRQ  stm32f1xx_hal_cortex.o
    0x08001a12   0x08001a12   0x00000002   PAD
    0x08001a14   0x08001a14   0x00000040   Code   RO         1966    i.HAL_NVIC_SetPriority  stm32f1xx_hal_cortex.o
    0x08001a54   0x08001a54   0x00000024   Code   RO         1967    i.HAL_NVIC_SetPriorityGrouping  stm32f1xx_hal_cortex.o
    0x08001a78   0x08001a78   0x0000003c   Code   RO         1257    i.HAL_PCDEx_PMAConfig  stm32f1xx_hal_pcd_ex.o
    0x08001ab4   0x08001ab4   0x00000002   Code   RO          770    i.HAL_PCDEx_SetConnectionState  usbd_conf.o
    0x08001ab6   0x08001ab6   0x00000012   Code   RO          772    i.HAL_PCD_DataInStageCallback  usbd_conf.o
    0x08001ac8   0x08001ac8   0x00000014   Code   RO          773    i.HAL_PCD_DataOutStageCallback  usbd_conf.o
    0x08001adc   0x08001adc   0x0000004a   Code   RO         1028    i.HAL_PCD_EP_Close  stm32f1xx_hal_pcd.o
    0x08001b26   0x08001b26   0x0000005a   Code   RO         1029    i.HAL_PCD_EP_ClrStall  stm32f1xx_hal_pcd.o
    0x08001b80   0x08001b80   0x000000e6   Code   RO         1030    i.HAL_PCD_EP_DB_Receive  stm32f1xx_hal_pcd.o
    0x08001c66   0x08001c66   0x00000338   Code   RO         1031    i.HAL_PCD_EP_DB_Transmit  stm32f1xx_hal_pcd.o
    0x08001f9e   0x08001f9e   0x00000012   Code   RO         1033    i.HAL_PCD_EP_GetRxCount  stm32f1xx_hal_pcd.o
    0x08001fb0   0x08001fb0   0x00000058   Code   RO         1034    i.HAL_PCD_EP_Open   stm32f1xx_hal_pcd.o
    0x08002008   0x08002008   0x0000002e   Code   RO         1035    i.HAL_PCD_EP_Receive  stm32f1xx_hal_pcd.o
    0x08002036   0x08002036   0x00000070   Code   RO         1036    i.HAL_PCD_EP_SetStall  stm32f1xx_hal_pcd.o
    0x080020a6   0x080020a6   0x0000002e   Code   RO         1037    i.HAL_PCD_EP_Transmit  stm32f1xx_hal_pcd.o
    0x080020d4   0x080020d4   0x00000134   Code   RO         1039    i.HAL_PCD_IRQHandler  stm32f1xx_hal_pcd.o
    0x08002208   0x08002208   0x000000ba   Code   RO         1042    i.HAL_PCD_Init      stm32f1xx_hal_pcd.o
    0x080022c2   0x080022c2   0x00000002   PAD
    0x080022c4   0x080022c4   0x0000003c   Code   RO          778    i.HAL_PCD_MspInit   usbd_conf.o
    0x08002300   0x08002300   0x00000026   Code   RO          779    i.HAL_PCD_ResetCallback  usbd_conf.o
    0x08002326   0x08002326   0x00000008   Code   RO          780    i.HAL_PCD_ResumeCallback  usbd_conf.o
    0x0800232e   0x0800232e   0x00000008   Code   RO          781    i.HAL_PCD_SOFCallback  usbd_conf.o
    0x08002336   0x08002336   0x00000026   Code   RO         1048    i.HAL_PCD_SetAddress  stm32f1xx_hal_pcd.o
    0x0800235c   0x0800235c   0x0000000e   Code   RO          782    i.HAL_PCD_SetupStageCallback  usbd_conf.o
    0x0800236a   0x0800236a   0x00000032   Code   RO         1050    i.HAL_PCD_Start     stm32f1xx_hal_pcd.o
    0x0800239c   0x0800239c   0x00000024   Code   RO          783    i.HAL_PCD_SuspendCallback  usbd_conf.o
    0x080023c0   0x080023c0   0x000000ec   Code   RO         1762    i.HAL_RCCEx_PeriphCLKConfig  stm32f1xx_hal_rcc_ex.o
    0x080024ac   0x080024ac   0x0000012c   Code   RO         1658    i.HAL_RCC_ClockConfig  stm32f1xx_hal_rcc.o
    0x080025d8   0x080025d8   0x00000020   Code   RO         1665    i.HAL_RCC_GetPCLK1Freq  stm32f1xx_hal_rcc.o
    0x080025f8   0x080025f8   0x0000004c   Code   RO         1667    i.HAL_RCC_GetSysClockFreq  stm32f1xx_hal_rcc.o
    0x08002644   0x08002644   0x00000320   Code   RO         1670    i.HAL_RCC_OscConfig  stm32f1xx_hal_rcc.o
    0x08002964   0x08002964   0x00000028   Code   RO         1971    i.HAL_SYSTICK_Config  stm32f1xx_hal_cortex.o
    0x0800298c   0x0800298c   0x00000002   Code   RO         3603    i.HAL_TIMEx_BreakCallback  stm32f1xx_hal_tim_ex.o
    0x0800298e   0x0800298e   0x00000002   Code   RO         3604    i.HAL_TIMEx_CommutCallback  stm32f1xx_hal_tim_ex.o
    0x08002990   0x08002990   0x00000068   Code   RO         3622    i.HAL_TIMEx_MasterConfigSynchronization  stm32f1xx_hal_tim_ex.o
    0x080029f8   0x080029f8   0x000000a4   Code   RO         2920    i.HAL_TIM_Encoder_Init  stm32f1xx_hal_tim.o
    0x08002a9c   0x08002a9c   0x00000060   Code   RO          399    i.HAL_TIM_Encoder_MspInit  tim.o
    0x08002afc   0x08002afc   0x0000008e   Code   RO         2923    i.HAL_TIM_Encoder_Start  stm32f1xx_hal_tim.o
    0x08002b8a   0x08002b8a   0x00000002   Code   RO         2933    i.HAL_TIM_IC_CaptureCallback  stm32f1xx_hal_tim.o
    0x08002b8c   0x08002b8c   0x00000130   Code   RO         2947    i.HAL_TIM_IRQHandler  stm32f1xx_hal_tim.o
    0x08002cbc   0x08002cbc   0x00000002   Code   RO         2950    i.HAL_TIM_OC_DelayElapsedCallback  stm32f1xx_hal_tim.o
    0x08002cbe   0x08002cbe   0x00000002   Code   RO         2977    i.HAL_TIM_PWM_PulseFinishedCallback  stm32f1xx_hal_tim.o
    0x08002cc0   0x08002cc0   0x0000002c   Code   RO          400    i.HAL_TIM_PeriodElapsedCallback  tim.o
    0x08002cec   0x08002cec   0x00000002   Code   RO         2990    i.HAL_TIM_TriggerCallback  stm32f1xx_hal_tim.o
    0x08002cee   0x08002cee   0x00000002   Code   RO          480    i.HardFault_Handler  stm32f1xx_it.o
    0x08002cf0   0x08002cf0   0x0000002e   Code   RO         2514    i.I2C_IsAcknowledgeFailed  stm32f1xx_hal_i2c.o
    0x08002d1e   0x08002d1e   0x00000002   PAD
    0x08002d20   0x08002d20   0x000000a8   Code   RO         2525    i.I2C_RequestMemoryWrite  stm32f1xx_hal_i2c.o
    0x08002dc8   0x08002dc8   0x00000056   Code   RO         2529    i.I2C_WaitOnBTFFlagUntilTimeout  stm32f1xx_hal_i2c.o
    0x08002e1e   0x08002e1e   0x00000002   PAD
    0x08002e20   0x08002e20   0x00000090   Code   RO         2530    i.I2C_WaitOnFlagUntilTimeout  stm32f1xx_hal_i2c.o
    0x08002eb0   0x08002eb0   0x000000bc   Code   RO         2531    i.I2C_WaitOnMasterAddressFlagUntilTimeout  stm32f1xx_hal_i2c.o
    0x08002f6c   0x08002f6c   0x00000056   Code   RO         2533    i.I2C_WaitOnTXEFlagUntilTimeout  stm32f1xx_hal_i2c.o
    0x08002fc2   0x08002fc2   0x00000002   PAD
    0x08002fc4   0x08002fc4   0x00000038   Code   RO          614    i.IntToUnicode      usbd_desc.o
    0x08002ffc   0x08002ffc   0x0000002c   Code   RO          332    i.MX_DMA_Init       dma.o
    0x08003028   0x08003028   0x00000054   Code   RO          249    i.MX_FREERTOS_Init  freertos.o
    0x0800307c   0x0800307c   0x00000084   Code   RO          225    i.MX_GPIO_Init      gpio.o
    0x08003100   0x08003100   0x00000040   Code   RO          358    i.MX_I2C1_Init      i2c.o
    0x08003140   0x08003140   0x00000070   Code   RO          401    i.MX_TIM2_Init      tim.o
    0x080031b0   0x080031b0   0x00000054   Code   RO          583    i.MX_USB_DEVICE_Init  usb_device.o
    0x08003204   0x08003204   0x00000002   Code   RO          481    i.MemManage_Handler  stm32f1xx_it.o
    0x08003206   0x08003206   0x00000002   Code   RO          482    i.NMI_Handler       stm32f1xx_it.o
    0x08003208   0x08003208   0x00000038   Code   RO         4279    i.OLED_Fill         oled.o
    0x08003240   0x08003240   0x000000ac   Code   RO         4280    i.OLED_Init         oled.o
    0x080032ec   0x080032ec   0x00000026   Code   RO         4284    i.OLED_SetPos       oled.o
    0x08003312   0x08003312   0x00000002   PAD
    0x08003314   0x08003314   0x000000d8   Code   RO         4287    i.OLED_ShowStr      oled.o
    0x080033ec   0x080033ec   0x000003a6   Code   RO         1054    i.PCD_EP_ISR_Handler  stm32f1xx_hal_pcd.o
    0x08003792   0x08003792   0x00000002   PAD
    0x08003794   0x08003794   0x000000d4   Code   RO          250    i.StartTask_LOGI    freertos.o
    0x08003868   0x08003868   0x00000154   Code   RO          251    i.StartTask_OLED    freertos.o
    0x080039bc   0x080039bc   0x0000000c   Code   RO          252    i.StartTask_USB_CDC  freertos.o
    0x080039c8   0x080039c8   0x00000018   Code   RO          483    i.SysTick_Handler   stm32f1xx_it.o
    0x080039e0   0x080039e0   0x00000076   Code   RO           14    i.SystemClock_Config  main.o
    0x08003a56   0x08003a56   0x00000002   Code   RO         3871    i.SystemInit        system_stm32f1xx.o
    0x08003a58   0x08003a58   0x0000000c   Code   RO          484    i.TIM2_IRQHandler   stm32f1xx_it.o
    0x08003a64   0x08003a64   0x00000078   Code   RO         2992    i.TIM_Base_SetConfig  stm32f1xx_hal_tim.o
    0x08003adc   0x08003adc   0x0000001a   Code   RO         2993    i.TIM_CCxChannelCmd  stm32f1xx_hal_tim.o
    0x08003af6   0x08003af6   0x00000046   Code   RO         4171    i.USBD_CDC_DataIn   usbd_cdc.o
    0x08003b3c   0x08003b3c   0x0000002e   Code   RO         4172    i.USBD_CDC_DataOut  usbd_cdc.o
    0x08003b6a   0x08003b6a   0x00000044   Code   RO         4173    i.USBD_CDC_DeInit   usbd_cdc.o
    0x08003bae   0x08003bae   0x00000024   Code   RO         4174    i.USBD_CDC_EP0_RxReady  usbd_cdc.o
    0x08003bd2   0x08003bd2   0x00000002   PAD
    0x08003bd4   0x08003bd4   0x0000000c   Code   RO         4175    i.USBD_CDC_GetDeviceQualifierDescriptor  usbd_cdc.o
    0x08003be0   0x08003be0   0x0000000c   Code   RO         4176    i.USBD_CDC_GetFSCfgDesc  usbd_cdc.o
    0x08003bec   0x08003bec   0x0000000c   Code   RO         4177    i.USBD_CDC_GetHSCfgDesc  usbd_cdc.o
    0x08003bf8   0x08003bf8   0x0000000c   Code   RO         4178    i.USBD_CDC_GetOtherSpeedCfgDesc  usbd_cdc.o
    0x08003c04   0x08003c04   0x00000094   Code   RO         4179    i.USBD_CDC_Init     usbd_cdc.o
    0x08003c98   0x08003c98   0x00000028   Code   RO         4180    i.USBD_CDC_ReceivePacket  usbd_cdc.o
    0x08003cc0   0x08003cc0   0x00000010   Code   RO         4181    i.USBD_CDC_RegisterInterface  usbd_cdc.o
    0x08003cd0   0x08003cd0   0x0000000c   Code   RO         4182    i.USBD_CDC_SetRxBuffer  usbd_cdc.o
    0x08003cdc   0x08003cdc   0x00000010   Code   RO         4183    i.USBD_CDC_SetTxBuffer  usbd_cdc.o
    0x08003cec   0x08003cec   0x000000ac   Code   RO         4184    i.USBD_CDC_Setup    usbd_cdc.o
    0x08003d98   0x08003d98   0x00000036   Code   RO         4185    i.USBD_CDC_TransmitPacket  usbd_cdc.o
    0x08003dce   0x08003dce   0x0000000e   Code   RO         3908    i.USBD_ClrClassConfig  usbd_core.o
    0x08003ddc   0x08003ddc   0x00000010   Code   RO         4111    i.USBD_CtlContinueRx  usbd_ioreq.o
    0x08003dec   0x08003dec   0x00000010   Code   RO         4112    i.USBD_CtlContinueSendData  usbd_ioreq.o
    0x08003dfc   0x08003dfc   0x00000016   Code   RO         4046    i.USBD_CtlError     usbd_ctlreq.o
    0x08003e12   0x08003e12   0x0000001e   Code   RO         4113    i.USBD_CtlPrepareRx  usbd_ioreq.o
    0x08003e30   0x08003e30   0x00000016   Code   RO         4114    i.USBD_CtlReceiveStatus  usbd_ioreq.o
    0x08003e46   0x08003e46   0x0000001a   Code   RO         4115    i.USBD_CtlSendData  usbd_ioreq.o
    0x08003e60   0x08003e60   0x00000016   Code   RO         4116    i.USBD_CtlSendStatus  usbd_ioreq.o
    0x08003e76   0x08003e76   0x00000002   PAD
    0x08003e78   0x08003e78   0x00000020   Code   RO          615    i.USBD_FS_ConfigStrDescriptor  usbd_desc.o
    0x08003e98   0x08003e98   0x0000000c   Code   RO          616    i.USBD_FS_DeviceDescriptor  usbd_desc.o
    0x08003ea4   0x08003ea4   0x00000024   Code   RO          617    i.USBD_FS_InterfaceStrDescriptor  usbd_desc.o
    0x08003ec8   0x08003ec8   0x0000000c   Code   RO          618    i.USBD_FS_LangIDStrDescriptor  usbd_desc.o
    0x08003ed4   0x08003ed4   0x00000028   Code   RO          619    i.USBD_FS_ManufacturerStrDescriptor  usbd_desc.o
    0x08003efc   0x08003efc   0x0000002c   Code   RO          620    i.USBD_FS_ProductStrDescriptor  usbd_desc.o
    0x08003f28   0x08003f28   0x00000038   Code   RO          621    i.USBD_FS_SerialStrDescriptor  usbd_desc.o
    0x08003f60   0x08003f60   0x000000e8   Code   RO         4047    i.USBD_GetDescriptor  usbd_ctlreq.o
    0x08004048   0x08004048   0x00000048   Code   RO         4048    i.USBD_GetString    usbd_ctlreq.o
    0x08004090   0x08004090   0x00000018   Code   RO          784    i.USBD_Get_USB_Status  usbd_conf.o
    0x080040a8   0x080040a8   0x0000002a   Code   RO         3910    i.USBD_Init         usbd_core.o
    0x080040d2   0x080040d2   0x00000012   Code   RO          785    i.USBD_LL_ClearStallEP  usbd_conf.o
    0x080040e4   0x080040e4   0x00000012   Code   RO          786    i.USBD_LL_CloseEP   usbd_conf.o
    0x080040f6   0x080040f6   0x000000c6   Code   RO         3911    i.USBD_LL_DataInStage  usbd_core.o
    0x080041bc   0x080041bc   0x00000082   Code   RO         3912    i.USBD_LL_DataOutStage  usbd_core.o
    0x0800423e   0x0800423e   0x00000008   Code   RO          790    i.USBD_LL_GetRxDataSize  usbd_conf.o
    0x08004246   0x08004246   0x00000002   PAD
    0x08004248   0x08004248   0x00000080   Code   RO          791    i.USBD_LL_Init      usbd_conf.o
    0x080042c8   0x080042c8   0x0000001e   Code   RO          792    i.USBD_LL_IsStallEP  usbd_conf.o
    0x080042e6   0x080042e6   0x00000018   Code   RO          793    i.USBD_LL_OpenEP    usbd_conf.o
    0x080042fe   0x080042fe   0x00000012   Code   RO          794    i.USBD_LL_PrepareReceive  usbd_conf.o
    0x08004310   0x08004310   0x00000050   Code   RO         3917    i.USBD_LL_Reset     usbd_core.o
    0x08004360   0x08004360   0x00000014   Code   RO         3918    i.USBD_LL_Resume    usbd_core.o
    0x08004374   0x08004374   0x00000018   Code   RO         3919    i.USBD_LL_SOF       usbd_core.o
    0x0800438c   0x0800438c   0x00000006   Code   RO         3920    i.USBD_LL_SetSpeed  usbd_core.o
    0x08004392   0x08004392   0x00000012   Code   RO          795    i.USBD_LL_SetUSBAddress  usbd_conf.o
    0x080043a4   0x080043a4   0x0000005a   Code   RO         3921    i.USBD_LL_SetupStage  usbd_core.o
    0x080043fe   0x080043fe   0x00000012   Code   RO          796    i.USBD_LL_StallEP   usbd_conf.o
    0x08004410   0x08004410   0x00000012   Code   RO          797    i.USBD_LL_Start     usbd_conf.o
    0x08004422   0x08004422   0x00000012   Code   RO         3922    i.USBD_LL_Suspend   usbd_core.o
    0x08004434   0x08004434   0x00000012   Code   RO          799    i.USBD_LL_Transmit  usbd_conf.o
    0x08004446   0x08004446   0x00000028   Code   RO         4049    i.USBD_ParseSetupRequest  usbd_ctlreq.o
    0x0800446e   0x0800446e   0x00000010   Code   RO         3923    i.USBD_RegisterClass  usbd_core.o
    0x0800447e   0x0800447e   0x00000016   Code   RO         3925    i.USBD_SetClassConfig  usbd_core.o
    0x08004494   0x08004494   0x00000084   Code   RO         4050    i.USBD_SetConfig    usbd_ctlreq.o
    0x08004518   0x08004518   0x0000000a   Code   RO         3926    i.USBD_Start        usbd_core.o
    0x08004522   0x08004522   0x00000112   Code   RO         4051    i.USBD_StdDevReq    usbd_ctlreq.o
    0x08004634   0x08004634   0x00000150   Code   RO         4052    i.USBD_StdEPReq     usbd_ctlreq.o
    0x08004784   0x08004784   0x0000004e   Code   RO         4053    i.USBD_StdItfReq    usbd_ctlreq.o
    0x080047d2   0x080047d2   0x00000002   Code   RO          800    i.USBD_static_free  usbd_conf.o
    0x080047d4   0x080047d4   0x00000008   Code   RO          801    i.USBD_static_malloc  usbd_conf.o
    0x080047dc   0x080047dc   0x0000029c   Code   RO         1297    i.USB_ActivateEndpoint  stm32f1xx_ll_usb.o
    0x08004a78   0x08004a78   0x00000004   Code   RO         1300    i.USB_CoreInit      stm32f1xx_ll_usb.o
    0x08004a7c   0x08004a7c   0x0000010e   Code   RO         1302    i.USB_DeactivateEndpoint  stm32f1xx_ll_usb.o
    0x08004b8a   0x08004b8a   0x00000004   Code   RO         1303    i.USB_DevConnect    stm32f1xx_ll_usb.o
    0x08004b8e   0x08004b8e   0x00000004   Code   RO         1304    i.USB_DevDisconnect  stm32f1xx_ll_usb.o
    0x08004b92   0x08004b92   0x00000012   Code   RO         1305    i.USB_DevInit       stm32f1xx_ll_usb.o
    0x08004ba4   0x08004ba4   0x0000000e   Code   RO         1306    i.USB_DisableGlobalInt  stm32f1xx_ll_usb.o
    0x08004bb2   0x08004bb2   0x00000004   Code   RO         1307    i.USB_EP0_OutStart  stm32f1xx_ll_usb.o
    0x08004bb6   0x08004bb6   0x00000078   Code   RO         1308    i.USB_EPClearStall  stm32f1xx_ll_usb.o
    0x08004c2e   0x08004c2e   0x00000032   Code   RO         1309    i.USB_EPSetStall    stm32f1xx_ll_usb.o
    0x08004c60   0x08004c60   0x000004e2   Code   RO         1310    i.USB_EPStartXfer   stm32f1xx_ll_usb.o
    0x08005142   0x08005142   0x00000012   Code   RO         1312    i.USB_EnableGlobalInt  stm32f1xx_ll_usb.o
    0x08005154   0x08005154   0x0000000c   Code   RO          485    i.USB_LP_CAN1_RX0_IRQHandler  stm32f1xx_it.o
    0x08005160   0x08005160   0x00000006   Code   RO         1319    i.USB_ReadInterrupts  stm32f1xx_ll_usb.o
    0x08005166   0x08005166   0x00000002   PAD
    0x08005168   0x08005168   0x0000002c   Code   RO         1320    i.USB_ReadPMA       stm32f1xx_ll_usb.o
    0x08005194   0x08005194   0x00000004   Code   RO         1321    i.USB_SetCurrentMode  stm32f1xx_ll_usb.o
    0x08005198   0x08005198   0x0000000c   Code   RO         1322    i.USB_SetDevAddress  stm32f1xx_ll_usb.o
    0x080051a4   0x080051a4   0x00000026   Code   RO         1324    i.USB_WritePMA      stm32f1xx_ll_usb.o
    0x080051ca   0x080051ca   0x00000002   Code   RO          486    i.UsageFault_Handler  stm32f1xx_it.o
    0x080051cc   0x080051cc   0x00000024   Code   RO         4288    i.WriteCmd          oled.o
    0x080051f0   0x080051f0   0x00000024   Code   RO         4289    i.WriteDat          oled.o
    0x08005214   0x08005214   0x00000028   Code   RO         5925    i.__0sprintf        mc_w.l(printfa.o)
    0x0800523c   0x0800523c   0x00000020   Code   RO         1973    i.__NVIC_SetPriority  stm32f1xx_hal_cortex.o
    0x0800525c   0x0800525c   0x0000000e   Code   RO         6030    i.__scatterload_copy  mc_w.l(handlers.o)
    0x0800526a   0x0800526a   0x00000002   Code   RO         6031    i.__scatterload_null  mc_w.l(handlers.o)
    0x0800526c   0x0800526c   0x0000000e   Code   RO         6032    i.__scatterload_zeroinit  mc_w.l(handlers.o)
    0x0800527a   0x0800527a   0x00000002   PAD
    0x0800527c   0x0800527c   0x00000184   Code   RO         5930    i._fp_digits        mc_w.l(printfa.o)
    0x08005400   0x08005400   0x0000000e   Code   RO         5955    i._is_digit         mc_w.l(scanf_fp.o)
    0x0800540e   0x0800540e   0x00000002   PAD
    0x08005410   0x08005410   0x000006b4   Code   RO         5931    i._printf_core      mc_w.l(printfa.o)
    0x08005ac4   0x08005ac4   0x00000024   Code   RO         5932    i._printf_post_padding  mc_w.l(printfa.o)
    0x08005ae8   0x08005ae8   0x0000002e   Code   RO         5933    i._printf_pre_padding  mc_w.l(printfa.o)
    0x08005b16   0x08005b16   0x0000000a   Code   RO         5935    i._sputc            mc_w.l(printfa.o)
    0x08005b20   0x08005b20   0x00000018   Code   RO          402    i.clear_Encoder     tim.o
    0x08005b38   0x08005b38   0x00000058   Code   RO          403    i.get_Distance      tim.o
    0x08005b90   0x08005b90   0x0000000c   Code   RO          404    i.get_Encoder       tim.o
    0x08005b9c   0x08005b9c   0x0000005c   Code   RO          405    i.get_Equation      tim.o
    0x08005bf8   0x08005bf8   0x00000040   Code   RO           15    i.main              main.o
    0x08005c38   0x08005c38   0x0000000c   Code   RO         5164    i.makeFreeRtosPriority  cmsis_os.o
    0x08005c44   0x08005c44   0x0000000e   Code   RO         5166    i.osDelay           cmsis_os.o
    0x08005c52   0x08005c52   0x0000000a   Code   RO         5169    i.osKernelStart     cmsis_os.o
    0x08005c5c   0x08005c5c   0x00000054   Code   RO         5203    i.osThreadCreate    cmsis_os.o
    0x08005cb0   0x08005cb0   0x00000070   Code   RO         4846    i.prvAddCurrentTaskToDelayedList  tasks.o
    0x08005d20   0x08005d20   0x000000d0   Code   RO         4847    i.prvAddNewTaskToReadyList  tasks.o
    0x08005df0   0x08005df0   0x00000034   Code   RO         4848    i.prvDeleteTCB      tasks.o
    0x08005e24   0x08005e24   0x0000004c   Code   RO         5531    i.prvHeapInit       heap_4.o
    0x08005e70   0x08005e70   0x00000060   Code   RO         4849    i.prvIdleTask       tasks.o
    0x08005ed0   0x08005ed0   0x00000098   Code   RO         4850    i.prvInitialiseNewTask  tasks.o
    0x08005f68   0x08005f68   0x0000004c   Code   RO         5532    i.prvInsertBlockIntoFreeList  heap_4.o
    0x08005fb4   0x08005fb4   0x00000020   Code   RO         4851    i.prvResetNextTaskUnblockTime  tasks.o
    0x08005fd4   0x08005fd4   0x00000028   Code   RO         5599    i.prvTaskExitError  port.o
    0x08005ffc   0x08005ffc   0x000000dc   Code   RO         5533    i.pvPortMalloc      heap_4.o
    0x080060d8   0x080060d8   0x00000024   Code   RO         5600    i.pxPortInitialiseStack  port.o
    0x080060fc   0x080060fc   0x00000030   Code   RO          707    i.send_usb_to_data  usbd_cdc_if.o
    0x0800612c   0x0800612c   0x00000038   Code   RO          406    i.set_Equation      tim.o
    0x08006164   0x08006164   0x00000026   Code   RO         4482    i.uxListRemove      list.o
    0x0800618a   0x0800618a   0x00000002   PAD
    0x0800618c   0x0800618c   0x00000014   Code   RO          253    i.vApplicationGetIdleTaskMemory  freertos.o
    0x080061a0   0x080061a0   0x00000016   Code   RO         4483    i.vListInitialise   list.o
    0x080061b6   0x080061b6   0x00000006   Code   RO         4484    i.vListInitialiseItem  list.o
    0x080061bc   0x080061bc   0x00000030   Code   RO         4485    i.vListInsert       list.o
    0x080061ec   0x080061ec   0x00000018   Code   RO         4486    i.vListInsertEnd    list.o
    0x08006204   0x08006204   0x00000040   Code   RO         5602    i.vPortEnterCritical  port.o
    0x08006244   0x08006244   0x00000028   Code   RO         5603    i.vPortExitCritical  port.o
    0x0800626c   0x0800626c   0x00000064   Code   RO         5534    i.vPortFree         heap_4.o
    0x080062d0   0x080062d0   0x00000024   Code   RO         5604    i.vPortSetupTimerInterrupt  port.o
    0x080062f4   0x080062f4   0x0000004c   Code   RO         4860    i.vTaskDelay        tasks.o
    0x08006340   0x08006340   0x0000006c   Code   RO         4873    i.vTaskStartScheduler  tasks.o
    0x080063ac   0x080063ac   0x00000010   Code   RO         4875    i.vTaskSuspendAll   tasks.o
    0x080063bc   0x080063bc   0x0000005c   Code   RO         4876    i.vTaskSwitchContext  tasks.o
    0x08006418   0x08006418   0x000000a8   Code   RO         5606    i.xPortStartScheduler  port.o
    0x080064c0   0x080064c0   0x0000002c   Code   RO         5607    i.xPortSysTickHandler  port.o
    0x080064ec   0x080064ec   0x0000005a   Code   RO         4879    i.xTaskCreate       tasks.o
    0x08006546   0x08006546   0x00000056   Code   RO         4880    i.xTaskCreateStatic  tasks.o
    0x0800659c   0x0800659c   0x0000001c   Code   RO         4884    i.xTaskGetSchedulerState  tasks.o
    0x080065b8   0x080065b8   0x000000cc   Code   RO         4887    i.xTaskIncrementTick  tasks.o
    0x08006684   0x08006684   0x000000c4   Code   RO         4893    i.xTaskResumeAll    tasks.o
    0x08006748   0x08006748   0x0000005c   Data   RO          255    .constdata          freertos.o
    0x080067a4   0x080067a4   0x00000012   Data   RO         1671    .constdata          stm32f1xx_hal_rcc.o
    0x080067b6   0x080067b6   0x00000010   Data   RO         3872    .constdata          system_stm32f1xx.o
    0x080067c6   0x080067c6   0x00000008   Data   RO         3873    .constdata          system_stm32f1xx.o
    0x080067ce   0x080067ce   0x00000818   Data   RO         4291    .constdata          oled.o
    0x08006fe6   0x08006fe6   0x00000040   Data   RO         6026    .constdata          mc_w.l(ctype_c.o)
    0x08007026   0x08007026   0x00000002   PAD
    0x08007028   0x08007028   0x0000001d   Data   RO          256    .conststring        freertos.o
    0x08007045   0x08007045   0x00000003   PAD
    0x08007048   0x08007048   0x00000020   Data   RO         6028    Region$$Table       anon$$obj.o


    Execution Region RW_IRAM1 (Exec base: 0x20000000, Load base: 0x08007068, Size: 0x00002830, Max: 0x00005000, ABSOLUTE, COMPRESSED[0x000000d4])

    Exec Addr    Load Addr    Size         Type   Attr      Idx    E Section Name        Object

    0x20000000   COMPRESSED   0x0000000c   Data   RW          257    .data               freertos.o
    0x2000000c   COMPRESSED   0x00000014   Data   RW          408    .data               tim.o
    0x20000020   COMPRESSED   0x0000001c   Data   RW          623    .data               usbd_desc.o
    0x2000003c   COMPRESSED   0x00000032   Data   RW          624    .data               usbd_desc.o
    0x2000006e   COMPRESSED   0x00000002   PAD
    0x20000070   COMPRESSED   0x00000010   Data   RW          709    .data               usbd_cdc_if.o
    0x20000080   COMPRESSED   0x0000000c   Data   RW         1508    .data               stm32f1xx_hal.o
    0x2000008c   COMPRESSED   0x00000004   Data   RW         3874    .data               system_stm32f1xx.o
    0x20000090   COMPRESSED   0x00000001   Data   RW         4054    .data               usbd_ctlreq.o
    0x20000091   COMPRESSED   0x00000003   PAD
    0x20000094   COMPRESSED   0x000000d7   Data   RW         4186    .data               usbd_cdc.o
    0x2000016b   COMPRESSED   0x00000001   PAD
    0x2000016c   COMPRESSED   0x00000038   Data   RW         4187    .data               usbd_cdc.o
    0x200001a4   COMPRESSED   0x0000003c   Data   RW         4896    .data               tasks.o
    0x200001e0   COMPRESSED   0x00000020   Data   RW         5540    .data               heap_4.o
    0x20000200   COMPRESSED   0x0000000c   Data   RW         5608    .data               port.o
    0x2000020c        -       0x00000254   Zero   RW          254    .bss                freertos.o
    0x20000460        -       0x00000098   Zero   RW          359    .bss                i2c.o
    0x200004f8        -       0x00000048   Zero   RW          407    .bss                tim.o
    0x20000540        -       0x000002c4   Zero   RW          584    .bss                usb_device.o
    0x20000804        -       0x00000200   Zero   RW          622    .bss                usbd_desc.o
    0x20000a04        -       0x00000840   Zero   RW          708    .bss                usbd_cdc_if.o
    0x20001244        -       0x000004f8   Zero   RW          802    .bss                usbd_conf.o
    0x2000173c        -       0x000000f0   Zero   RW         4895    .bss                tasks.o
    0x2000182c        -       0x00000c00   Zero   RW         5539    .bss                heap_4.o
    0x2000242c   COMPRESSED   0x00000004   PAD
    0x20002430        -       0x00000400   Zero   RW            1    STACK               startup_stm32f103xb.o


==============================================================================

Image component sizes


      Code (inc. data)   RO Data    RW Data    ZI Data      Debug   Object Name

       120          0          0          0          0      23005   cmsis_os.o
        44          4          0          0          0        686   dma.o
         0          0          0          0          0      16896   event_groups.o
       668         92        121         12        596       5366   freertos.o
       132         10          0          0          0        855   gpio.o
       472         24          0         32       3072       7083   heap_4.o
       208         34          0          0        152       1594   i2c.o
       138          0          0          0          0       3186   list.o
       186          4          0          0          0     476900   main.o
       554         16       2072          0          0       4028   oled.o
       578         60          0         12          0       9868   port.o
        36          8        236          0       1024        768   startup_stm32f103xb.o
       164         28          0         12          0       5621   stm32f1xx_hal.o
       198         14          0          0          0      28731   stm32f1xx_hal_cortex.o
       432         32          0          0          0       1892   stm32f1xx_hal_dma.o
       500         34          0          0          0       3375   stm32f1xx_hal_gpio.o
      1414         32          0          0          0       9075   stm32f1xx_hal_i2c.o
        72         10          0          0          0        802   stm32f1xx_hal_msp.o
      3044          0          0          0          0      13725   stm32f1xx_hal_pcd.o
        60          0          0          0          0       1102   stm32f1xx_hal_pcd_ex.o
      1208         72         18          0          0       4373   stm32f1xx_hal_rcc.o
       236         12          0          0          0       1316   stm32f1xx_hal_rcc_ex.o
       764         12          0          0          0       7432   stm32f1xx_hal_tim.o
       108         12          0          0          0       2261   stm32f1xx_hal_tim_ex.o
        72         18          0          0          0       4073   stm32f1xx_it.o
      2528          0          0          0          0      15491   stm32f1xx_ll_usb.o
         0          0          0          0          0        392   stream_buffer.o
         2          0         24          4          0       1011   system_stm32f1xx.o
      1548        118          0         60        240      19051   tasks.o
       524         96          0         20         72       4608   tim.o
        84         18          0          0        708        724   usb_device.o
       726         16          0        271          0      12402   usbd_cdc.o
       168         26          0         16       2112       3804   usbd_cdc_if.o
       554         30          0          0       1272      13337   usbd_conf.o
       670          0          0          0          0       8971   usbd_core.o
      1186         28          0          1          0       7600   usbd_ctlreq.o
       288        104          0         78        512       5577   usbd_desc.o
       132          0          0          0          0       4080   usbd_ioreq.o

    ----------------------------------------------------------------------
     19846        964       2506        524       9764     731061   Object Totals
         0          0         32          0          0          0   (incl. Generated)
        28          0          3          6          4          0   (incl. Padding)

    ----------------------------------------------------------------------

      Code (inc. data)   RO Data    RW Data    ZI Data      Debug   Library Member Name

        56          8          0          0          0         84   __0sscanf.o
        86          0          0          0          0          0   __dczerorl2.o
       816          6          0          0          0        112   _scanf.o
        64          0          0          0          0         84   _sgetc.o
        40          6         64          0          0         68   ctype_c.o
         0          0          0          0          0          0   entry.o
         0          0          0          0          0          0   entry10a.o
         0          0          0          0          0          0   entry11a.o
         4          0          0          0          0          0   entry12b.o
         8          4          0          0          0          0   entry2.o
         4          0          0          0          0          0   entry5.o
         0          0          0          0          0          0   entry7b.o
         0          0          0          0          0          0   entry8b.o
         8          4          0          0          0          0   entry9a.o
        30          0          0          0          0          0   handlers.o
        36          8          0          0          0         68   init.o
        10          0          0          0          0         68   isspace_c.o
         0          0          0          0          0          0   iusefp.o
        30          0          0          0          0         68   llshl.o
        36          0          0          0          0         68   llsshr.o
        32          0          0          0          0         68   llushr.o
        36          0          0          0          0         68   memcpya.o
        36          0          0          0          0        108   memseta.o
      2236         86          0          0          0        532   printfa.o
        40          8          0          0          0         84   scanf_char.o
       878         12          0          0          0        216   scanf_fp.o
        14          0          0          0          0         68   strlen.o
        44          0          0          0          0         80   uidiv.o
        98          0          0          0          0         92   uldiv.o
        48          0          0          0          0         68   cdrcmple.o
        56          0          0          0          0         88   d2f.o
       334          0          0          0          0        148   dadd.o
       222          0          0          0          0        100   ddiv.o
       186          0          0          0          0        176   depilogue.o
        48          0          0          0          0         68   dfixul.o
        24          0          0          0          0         76   dfltul.o
       228          0          0          0          0         96   dmul.o
        38          0          0          0          0         68   f2d.o
       176          0          0          0          0        140   fadd.o
       124          0          0          0          0         88   fdiv.o
       110          0          0          0          0        168   fepilogue.o
        10          0          0          0          0         68   ffltui.o
       100          0          0          0          0         76   fmul.o

    ----------------------------------------------------------------------
      6358        142         66          0          0       3364   Library Totals
        12          0          2          0          0          0   (incl. Padding)

    ----------------------------------------------------------------------

      Code (inc. data)   RO Data    RW Data    ZI Data      Debug   Library Name

      4642        142         64          0          0       1936   mc_w.l
      1704          0          0          0          0       1428   mf_w.l

    ----------------------------------------------------------------------
      6358        142         66          0          0       3364   Library Totals

    ----------------------------------------------------------------------

==============================================================================


      Code (inc. data)   RO Data    RW Data    ZI Data      Debug   

     26204       1106       2572        524       9764     721241   Grand Totals
     26204       1106       2572        212       9764     721241   ELF Image Totals (compressed)
     26204       1106       2572        212          0          0   ROM Totals

==============================================================================

    Total RO  Size (Code + RO Data)                28776 (  28.10kB)
    Total RW  Size (RW Data + ZI Data)             10288 (  10.05kB)
    Total ROM Size (Code + RO Data + RW Data)      28988 (  28.31kB)

==============================================================================

