Component: ARM Compiler 5.06 update 7 (build 960) Tool: armlink [4d3601]

==============================================================================

Section Cross References

    startup_stm32f103xb.o(RESET) refers to startup_stm32f103xb.o(STACK) for __initial_sp
    startup_stm32f103xb.o(RESET) refers to startup_stm32f103xb.o(.text) for Reset_Handler
    startup_stm32f103xb.o(RESET) refers to stm32f1xx_it.o(i.NMI_Handler) for NMI_Handler
    startup_stm32f103xb.o(RESET) refers to stm32f1xx_it.o(i.HardFault_Handler) for HardFault_Handler
    startup_stm32f103xb.o(RESET) refers to stm32f1xx_it.o(i.MemManage_Handler) for MemManage_Handler
    startup_stm32f103xb.o(RESET) refers to stm32f1xx_it.o(i.BusFault_Handler) for BusFault_Handler
    startup_stm32f103xb.o(RESET) refers to stm32f1xx_it.o(i.UsageFault_Handler) for UsageFault_Handler
    startup_stm32f103xb.o(RESET) refers to port.o(.emb_text) for SVC_Handler
    startup_stm32f103xb.o(RESET) refers to stm32f1xx_it.o(i.DebugMon_Handler) for DebugMon_Handler
    startup_stm32f103xb.o(RESET) refers to stm32f1xx_it.o(i.SysTick_Handler) for SysTick_Handler
    startup_stm32f103xb.o(RESET) refers to stm32f1xx_it.o(i.DMA1_Channel6_IRQHandler) for DMA1_Channel6_IRQHandler
    startup_stm32f103xb.o(RESET) refers to stm32f1xx_it.o(i.USB_LP_CAN1_RX0_IRQHandler) for USB_LP_CAN1_RX0_IRQHandler
    startup_stm32f103xb.o(RESET) refers to stm32f1xx_it.o(i.TIM2_IRQHandler) for TIM2_IRQHandler
    startup_stm32f103xb.o(.text) refers to system_stm32f1xx.o(i.SystemInit) for SystemInit
    startup_stm32f103xb.o(.text) refers to entry.o(.ARM.Collect$$$$00000000) for __main
    main.o(i.SystemClock_Config) refers to memseta.o(.text) for __aeabi_memclr4
    main.o(i.SystemClock_Config) refers to stm32f1xx_hal_rcc.o(i.HAL_RCC_OscConfig) for HAL_RCC_OscConfig
    main.o(i.SystemClock_Config) refers to stm32f1xx_hal_rcc.o(i.HAL_RCC_ClockConfig) for HAL_RCC_ClockConfig
    main.o(i.SystemClock_Config) refers to stm32f1xx_hal_rcc_ex.o(i.HAL_RCCEx_PeriphCLKConfig) for HAL_RCCEx_PeriphCLKConfig
    main.o(i.main) refers to stm32f1xx_hal.o(i.HAL_Init) for HAL_Init
    main.o(i.main) refers to main.o(i.SystemClock_Config) for SystemClock_Config
    main.o(i.main) refers to gpio.o(i.MX_GPIO_Init) for MX_GPIO_Init
    main.o(i.main) refers to dma.o(i.MX_DMA_Init) for MX_DMA_Init
    main.o(i.main) refers to tim.o(i.MX_TIM2_Init) for MX_TIM2_Init
    main.o(i.main) refers to i2c.o(i.MX_I2C1_Init) for MX_I2C1_Init
    main.o(i.main) refers to stm32f1xx_hal_tim.o(i.HAL_TIM_Encoder_Start) for HAL_TIM_Encoder_Start
    main.o(i.main) refers to freertos.o(i.MX_FREERTOS_Init) for MX_FREERTOS_Init
    main.o(i.main) refers to cmsis_os.o(i.osKernelStart) for osKernelStart
    main.o(i.main) refers to stm32f1xx_hal.o(i.HAL_Delay) for HAL_Delay
    main.o(i.main) refers to tim.o(.bss) for htim2
    gpio.o(i.MX_GPIO_Init) refers to stm32f1xx_hal_gpio.o(i.HAL_GPIO_WritePin) for HAL_GPIO_WritePin
    gpio.o(i.MX_GPIO_Init) refers to stm32f1xx_hal_gpio.o(i.HAL_GPIO_Init) for HAL_GPIO_Init
    freertos.o(i.MX_FREERTOS_Init) refers to memcpya.o(.text) for __aeabi_memcpy4
    freertos.o(i.MX_FREERTOS_Init) refers to cmsis_os.o(i.osThreadCreate) for osThreadCreate
    freertos.o(i.MX_FREERTOS_Init) refers to freertos.o(.constdata) for .constdata
    freertos.o(i.MX_FREERTOS_Init) refers to freertos.o(.data) for .data
    freertos.o(i.StartTask_LOGI) refers to usb_device.o(i.MX_USB_DEVICE_Init) for MX_USB_DEVICE_Init
    freertos.o(i.StartTask_LOGI) refers to stm32f1xx_hal_gpio.o(i.HAL_GPIO_WritePin) for HAL_GPIO_WritePin
    freertos.o(i.StartTask_LOGI) refers to cmsis_os.o(i.osDelay) for osDelay
    freertos.o(i.StartTask_LOGI) refers to stm32f1xx_hal_gpio.o(i.HAL_GPIO_ReadPin) for HAL_GPIO_ReadPin
    freertos.o(i.StartTask_LOGI) refers to tim.o(i.clear_Encoder) for clear_Encoder
    freertos.o(i.StartTask_OLED) refers to cmsis_os.o(i.osDelay) for osDelay
    freertos.o(i.StartTask_OLED) refers to oled.o(i.OLED_Init) for OLED_Init
    freertos.o(i.StartTask_OLED) refers to oled.o(i.OLED_Fill) for OLED_Fill
    freertos.o(i.StartTask_OLED) refers to tim.o(i.clear_Encoder) for clear_Encoder
    freertos.o(i.StartTask_OLED) refers to at24c16.o(i.AT24C16_IsReady) for AT24C16_IsReady
    freertos.o(i.StartTask_OLED) refers to at24c16.o(i.Formula_Load) for Formula_Load
    freertos.o(i.StartTask_OLED) refers to at24c16.o(i.Formula_ResetDefault) for Formula_ResetDefault
    freertos.o(i.StartTask_OLED) refers to at24c16.o(i.get_Formula_a) for get_Formula_a
    freertos.o(i.StartTask_OLED) refers to tim.o(i.set_Equation_a) for set_Equation_a
    freertos.o(i.StartTask_OLED) refers to at24c16.o(i.get_Formula_b) for get_Formula_b
    freertos.o(i.StartTask_OLED) refers to tim.o(i.set_Equation_b) for set_Equation_b
    freertos.o(i.StartTask_OLED) refers to at24c16.o(i.get_Formula_c) for get_Formula_c
    freertos.o(i.StartTask_OLED) refers to tim.o(i.set_Equation_c) for set_Equation_c
[...]
    .constdata                               0x08006e90   Section       92  freertos.o(.constdata)
    .constdata                               0x08006eec   Section       18  stm32f1xx_hal_rcc.o(.constdata)
    aPredivFactorTable                       0x08006eec   Data           2  stm32f1xx_hal_rcc.o(.constdata)
    aPLLMULFactorTable                       0x08006eee   Data          16  stm32f1xx_hal_rcc.o(.constdata)
    .constdata                               0x08006efe   Section       16  system_stm32f1xx.o(.constdata)
    .constdata                               0x08006f0e   Section        8  system_stm32f1xx.o(.constdata)
    .constdata                               0x08006f16   Section     2072  oled.o(.constdata)
    .constdata                               0x0800772e   Section       64  ctype_c.o(.constdata)
    .conststring                             0x08007770   Section       29  freertos.o(.conststring)
    .data                                    0x20000000   Section       12  freertos.o(.data)
    .data                                    0x2000000c   Section       20  tim.o(.data)
    .data                                    0x20000020   Section       28  usbd_desc.o(.data)
    .data                                    0x2000003c   Section       50  usbd_desc.o(.data)
    .data                                    0x20000070   Section       16  usbd_cdc_if.o(.data)
    .data                                    0x20000080   Section       12  stm32f1xx_hal.o(.data)
    .data                                    0x2000008c   Section        4  system_stm32f1xx.o(.data)
    .data                                    0x20000090   Section        1  usbd_ctlreq.o(.data)
    cfgidx                                   0x20000090   Data           1  usbd_ctlreq.o(.data)
    .data                                    0x20000094   Section      215  usbd_cdc.o(.data)
    USBD_CDC_DeviceQualifierDesc             0x20000094   Data          10  usbd_cdc.o(.data)
    .data                                    0x2000016c   Section       56  usbd_cdc.o(.data)
    .data                                    0x200001a4   Section       16  at24c16.o(.data)
    .data                                    0x200001b4   Section       60  tasks.o(.data)
    uxDeletedTasksWaitingCleanUp             0x200001b8   Data           4  tasks.o(.data)
    uxCurrentNumberOfTasks                   0x200001bc   Data           4  tasks.o(.data)
    xTickCount                               0x200001c0   Data           4  tasks.o(.data)
    uxTopReadyPriority                       0x200001c4   Data           4  tasks.o(.data)
    xSchedulerRunning                        0x200001c8   Data           4  tasks.o(.data)
    xPendedTicks                             0x200001cc   Data           4  tasks.o(.data)
    xYieldPending                            0x200001d0   Data           4  tasks.o(.data)
    xNumOfOverflows                          0x200001d4   Data           4  tasks.o(.data)
    uxTaskNumber                             0x200001d8   Data           4  tasks.o(.data)
    xNextTaskUnblockTime                     0x200001dc   Data           4  tasks.o(.data)
    xIdleTaskHandle                          0x200001e0   Data           4  tasks.o(.data)
    uxSchedulerSuspended                     0x200001e4   Data           4  tasks.o(.data)
    pxDelayedTaskList                        0x200001e8   Data           4  tasks.o(.data)
    pxOverflowDelayedTaskList                0x200001ec   Data           4  tasks.o(.data)
    .data                                    0x200001f0   Section       32  heap_4.o(.data)
    pxEnd                                    0x200001f0   Data           4  heap_4.o(.data)
    xFreeBytesRemaining                      0x200001f4   Data           4  heap_4.o(.data)
    xMinimumEverFreeBytesRemaining           0x200001f8   Data           4  heap_4.o(.data)
    xNumberOfSuccessfulAllocations           0x200001fc   Data           4  heap_4.o(.data)
    xNumberOfSuccessfulFrees                 0x20000200   Data           4  heap_4.o(.data)
    xBlockAllocatedBit                       0x20000204   Data           4  heap_4.o(.data)
    xStart                                   0x20000208   Data           8  heap_4.o(.data)
    .data                                    0x20000210   Section       12  port.o(.data)
    ucMaxSysCallPriority                     0x20000210   Data           1  port.o(.data)
    uxCriticalNesting                        0x20000214   Data           4  port.o(.data)
    ulMaxPRIGROUPValue                       0x20000218   Data           4  port.o(.data)
    .bss                                     0x2000021c   Section      596  freertos.o(.bss)
    xIdleTaskTCBBuffer                       0x2000021c   Data          84  freertos.o(.bss)
    xIdleStack                               0x20000270   Data         512  freertos.o(.bss)
    .bss                                     0x20000470   Section      152  i2c.o(.bss)
    .bss                                     0x20000508   Section       72  tim.o(.bss)
    .bss                                     0x20000550   Section      708  usb_device.o(.bss)
    .bss                                     0x20000814   Section      512  usbd_desc.o(.bss)
    .bss                                     0x20000a14   Section     2112  usbd_cdc_if.o(.bss)
    .bss                                     0x20001254   Section     1272  usbd_conf.o(.bss)
    mem                                      0x20001254   Data         544  usbd_conf.o(.bss)
    .bss                                     0x2000174c   Section      240  tasks.o(.bss)
    pxReadyTasksLists                        0x2000174c   Data         140  tasks.o(.bss)
    xDelayedTaskList1                        0x200017d8   Data          20  tasks.o(.bss)
    xDelayedTaskList2                        0x200017ec   Data          20  tasks.o(.bss)
    xPendingReadyList                        0x20001800   Data          20  tasks.o(.bss)
    xTasksWaitingTermination                 0x20001814   Data          20  tasks.o(.bss)
    xSuspendedTaskList                       0x20001828   Data          20  tasks.o(.bss)
    .bss                                     0x2000183c   Section     3072  heap_4.o(.bss)
    ucHeap                                   0x2000183c   Data        3072  heap_4.o(.bss)
    STACK                                    0x20002440   Section     1024  startup_stm32f103xb.o(STACK)

    Global Symbols

    Symbol Name                              Value     Ov Type        Size  Object(Section)

    BuildAttributes$$THM_ISAv4$P$D$K$B$S$PE$A:L22UL41UL21$X:L11$S22US41US21$IEEE1$IW$USESV6$~STKCKD$USESV7$~SHL$OTIME$ROPI$EBA8$MICROLIB$REQ8$PRES8$EABIv2 0x00000000   Number         0  anon$$obj.o ABSOLUTE
    __ARM_use_no_argv                        0x00000000   Number         0  main.o ABSOLUTE
    _printf_a                                0x00000000   Number         0  stubs.o ABSOLUTE
    _printf_c                                0x00000000   Number         0  stubs.o ABSOLUTE
    _printf_charcount                        0x00000000   Number         0  stubs.o ABSOLUTE
    _printf_d                                0x00000000   Number         0  stubs.o ABSOLUTE
    _printf_e                                0x00000000   Number         0  stubs.o ABSOLUTE
    _printf_f                                0x00000000   Number         0  stubs.o ABSOLUTE
    _printf_flags                            0x00000000   Number         0  stubs.o ABSOLUTE
    _printf_fp_dec                           0x00000000   Number         0  stubs.o ABSOLUTE
    _printf_fp_hex                           0x00000000   Number         0  stubs.o ABSOLUTE
    _printf_g                                0x00000000   Number         0  stubs.o ABSOLUTE
    _printf_i                                0x00000000   Number         0  stubs.o ABSOLUTE
    _printf_int_dec                          0x00000000   Number         0  stubs.o ABSOLUTE
    _printf_l                                0x00000000   Number         0  stubs.o ABSOLUTE
    _printf_lc                               0x00000000   Number         0  stubs.o ABSOLUTE
    _printf_ll                               0x00000000   Number         0  stubs.o ABSOLUTE
    _printf_lld                              0x00000000   Number         0  stubs.o ABSOLUTE
    _printf_lli                              0x00000000   Number         0  stubs.o ABSOLUTE
    _printf_llo                              0x00000000   Number         0  stubs.o ABSOLUTE
    _printf_llu                              0x00000000   Number         0  stubs.o ABSOLUTE
    _printf_llx                              0x00000000   Number         0  stubs.o ABSOLUTE
    _printf_longlong_dec                     0x00000000   Number         0  stubs.o ABSOLUTE
    _printf_longlong_hex                     0x00000000   Number         0  stubs.o ABSOLUTE
    _printf_longlong_oct                     0x00000000   Number         0  stubs.o ABSOLUTE
    _printf_ls                               0x00000000   Number         0  stubs.o ABSOLUTE
    _printf_mbtowc                           0x00000000   Number         0  stubs.o ABSOLUTE
    _printf_n                                0x00000000   Number         0  stubs.o ABSOLUTE
    _printf_o                                0x00000000   Number         0  stubs.o ABSOLUTE
    _printf_p                                0x00000000   Number         0  stubs.o ABSOLUTE
    _printf_percent                          0x00000000   Number         0  stubs.o ABSOLUTE
    _printf_pre_padding                      0x00000000   Number         0  stubs.o ABSOLUTE
    _printf_return_value                     0x00000000   Number         0  stubs.o ABSOLUTE
    _printf_s                                0x00000000   Number         0  stubs.o ABSOLUTE
    _printf_sizespec                         0x00000000   Number         0  stubs.o ABSOLUTE
    _printf_str                              0x00000000   Number         0  stubs.o ABSOLUTE
    _printf_truncate_signed                  0x00000000   Number         0  stubs.o ABSOLUTE
    _printf_truncate_unsigned                0x00000000   Number         0  stubs.o ABSOLUTE
    _printf_u                                0x00000000   Number         0  stubs.o ABSOLUTE
    _printf_wc                               0x00000000   Number         0  stubs.o ABSOLUTE
    _printf_wctomb                           0x00000000   Number         0  stubs.o ABSOLUTE
    _printf_widthprec                        0x00000000   Number         0  stubs.o ABSOLUTE
    _printf_x                                0x00000000   Number         0  stubs.o ABSOLUTE
    __arm_fini_                               - Undefined Weak Reference
    __cpp_initialize__aeabi_                  - Undefined Weak Reference
    __cxa_finalize                            - Undefined Weak Reference
    _clock_init                               - Undefined Weak Reference
    _microlib_exit                            - Undefined Weak Reference
    _scanf_int                                - Undefined Weak Reference
    _scanf_longlong                           - Undefined Weak Reference
    _scanf_string                             - Undefined Weak Reference
    __Vectors_Size                           0x000000ec   Number         0  startup_stm32f103xb.o ABSOLUTE
    __Vectors                                0x08000000   Data           4  startup_stm32f103xb.o(RESET)
    __Vectors_End                            0x080000ec   Data           0  startup_stm32f103xb.o(RESET)
    __main                                   0x080000ed   Thumb Code     0  entry.o(.ARM.Collect$$$$00000000)
    _main_stk                                0x080000ed   Thumb Code     0  entry2.o(.ARM.Collect$$$$00000001)
    _main_scatterload                        0x080000f1   Thumb Code     0  entry5.o(.ARM.Collect$$$$00000004)
    __main_after_scatterload                 0x080000f5   Thumb Code     0  entry5.o(.ARM.Collect$$$$00000004)
    _main_clock                              0x080000f5   Thumb Code     0  entry7b.o(.ARM.Collect$$$$00000008)
    _main_cpp_init                           0x080000f5   Thumb Code     0  entry8b.o(.ARM.Collect$$$$0000000A)
    _main_init                               0x080000f5   Thumb Code     0  entry9a.o(.ARM.Collect$$$$0000000B)
    __rt_lib_shutdown_fini                   0x080000fd   Thumb Code     0  entry12b.o(.ARM.Collect$$$$0000000E)
    __rt_final_cpp                           0x08000101   Thumb Code     0  entry10a.o(.ARM.Collect$$$$0000000F)
    __rt_final_exit                          0x08000101   Thumb Code     0  entry11a.o(.ARM.Collect$$$$00000011)
    SVC_Handler                              0x08000105   Thumb Code    32  port.o(.emb_text)
    __asm___6_port_c_39a90d8d__prvStartFirstTask 0x08000129   Thumb Code    28  port.o(.emb_text)
    PendSV_Handler                           0x08000149   Thumb Code    72  port.o(.emb_text)
    vPortGetIPSR                             0x08000195   Thumb Code     6  port.o(.emb_text)
    Reset_Handler                            0x0800019d   Thumb Code     8  startup_stm32f103xb.o(.text)
    ADC1_2_IRQHandler                        0x080001b7   Thumb Code     0  startup_stm32f103xb.o(.text)
    CAN1_RX1_IRQHandler                      0x080001b7   Thumb Code     0  startup_stm32f103xb.o(.text)
    CAN1_SCE_IRQHandler                      0x080001b7   Thumb Code     0  startup_stm32f103xb.o(.text)
    DMA1_Channel1_IRQHandler                 0x080001b7   Thumb Code     0  startup_stm32f103xb.o(.text)
    DMA1_Channel2_IRQHandler                 0x080001b7   Thumb Code     0  startup_stm32f103xb.o(.text)
    DMA1_Channel3_IRQHandler                 0x080001b7   Thumb Code     0  startup_stm32f103xb.o(.text)
    DMA1_Channel4_IRQHandler                 0x080001b7   Thumb Code     0  startup_stm32f103xb.o(.text)
    DMA1_Channel5_IRQHandler                 0x080001b7   Thumb Code     0  startup_stm32f103xb.o(.text)
    DMA1_Channel7_IRQHandler                 0x080001b7   Thumb Code     0  startup_stm32f103xb.o(.text)
    EXTI0_IRQHandler                         0x080001b7   Thumb Code     0  startup_stm32f103xb.o(.text)
    EXTI15_10_IRQHandler                     0x080001b7   Thumb Code     0  startup_stm32f103xb.o(.text)
    EXTI1_IRQHandler                         0x080001b7   Thumb Code     0  startup_stm32f103xb.o(.text)
    EXTI2_IRQHandler                         0x080001b7   Thumb Code     0  startup_stm32f103xb.o(.text)
    EXTI3_IRQHandler                         0x080001b7   Thumb Code     0  startup_stm32f103xb.o(.text)
    EXTI4_IRQHandler                         0x080001b7   Thumb Code     0  startup_stm32f103xb.o(.text)
    EXTI9_5_IRQHandler                       0x080001b7   Thumb Code     0  startup_stm32f103xb.o(.text)
    FLASH_IRQHandler                         0x080001b7   Thumb Code     0  startup_stm32f103xb.o(.text)
    I2C1_ER_IRQHandler                       0x080001b7   Thumb Code     0  startup_stm32f103xb.o(.text)
    I2C1_EV_IRQHandler                       0x080001b7   Thumb Code     0  startup_stm32f103xb.o(.text)
    I2C2_ER_IRQHandler                       0x080001b7   Thumb Code     0  startup_stm32f103xb.o(.text)
    I2C2_EV_IRQHandler                       0x080001b7   Thumb Code     0  startup_stm32f103xb.o(.text)
    PVD_IRQHandler                           0x080001b7   Thumb Code     0  startup_stm32f103xb.o(.text)
    RCC_IRQHandler                           0x080001b7   Thumb Code     0  startup_stm32f103xb.o(.text)
    RTC_Alarm_IRQHandler                     0x080001b7   Thumb Code     0  startup_stm32f103xb.o(.text)
    RTC_IRQHandler                           0x080001b7   Thumb Code     0  startup_stm32f103xb.o(.text)
    SPI1_IRQHandler                          0x080001b7   Thumb Code     0  startup_stm32f103xb.o(.text)
    SPI2_IRQHandler                          0x080001b7   Thumb Code     0  startup_stm32f103xb.o(.text)
    TAMPER_IRQHandler                        0x080001b7   Thumb Code     0  startup_stm32f103xb.o(.text)
    TIM1_BRK_IRQHandler                      0x080001b7   Thumb Code     0  startup_stm32f103xb.o(.text)
    TIM1_CC_IRQHandler                       0x080001b7   Thumb Code     0  startup_stm32f103xb.o(.text)
    TIM1_TRG_COM_IRQHandler                  0x080001b7   Thumb Code     0  startup_stm32f103xb.o(.text)
    TIM1_UP_IRQHandler                       0x080001b7   Thumb Code     0  startup_stm32f103xb.o(.text)
    TIM3_IRQHandler                          0x080001b7   Thumb Code     0  startup_stm32f103xb.o(.text)
    TIM4_IRQHandler                          0x080001b7   Thumb Code     0  startup_stm32f103xb.o(.text)
    USART1_IRQHandler                        0x080001b7   Thumb Code     0  startup_stm32f103xb.o(.text)
    USART2_IRQHandler                        0x080001b7   Thumb Code     0  startup_stm32f103xb.o(.text)
    USART3_IRQHandler                        0x080001b7   Thumb Code     0  startup_stm32f103xb.o(.text)
    USBWakeUp_IRQHandler                     0x080001b7   Thumb Code     0  startup_stm32f103xb.o(.text)
    USB_HP_CAN1_TX_IRQHandler                0x080001b7   Thumb Code     0  startup_stm32f103xb.o(.text)
    WWDG_IRQHandler                          0x080001b7   Thumb Code     0  startup_stm32f103xb.o(.text)
    __aeabi_llsr                             0x080001c1   Thumb Code    32  llushr.o(.text)
    _ll_ushift_r                             0x080001c1   Thumb Code     0  llushr.o(.text)
    __aeabi_memcpy                           0x080001e1   Thumb Code    36  memcpya.o(.text)
    __aeabi_memcpy4                          0x080001e1   Thumb Code     0  memcpya.o(.text)
    __aeabi_memcpy8                          0x080001e1   Thumb Code     0  memcpya.o(.text)
    __aeabi_memset                           0x08000205   Thumb Code    14  memseta.o(.text)
    __aeabi_memset4                          0x08000205   Thumb Code     0  memseta.o(.text)
    __aeabi_memset8                          0x08000205   Thumb Code     0  memseta.o(.text)
    __aeabi_memclr                           0x08000213   Thumb Code     4  memseta.o(.text)
    __aeabi_memclr4                          0x08000213   Thumb Code     0  memseta.o(.text)
    __aeabi_memclr8                          0x08000213   Thumb Code     0  memseta.o(.text)
    memset                                   0x08000217   Thumb Code    18  memseta.o(.text)
    strlen                                   0x08000229   Thumb Code    14  strlen.o(.text)
    __0sscanf                                0x08000239   Thumb Code    48  __0sscanf.o(.text)
    _scanf_real                              0x08000399   Thumb Code     0  scanf_fp.o(.text)
    _scanf_really_real                       0x08000399   Thumb Code   556  scanf_fp.o(.text)
    __aeabi_fadd                             0x080005d1   Thumb Code   164  fadd.o(.text)
    __aeabi_fsub                             0x08000675   Thumb Code     6  fadd.o(.text)
    __aeabi_frsub                            0x0800067b   Thumb Code     6  fadd.o(.text)
    __aeabi_fmul                             0x08000681   Thumb Code   100  fmul.o(.text)
    __aeabi_fdiv                             0x080006e5   Thumb Code   124  fdiv.o(.text)
    __aeabi_ui2f                             0x08000761   Thumb Code    10  ffltui.o(.text)
    __aeabi_f2d                              0x0800076b   Thumb Code    38  f2d.o(.text)
    __aeabi_uidiv                            0x08000791   Thumb Code     0  uidiv.o(.text)
    __aeabi_uidivmod                         0x08000791   Thumb Code    44  uidiv.o(.text)
    __aeabi_uldivmod                         0x080007bd   Thumb Code    98  uldiv.o(.text)
    __vfscanf_char                           0x0800082d   Thumb Code    20  scanf_char.o(.text)
    _sgetc                                   0x08000849   Thumb Code    30  _sgetc.o(.text)
    _sbackspace                              0x08000867   Thumb Code    34  _sgetc.o(.text)
    __I$use$fp                               0x08000889   Thumb Code     0  iusefp.o(.text)
    _float_round                             0x08000889   Thumb Code    18  fepilogue.o(.text)
    _float_epilogue                          0x0800089b   Thumb Code    92  fepilogue.o(.text)
    __aeabi_dadd                             0x080008f7   Thumb Code   322  dadd.o(.text)
    __aeabi_dsub                             0x08000a39   Thumb Code     6  dadd.o(.text)
    __aeabi_drsub                            0x08000a3f   Thumb Code     6  dadd.o(.text)
    __aeabi_dmul                             0x08000a45   Thumb Code   228  dmul.o(.text)
    __aeabi_ddiv                             0x08000b29   Thumb Code   222  ddiv.o(.text)
    __aeabi_ul2d                             0x08000c07   Thumb Code    24  dfltul.o(.text)
    __aeabi_d2ulz                            0x08000c1f   Thumb Code    48  dfixul.o(.text)
    __aeabi_cdrcmple                         0x08000c51   Thumb Code    48  cdrcmple.o(.text)
    __aeabi_d2f                              0x08000c81   Thumb Code    56  d2f.o(.text)
    __scatterload                            0x08000cb9   Thumb Code    28  init.o(.text)
    __scatterload_rt2                        0x08000cb9   Thumb Code     0  init.o(.text)
    __aeabi_llsl                             0x08000cdd   Thumb Code    30  llshl.o(.text)
    _ll_shift_l                              0x08000cdd   Thumb Code     0  llshl.o(.text)
    __aeabi_lasr                             0x08000cfb   Thumb Code    36  llsshr.o(.text)
    _ll_sshift_r                             0x08000cfb   Thumb Code     0  llsshr.o(.text)
    isspace                                  0x08000d1f   Thumb Code    10  isspace_c.o(.text)
    __vfscanf                                0x08000d29   Thumb Code   810  _scanf.o(.text)
    _double_round                            0x08001059   Thumb Code    30  depilogue.o(.text)
    _double_epilogue                         0x08001077   Thumb Code   156  depilogue.o(.text)
    __ctype_lookup                           0x08001115   Thumb Code    34  ctype_c.o(.text)
    __decompress                             0x0800113d   Thumb Code     0  __dczerorl2.o(.text)
    __decompress1                            0x0800113d   Thumb Code    86  __dczerorl2.o(.text)
    AT24C16_IsReady                          0x080011a5   Thumb Code    12  at24c16.o(i.AT24C16_IsReady)
    AT24C16_Read                             0x080011b5   Thumb Code   100  at24c16.o(i.AT24C16_Read)
    AT24C16_Write                            0x0800121d   Thumb Code   132  at24c16.o(i.AT24C16_Write)
    BusFault_Handler                         0x080012a5   Thumb Code     2  stm32f1xx_it.o(i.BusFault_Handler)
    CDC_Transmit_FS                          0x080012f5   Thumb Code    38  usbd_cdc_if.o(i.CDC_Transmit_FS)
    DMA1_Channel6_IRQHandler                 0x08001321   Thumb Code     6  stm32f1xx_it.o(i.DMA1_Channel6_IRQHandler)
    DebugMon_Handler                         0x0800132d   Thumb Code     2  stm32f1xx_it.o(i.DebugMon_Handler)
    Error_Handler                            0x0800132f   Thumb Code     4  main.o(i.Error_Handler)
    Formula_Load                             0x08001335   Thumb Code    46  at24c16.o(i.Formula_Load)
    Formula_ResetDefault                     0x0800136d   Thumb Code    22  at24c16.o(i.Formula_ResetDefault)
    Formula_Save                             0x08001399   Thumb Code    14  at24c16.o(i.Formula_Save)
    HAL_DMA_IRQHandler                       0x080013b1   Thumb Code   316  stm32f1xx_hal_dma.o(i.HAL_DMA_IRQHandler)
    HAL_DMA_Init                             0x08001505   Thumb Code    84  stm32f1xx_hal_dma.o(i.HAL_DMA_Init)
    HAL_Delay                                0x08001561   Thumb Code    32  stm32f1xx_hal.o(i.HAL_Delay)
    HAL_GPIO_Init                            0x08001585   Thumb Code   446  stm32f1xx_hal_gpio.o(i.HAL_GPIO_Init)
    HAL_GPIO_ReadPin                         0x08001765   Thumb Code    10  stm32f1xx_hal_gpio.o(i.HAL_GPIO_ReadPin)
    HAL_GPIO_WritePin                        0x0800176f   Thumb Code    10  stm32f1xx_hal_gpio.o(i.HAL_GPIO_WritePin)
    HAL_GetTick                              0x08001779   Thumb Code     6  stm32f1xx_hal.o(i.HAL_GetTick)
    HAL_I2C_Init                             0x08001785   Thumb Code   376  stm32f1xx_hal_i2c.o(i.HAL_I2C_Init)
    HAL_I2C_IsDeviceReady                    0x0800190d   Thumb Code   354  stm32f1xx_hal_i2c.o(i.HAL_I2C_IsDeviceReady)
    HAL_I2C_Mem_Read                         0x08001a79   Thumb Code   586  stm32f1xx_hal_i2c.o(i.HAL_I2C_Mem_Read)
    HAL_I2C_Mem_Write                        0x08001cd5   Thumb Code   294  stm32f1xx_hal_i2c.o(i.HAL_I2C_Mem_Write)
    HAL_I2C_MspInit                          0x08001e05   Thumb Code   124  i2c.o(i.HAL_I2C_MspInit)
    HAL_IncTick                              0x08001e95   Thumb Code    12  stm32f1xx_hal.o(i.HAL_IncTick)
    HAL_Init                                 0x08001ea5   Thumb Code    32  stm32f1xx_hal.o(i.HAL_Init)
    HAL_InitTick                             0x08001ec9   Thumb Code    54  stm32f1xx_hal.o(i.HAL_InitTick)
    HAL_MspInit                              0x08001f09   Thumb Code    62  stm32f1xx_hal_msp.o(i.HAL_MspInit)
    HAL_NVIC_EnableIRQ                       0x08001f51   Thumb Code    26  stm32f1xx_hal_cortex.o(i.HAL_NVIC_EnableIRQ)
    HAL_NVIC_SetPriority                     0x08001f6d   Thumb Code    60  stm32f1xx_hal_cortex.o(i.HAL_NVIC_SetPriority)
    HAL_NVIC_SetPriorityGrouping             0x08001fad   Thumb Code    26  stm32f1xx_hal_cortex.o(i.HAL_NVIC_SetPriorityGrouping)
    HAL_PCDEx_PMAConfig                      0x08001fd1   Thumb Code    60  stm32f1xx_hal_pcd_ex.o(i.HAL_PCDEx_PMAConfig)
    HAL_PCDEx_SetConnectionState             0x0800200d   Thumb Code     2  usbd_conf.o(i.HAL_PCDEx_SetConnectionState)
    HAL_PCD_DataInStageCallback              0x0800200f   Thumb Code    18  usbd_conf.o(i.HAL_PCD_DataInStageCallback)
    HAL_PCD_DataOutStageCallback             0x08002021   Thumb Code    20  usbd_conf.o(i.HAL_PCD_DataOutStageCallback)
    HAL_PCD_EP_Close                         0x08002035   Thumb Code    74  stm32f1xx_hal_pcd.o(i.HAL_PCD_EP_Close)
    HAL_PCD_EP_ClrStall                      0x0800207f   Thumb Code    90  stm32f1xx_hal_pcd.o(i.HAL_PCD_EP_ClrStall)
    HAL_PCD_EP_GetRxCount                    0x080024f7   Thumb Code    18  stm32f1xx_hal_pcd.o(i.HAL_PCD_EP_GetRxCount)
    HAL_PCD_EP_Open                          0x08002509   Thumb Code    88  stm32f1xx_hal_pcd.o(i.HAL_PCD_EP_Open)
    HAL_PCD_EP_Receive                       0x08002561   Thumb Code    46  stm32f1xx_hal_pcd.o(i.HAL_PCD_EP_Receive)
    HAL_PCD_EP_SetStall                      0x0800258f   Thumb Code   112  stm32f1xx_hal_pcd.o(i.HAL_PCD_EP_SetStall)
    HAL_PCD_EP_Transmit                      0x080025ff   Thumb Code    46  stm32f1xx_hal_pcd.o(i.HAL_PCD_EP_Transmit)
    HAL_PCD_IRQHandler                       0x0800262d   Thumb Code   308  stm32f1xx_hal_pcd.o(i.HAL_PCD_IRQHandler)
    HAL_PCD_Init                             0x08002761   Thumb Code   186  stm32f1xx_hal_pcd.o(i.HAL_PCD_Init)
    HAL_PCD_MspInit                          0x0800281d   Thumb Code    50  usbd_conf.o(i.HAL_PCD_MspInit)
    HAL_PCD_ResetCallback                    0x08002859   Thumb Code    38  usbd_conf.o(i.HAL_PCD_ResetCallback)
    HAL_PCD_ResumeCallback                   0x0800287f   Thumb Code     8  usbd_conf.o(i.HAL_PCD_ResumeCallback)
    HAL_PCD_SOFCallback                      0x08002887   Thumb Code     8  usbd_conf.o(i.HAL_PCD_SOFCallback)
    HAL_PCD_SetAddress                       0x0800288f   Thumb Code    38  stm32f1xx_hal_pcd.o(i.HAL_PCD_SetAddress)
    HAL_PCD_SetupStageCallback               0x080028b5   Thumb Code    14  usbd_conf.o(i.HAL_PCD_SetupStageCallback)
    HAL_PCD_Start                            0x080028c3   Thumb Code    50  stm32f1xx_hal_pcd.o(i.HAL_PCD_Start)
    HAL_PCD_SuspendCallback                  0x080028f5   Thumb Code    30  usbd_conf.o(i.HAL_PCD_SuspendCallback)
    HAL_RCCEx_PeriphCLKConfig                0x08002919   Thumb Code   224  stm32f1xx_hal_rcc_ex.o(i.HAL_RCCEx_PeriphCLKConfig)
    HAL_RCC_ClockConfig                      0x08002a05   Thumb Code   280  stm32f1xx_hal_rcc.o(i.HAL_RCC_ClockConfig)
    HAL_RCC_GetPCLK1Freq                     0x08002b31   Thumb Code    20  stm32f1xx_hal_rcc.o(i.HAL_RCC_GetPCLK1Freq)
    HAL_RCC_GetSysClockFreq                  0x08002b51   Thumb Code    58  stm32f1xx_hal_rcc.o(i.HAL_RCC_GetSysClockFreq)
    HAL_RCC_OscConfig                        0x08002b9d   Thumb Code   778  stm32f1xx_hal_rcc.o(i.HAL_RCC_OscConfig)
    HAL_SYSTICK_Config                       0x08002ebd   Thumb Code    40  stm32f1xx_hal_cortex.o(i.HAL_SYSTICK_Config)
    HAL_TIMEx_BreakCallback                  0x08002ee5   Thumb Code     2  stm32f1xx_hal_tim_ex.o(i.HAL_TIMEx_BreakCallback)
    HAL_TIMEx_CommutCallback                 0x08002ee7   Thumb Code     2  stm32f1xx_hal_tim_ex.o(i.HAL_TIMEx_CommutCallback)
    HAL_TIMEx_MasterConfigSynchronization    0x08002ee9   Thumb Code    92  stm32f1xx_hal_tim_ex.o(i.HAL_TIMEx_MasterConfigSynchronization)
    HAL_TIM_Encoder_Init                     0x08002f51   Thumb Code   164  stm32f1xx_hal_tim.o(i.HAL_TIM_Encoder_Init)
    HAL_TIM_Encoder_MspInit                  0x08002ff5   Thumb Code    88  tim.o(i.HAL_TIM_Encoder_MspInit)
    HAL_TIM_Encoder_Start                    0x08003055   Thumb Code   142  stm32f1xx_hal_tim.o(i.HAL_TIM_Encoder_Start)
    HAL_TIM_IC_CaptureCallback               0x080030e3   Thumb Code     2  stm32f1xx_hal_tim.o(i.HAL_TIM_IC_CaptureCallback)
    HAL_TIM_IRQHandler                       0x080030e5   Thumb Code   304  stm32f1xx_hal_tim.o(i.HAL_TIM_IRQHandler)
    HAL_TIM_OC_DelayElapsedCallback          0x08003215   Thumb Code     2  stm32f1xx_hal_tim.o(i.HAL_TIM_OC_DelayElapsedCallback)
    HAL_TIM_PWM_PulseFinishedCallback        0x08003217   Thumb Code     2  stm32f1xx_hal_tim.o(i.HAL_TIM_PWM_PulseFinishedCallback)
    HAL_TIM_PeriodElapsedCallback            0x08003219   Thumb Code    38  tim.o(i.HAL_TIM_PeriodElapsedCallback)
    HAL_TIM_TriggerCallback                  0x08003245   Thumb Code     2  stm32f1xx_hal_tim.o(i.HAL_TIM_TriggerCallback)
    HardFault_Handler                        0x08003247   Thumb Code     2  stm32f1xx_it.o(i.HardFault_Handler)
    MX_DMA_Init                              0x080036c1   Thumb Code    40  dma.o(i.MX_DMA_Init)
    MX_FREERTOS_Init                         0x080036ed   Thumb Code    74  freertos.o(i.MX_FREERTOS_Init)
    MX_GPIO_Init                             0x08003741   Thumb Code   122  gpio.o(i.MX_GPIO_Init)
    MX_I2C1_Init                             0x080037c5   Thumb Code    50  i2c.o(i.MX_I2C1_Init)
    MX_TIM2_Init                             0x08003805   Thumb Code   106  tim.o(i.MX_TIM2_Init)
    MX_USB_DEVICE_Init                       0x08003875   Thumb Code    66  usb_device.o(i.MX_USB_DEVICE_Init)
    MemManage_Handler                        0x080038c9   Thumb Code     2  stm32f1xx_it.o(i.MemManage_Handler)
    NMI_Handler                              0x080038cb   Thumb Code     2  stm32f1xx_it.o(i.NMI_Handler)
    OLED_Fill                                0x080038cd   Thumb Code    56  oled.o(i.OLED_Fill)
    OLED_Init                                0x08003905   Thumb Code   174  oled.o(i.OLED_Init)
    OLED_SetPos                              0x080039b3   Thumb Code    38  oled.o(i.OLED_SetPos)
    OLED_ShowStr                             0x080039d9   Thumb Code   208  oled.o(i.OLED_ShowStr)
    StartTask_LOGI                           0x08003e59   Thumb Code   208  freertos.o(i.StartTask_LOGI)
    StartTask_OLED                           0x08003f2d   Thumb Code   308  freertos.o(i.StartTask_OLED)
    StartTask_USB_CDC                        0x080040a9   Thumb Code    12  freertos.o(i.StartTask_USB_CDC)
    SysTick_Handler                          0x080040b5   Thumb Code    24  stm32f1xx_it.o(i.SysTick_Handler)
    SystemClock_Config                       0x080040cd   Thumb Code   118  main.o(i.SystemClock_Config)
    SystemInit                               0x08004143   Thumb Code     2  system_stm32f1xx.o(i.SystemInit)
    TIM2_IRQHandler                          0x08004145   Thumb Code     6  stm32f1xx_it.o(i.TIM2_IRQHandler)
    TIM_Base_SetConfig                       0x08004151   Thumb Code   108  stm32f1xx_hal_tim.o(i.TIM_Base_SetConfig)
    TIM_CCxChannelCmd                        0x080041c9   Thumb Code    26  stm32f1xx_hal_tim.o(i.TIM_CCxChannelCmd)
    USBD_CDC_GetDeviceQualifierDescriptor    0x080042c1   Thumb Code     8  usbd_cdc.o(i.USBD_CDC_GetDeviceQualifierDescriptor)
    USBD_CDC_ReceivePacket                   0x08004385   Thumb Code    40  usbd_cdc.o(i.USBD_CDC_ReceivePacket)
    USBD_CDC_RegisterInterface               0x080043ad   Thumb Code    16  usbd_cdc.o(i.USBD_CDC_RegisterInterface)
    USBD_CDC_SetRxBuffer                     0x080043bd   Thumb Code    12  usbd_cdc.o(i.USBD_CDC_SetRxBuffer)
    USBD_CDC_SetTxBuffer                     0x080043c9   Thumb Code    16  usbd_cdc.o(i.USBD_CDC_SetTxBuffer)
    USBD_CDC_TransmitPacket                  0x08004485   Thumb Code    54  usbd_cdc.o(i.USBD_CDC_TransmitPacket)
    USBD_ClrClassConfig                      0x080044bb   Thumb Code    14  usbd_core.o(i.USBD_ClrClassConfig)
    USBD_CtlContinueRx                       0x080044c9   Thumb Code    16  usbd_ioreq.o(i.USBD_CtlContinueRx)
    USBD_CtlContinueSendData                 0x080044d9   Thumb Code    16  usbd_ioreq.o(i.USBD_CtlContinueSendData)
    USBD_CtlError                            0x080044e9   Thumb Code    22  usbd_ctlreq.o(i.USBD_CtlError)
    USBD_CtlPrepareRx                        0x080044ff   Thumb Code    30  usbd_ioreq.o(i.USBD_CtlPrepareRx)
    USBD_CtlReceiveStatus                    0x0800451d   Thumb Code    22  usbd_ioreq.o(i.USBD_CtlReceiveStatus)
    USBD_CtlSendData                         0x08004533   Thumb Code    26  usbd_ioreq.o(i.USBD_CtlSendData)
    USBD_CtlSendStatus                       0x0800454d   Thumb Code    22  usbd_ioreq.o(i.USBD_CtlSendStatus)
    USBD_FS_ConfigStrDescriptor              0x08004565   Thumb Code    16  usbd_desc.o(i.USBD_FS_ConfigStrDescriptor)
    USBD_FS_DeviceDescriptor                 0x08004585   Thumb Code     8  usbd_desc.o(i.USBD_FS_DeviceDescriptor)
    USBD_FS_InterfaceStrDescriptor           0x08004591   Thumb Code    16  usbd_desc.o(i.USBD_FS_InterfaceStrDescriptor)
    USBD_FS_LangIDStrDescriptor              0x080045b5   Thumb Code     8  usbd_desc.o(i.USBD_FS_LangIDStrDescriptor)
    USBD_FS_ManufacturerStrDescriptor        0x080045c1   Thumb Code    16  usbd_desc.o(i.USBD_FS_ManufacturerStrDescriptor)
    USBD_FS_ProductStrDescriptor             0x080045e9   Thumb Code    16  usbd_desc.o(i.USBD_FS_ProductStrDescriptor)
    USBD_FS_SerialStrDescriptor              0x08004615   Thumb Code    48  usbd_desc.o(i.USBD_FS_SerialStrDescriptor)
    USBD_GetString                           0x08004735   Thumb Code    72  usbd_ctlreq.o(i.USBD_GetString)
    USBD_Init                                0x08004795   Thumb Code    42  usbd_core.o(i.USBD_Init)
    USBD_LL_ClearStallEP                     0x080047bf   Thumb Code    18  usbd_conf.o(i.USBD_LL_ClearStallEP)
    USBD_LL_CloseEP                          0x080047d1   Thumb Code    18  usbd_conf.o(i.USBD_LL_CloseEP)
    USBD_LL_DataInStage                      0x080047e3   Thumb Code   198  usbd_core.o(i.USBD_LL_DataInStage)
    USBD_LL_DataOutStage                     0x080048a9   Thumb Code   130  usbd_core.o(i.USBD_LL_DataOutStage)
    USBD_LL_GetRxDataSize                    0x0800492b   Thumb Code     8  usbd_conf.o(i.USBD_LL_GetRxDataSize)
    USBD_LL_Init                             0x08004935   Thumb Code   118  usbd_conf.o(i.USBD_LL_Init)
    USBD_LL_IsStallEP                        0x080049b5   Thumb Code    30  usbd_conf.o(i.USBD_LL_IsStallEP)
    USBD_LL_OpenEP                           0x080049d3   Thumb Code    24  usbd_conf.o(i.USBD_LL_OpenEP)
    USBD_LL_PrepareReceive                   0x080049eb   Thumb Code    18  usbd_conf.o(i.USBD_LL_PrepareReceive)
    USBD_LL_Reset                            0x080049fd   Thumb Code    80  usbd_core.o(i.USBD_LL_Reset)
    USBD_LL_Resume                           0x08004a4d   Thumb Code    20  usbd_core.o(i.USBD_LL_Resume)
    USBD_LL_SOF                              0x08004a61   Thumb Code    24  usbd_core.o(i.USBD_LL_SOF)
    USBD_LL_SetSpeed                         0x08004a79   Thumb Code     6  usbd_core.o(i.USBD_LL_SetSpeed)
    USBD_LL_SetUSBAddress                    0x08004a7f   Thumb Code    18  usbd_conf.o(i.USBD_LL_SetUSBAddress)
    USBD_LL_SetupStage                       0x08004a91   Thumb Code    90  usbd_core.o(i.USBD_LL_SetupStage)
    USBD_LL_StallEP                          0x08004aeb   Thumb Code    18  usbd_conf.o(i.USBD_LL_StallEP)
    USBD_LL_Start                            0x08004afd   Thumb Code    18  usbd_conf.o(i.USBD_LL_Start)
    USBD_LL_Suspend                          0x08004b0f   Thumb Code    18  usbd_core.o(i.USBD_LL_Suspend)
    USBD_LL_Transmit                         0x08004b21   Thumb Code    18  usbd_conf.o(i.USBD_LL_Transmit)
    USBD_ParseSetupRequest                   0x08004b33   Thumb Code    40  usbd_ctlreq.o(i.USBD_ParseSetupRequest)
    USBD_RegisterClass                       0x08004b5b   Thumb Code    16  usbd_core.o(i.USBD_RegisterClass)
    USBD_SetClassConfig                      0x08004b6b   Thumb Code    22  usbd_core.o(i.USBD_SetClassConfig)
    USBD_Start                               0x08004c05   Thumb Code    10  usbd_core.o(i.USBD_Start)
    USBD_StdDevReq                           0x08004c0f   Thumb Code   274  usbd_ctlreq.o(i.USBD_StdDevReq)
    USBD_StdEPReq                            0x08004d21   Thumb Code   336  usbd_ctlreq.o(i.USBD_StdEPReq)
    USBD_StdItfReq                           0x08004e71   Thumb Code    78  usbd_ctlreq.o(i.USBD_StdItfReq)
    USBD_static_free                         0x08004ebf   Thumb Code     2  usbd_conf.o(i.USBD_static_free)
    USBD_static_malloc                       0x08004ec1   Thumb Code     4  usbd_conf.o(i.USBD_static_malloc)
    USB_ActivateEndpoint                     0x08004ec9   Thumb Code   668  stm32f1xx_ll_usb.o(i.USB_ActivateEndpoint)
    USB_CoreInit                             0x08005165   Thumb Code     4  stm32f1xx_ll_usb.o(i.USB_CoreInit)
    USB_DeactivateEndpoint                   0x08005169   Thumb Code   270  stm32f1xx_ll_usb.o(i.USB_DeactivateEndpoint)
    USB_DevConnect                           0x08005277   Thumb Code     4  stm32f1xx_ll_usb.o(i.USB_DevConnect)
    USB_DevDisconnect                        0x0800527b   Thumb Code     4  stm32f1xx_ll_usb.o(i.USB_DevDisconnect)
    USB_DevInit                              0x0800527f   Thumb Code    18  stm32f1xx_ll_usb.o(i.USB_DevInit)
    USB_DisableGlobalInt                     0x08005291   Thumb Code    14  stm32f1xx_ll_usb.o(i.USB_DisableGlobalInt)
    USB_EP0_OutStart                         0x0800529f   Thumb Code     4  stm32f1xx_ll_usb.o(i.USB_EP0_OutStart)
    USB_EPClearStall                         0x080052a3   Thumb Code   120  stm32f1xx_ll_usb.o(i.USB_EPClearStall)
    USB_EPSetStall                           0x0800531b   Thumb Code    50  stm32f1xx_ll_usb.o(i.USB_EPSetStall)
    USB_EPStartXfer                          0x0800534d   Thumb Code  1250  stm32f1xx_ll_usb.o(i.USB_EPStartXfer)
    USB_EnableGlobalInt                      0x0800582f   Thumb Code    18  stm32f1xx_ll_usb.o(i.USB_EnableGlobalInt)
    USB_LP_CAN1_RX0_IRQHandler               0x08005841   Thumb Code     6  stm32f1xx_it.o(i.USB_LP_CAN1_RX0_IRQHandler)
    USB_ReadInterrupts                       0x0800584d   Thumb Code     6  stm32f1xx_ll_usb.o(i.USB_ReadInterrupts)
    USB_ReadPMA                              0x08005855   Thumb Code    44  stm32f1xx_ll_usb.o(i.USB_ReadPMA)
    USB_SetCurrentMode                       0x08005881   Thumb Code     4  stm32f1xx_ll_usb.o(i.USB_SetCurrentMode)
    USB_SetDevAddress                        0x08005885   Thumb Code    12  stm32f1xx_ll_usb.o(i.USB_SetDevAddress)
    USB_WritePMA                             0x08005891   Thumb Code    38  stm32f1xx_ll_usb.o(i.USB_WritePMA)
    UsageFault_Handler                       0x080058b7   Thumb Code     2  stm32f1xx_it.o(i.UsageFault_Handler)
    WriteCmd                                 0x080058b9   Thumb Code    32  oled.o(i.WriteCmd)
    WriteDat                                 0x080058dd   Thumb Code    32  oled.o(i.WriteDat)
    __0sprintf                               0x08005901   Thumb Code    34  printfa.o(i.__0sprintf)
    __1sprintf                               0x08005901   Thumb Code     0  printfa.o(i.__0sprintf)
    __2sprintf                               0x08005901   Thumb Code     0  printfa.o(i.__0sprintf)
    __c89sprintf                             0x08005901   Thumb Code     0  printfa.o(i.__0sprintf)
    sprintf                                  0x08005901   Thumb Code     0  printfa.o(i.__0sprintf)
    __scatterload_copy                       0x08005949   Thumb Code    14  handlers.o(i.__scatterload_copy)
    __scatterload_null                       0x08005957   Thumb Code     2  handlers.o(i.__scatterload_null)
    __scatterload_zeroinit                   0x08005959   Thumb Code    14  handlers.o(i.__scatterload_zeroinit)
    _is_digit                                0x08005aed   Thumb Code    14  scanf_fp.o(i._is_digit)
    clear_Encoder                            0x0800620d   Thumb Code    14  tim.o(i.clear_Encoder)
    get_Distance                             0x08006225   Thumb Code    80  tim.o(i.get_Distance)
    get_Encoder                              0x0800627d   Thumb Code     6  tim.o(i.get_Encoder)
    get_Equation                             0x08006289   Thumb Code    62  tim.o(i.get_Equation)
    get_Formula_a                            0x080062e5   Thumb Code     6  at24c16.o(i.get_Formula_a)
    get_Formula_b                            0x080062f1   Thumb Code     6  at24c16.o(i.get_Formula_b)
    get_Formula_c                            0x080062fd   Thumb Code     6  at24c16.o(i.get_Formula_c)
    main                                     0x08006309   Thumb Code    60  main.o(i.main)
    osDelay                                  0x08006355   Thumb Code    14  cmsis_os.o(i.osDelay)
    osKernelStart                            0x08006363   Thumb Code    10  cmsis_os.o(i.osKernelStart)
    osThreadCreate                           0x0800636d   Thumb Code    84  cmsis_os.o(i.osThreadCreate)
    pvPortMalloc                             0x0800670d   Thumb Code   216  heap_4.o(i.pvPortMalloc)
    pxPortInitialiseStack                    0x080067e9   Thumb Code    32  port.o(i.pxPortInitialiseStack)
    send_usb_to_data                         0x0800680d   Thumb Code    44  usbd_cdc_if.o(i.send_usb_to_data)
    set_Equation                             0x0800683d   Thumb Code    50  tim.o(i.set_Equation)
    set_Equation_a                           0x08006889   Thumb Code     6  tim.o(i.set_Equation_a)
    set_Equation_b                           0x08006895   Thumb Code     6  tim.o(i.set_Equation_b)
    set_Equation_c                           0x080068a1   Thumb Code     6  tim.o(i.set_Equation_c)
    uxListRemove                             0x080068ad   Thumb Code    38  list.o(i.uxListRemove)
    vApplicationGetIdleTaskMemory            0x080068d5   Thumb Code    16  freertos.o(i.vApplicationGetIdleTaskMemory)
    vListInitialise                          0x080068e9   Thumb Code    22  list.o(i.vListInitialise)
    vListInitialiseItem                      0x080068ff   Thumb Code     6  list.o(i.vListInitialiseItem)
    vListInsert                              0x08006905   Thumb Code    48  list.o(i.vListInsert)
    vListInsertEnd                           0x08006935   Thumb Code    24  list.o(i.vListInsertEnd)
    vPortEnterCritical                       0x0800694d   Thumb Code    54  port.o(i.vPortEnterCritical)
    vPortExitCritical                        0x0800698d   Thumb Code    34  port.o(i.vPortExitCritical)
    vPortFree                                0x080069b5   Thumb Code    94  heap_4.o(i.vPortFree)
    vPortSetupTimerInterrupt                 0x08006a19   Thumb Code    32  port.o(i.vPortSetupTimerInterrupt)
    vTaskDelay                               0x08006a3d   Thumb Code    66  tasks.o(i.vTaskDelay)
    vTaskStartScheduler                      0x08006a89   Thumb Code    90  tasks.o(i.vTaskStartScheduler)
    vTaskSuspendAll                          0x08006af5   Thumb Code    10  tasks.o(i.vTaskSuspendAll)
    vTaskSwitchContext                       0x08006b05   Thumb Code    82  tasks.o(i.vTaskSwitchContext)
    xPortStartScheduler                      0x08006b61   Thumb Code   154  port.o(i.xPortStartScheduler)
    xPortSysTickHandler                      0x08006c09   Thumb Code    38  port.o(i.xPortSysTickHandler)
    xTaskCreate                              0x08006c35   Thumb Code    90  tasks.o(i.xTaskCreate)
    xTaskCreateStatic                        0x08006c8f   Thumb Code    86  tasks.o(i.xTaskCreateStatic)
    xTaskGetSchedulerState                   0x08006ce5   Thumb Code    22  tasks.o(i.xTaskGetSchedulerState)
    xTaskIncrementTick                       0x08006d01   Thumb Code   194  tasks.o(i.xTaskIncrementTick)
    xTaskResumeAll                           0x08006dcd   Thumb Code   182  tasks.o(i.xTaskResumeAll)
    AHBPrescTable                            0x08006efe   Data          16  system_stm32f1xx.o(.constdata)
    APBPrescTable                            0x08006f0e   Data           8  system_stm32f1xx.o(.constdata)
    F6x8                                     0x08006f16   Data         552  oled.o(.constdata)
    F8X16                                    0x0800713e   Data        1520  oled.o(.constdata)
    __ctype_categories                       0x0800772e   Data          64  ctype_c.o(.constdata)
    Region$$Table$$Base                      0x08007790   Number         0  anon$$obj.o(Region$$Table)
    Region$$Table$$Limit                     0x080077b0   Number         0  anon$$obj.o(Region$$Table)
    LOGIHandle                               0x20000000   Data           4  freertos.o(.data)
    OLED_DISPLAYHandle                       0x20000004   Data           4  freertos.o(.data)
    USB_CDCHandle                            0x20000008   Data           4  freertos.o(.data)
    Equation_flag                            0x2000000c   Data           1  tim.o(.data)
    Encoder_Overflow                         0x20000010   Data           4  tim.o(.data)
    an                                       0x20000014   Data           4  tim.o(.data)
    bn                                       0x20000018   Data           4  tim.o(.data)
    cn                                       0x2000001c   Data           4  tim.o(.data)
    FS_Desc                                  0x20000020   Data          28  usbd_desc.o(.data)
    USBD_LangIDDesc                          0x2000003c   Data           4  usbd_desc.o(.data)
    USBD_FS_DeviceDesc                       0x20000040   Data          18  usbd_desc.o(.data)
    USBD_StringSerial                        0x20000054   Data          26  usbd_desc.o(.data)
    USBD_Interface_fops_FS                   0x20000070   Data          16  usbd_cdc_if.o(.data)
    uwTickFreq                               0x20000080   Data           1  stm32f1xx_hal.o(.data)
    uwTickPrio                               0x20000084   Data           4  stm32f1xx_hal.o(.data)
    uwTick                                   0x20000088   Data           4  stm32f1xx_hal.o(.data)
    SystemCoreClock                          0x2000008c   Data           4  system_stm32f1xx.o(.data)
    USBD_CDC_CfgHSDesc                       0x200000a0   Data          67  usbd_cdc.o(.data)
    USBD_CDC_CfgFSDesc                       0x200000e4   Data          67  usbd_cdc.o(.data)
    USBD_CDC_OtherSpeedCfgDesc               0x20000128   Data          67  usbd_cdc.o(.data)
    USBD_CDC                                 0x2000016c   Data          56  usbd_cdc.o(.data)
    FormulaParam                             0x200001a4   Data          16  at24c16.o(.data)
    pxCurrentTCB                             0x200001b4   Data           4  tasks.o(.data)
    hi2c1                                    0x20000470   Data          84  i2c.o(.bss)
    hdma_i2c1_tx                             0x200004c4   Data          68  i2c.o(.bss)
    htim2                                    0x20000508   Data          72  tim.o(.bss)
    hUsbDeviceFS                             0x20000550   Data         708  usb_device.o(.bss)
    USBD_StrDesc                             0x20000814   Data         512  usbd_desc.o(.bss)
    UserRxBufferFS                           0x20000a14   Data        1024  usbd_cdc_if.o(.bss)
    UserTxBufferFS                           0x20000e14   Data        1024  usbd_cdc_if.o(.bss)
    USB_CDC_data                             0x20001214   Data          64  usbd_cdc_if.o(.bss)
    hpcd_USB_FS                              0x20001474   Data         728  usbd_conf.o(.bss)
    __initial_sp                             0x20002840   Data           0  startup_stm32f103xb.o(STACK)



==============================================================================

Memory Map of the image

  Image Entry point : 0x080000ed

  Load Region LR_IROM1 (Base: 0x08000000, Size: 0x000079cc, Max: 0x00010000, ABSOLUTE, COMPRESSED[0x00007898])

    Execution Region ER_IROM1 (Exec base: 0x08000000, Load base: 0x08000000, Size: 0x000077b0, Max: 0x00010000, ABSOLUTE)

    Exec Addr    Load Addr    Size         Type   Attr      Idx    E Section Name        Object

    0x08000000   0x08000000   0x000000ec   Data   RO            3    RESET               startup_stm32f103xb.o
    0x080000ec   0x080000ec   0x00000000   Code   RO         5786  * .ARM.Collect$$$$00000000  mc_w.l(entry.o)
    0x080000ec   0x080000ec   0x00000004   Code   RO         6078    .ARM.Collect$$$$00000001  mc_w.l(entry2.o)
    0x080000f0   0x080000f0   0x00000004   Code   RO         6081    .ARM.Collect$$$$00000004  mc_w.l(entry5.o)
    0x080000f4   0x080000f4   0x00000000   Code   RO         6083    .ARM.Collect$$$$00000008  mc_w.l(entry7b.o)
    0x080000f4   0x080000f4   0x00000000   Code   RO         6085    .ARM.Collect$$$$0000000A  mc_w.l(entry8b.o)
    0x080000f4   0x080000f4   0x00000008   Code   RO         6086    .ARM.Collect$$$$0000000B  mc_w.l(entry9a.o)
    0x080000fc   0x080000fc   0x00000004   Code   RO         6093    .ARM.Collect$$$$0000000E  mc_w.l(entry12b.o)
    0x08000100   0x08000100   0x00000000   Code   RO         6088    .ARM.Collect$$$$0000000F  mc_w.l(entry10a.o)
    0x08000100   0x08000100   0x00000000   Code   RO         6090    .ARM.Collect$$$$00000011  mc_w.l(entry11a.o)
    0x08000100   0x08000100   0x00000004   Code   RO         6079    .ARM.Collect$$$$00002712  mc_w.l(entry2.o)
    0x08000104   0x08000104   0x00000096   Code   RO         5709    .emb_text           port.o
    0x0800019a   0x0800019a   0x00000002   PAD
    0x0800019c   0x0800019c   0x00000024   Code   RO            4    .text               startup_stm32f103xb.o
    0x080001c0   0x080001c0   0x00000020   Code   RO         5789    .text               mc_w.l(llushr.o)
    0x080001e0   0x080001e0   0x00000024   Code   RO         5791    .text               mc_w.l(memcpya.o)
    0x08000204   0x08000204   0x00000024   Code   RO         5795    .text               mc_w.l(memseta.o)
    0x08000228   0x08000228   0x0000000e   Code   RO         5797    .text               mc_w.l(strlen.o)
    0x08000236   0x08000236   0x00000002   PAD
    0x08000238   0x08000238   0x00000038   Code   RO         6062    .text               mc_w.l(__0sscanf.o)
    0x08000270   0x08000270   0x00000360   Code   RO         6064    .text               mc_w.l(scanf_fp.o)
    0x080005d0   0x080005d0   0x000000b0   Code   RO         6068    .text               mf_w.l(fadd.o)
    0x08000680   0x08000680   0x00000064   Code   RO         6070    .text               mf_w.l(fmul.o)
    0x080006e4   0x080006e4   0x0000007c   Code   RO         6072    .text               mf_w.l(fdiv.o)
    0x08000760   0x08000760   0x0000000a   Code   RO         6074    .text               mf_w.l(ffltui.o)
    0x0800076a   0x0800076a   0x00000026   Code   RO         6076    .text               mf_w.l(f2d.o)
    0x08000790   0x08000790   0x0000002c   Code   RO         6097    .text               mc_w.l(uidiv.o)
    0x080007bc   0x080007bc   0x00000062   Code   RO         6099    .text               mc_w.l(uldiv.o)
    0x0800081e   0x0800081e   0x00000002   PAD
    0x08000820   0x08000820   0x00000028   Code   RO         6101    .text               mc_w.l(scanf_char.o)
    0x08000848   0x08000848   0x00000040   Code   RO         6103    .text               mc_w.l(_sgetc.o)
    0x08000888   0x08000888   0x00000000   Code   RO         6105    .text               mc_w.l(iusefp.o)
    0x08000888   0x08000888   0x0000006e   Code   RO         6106    .text               mf_w.l(fepilogue.o)
    0x080008f6   0x080008f6   0x0000014e   Code   RO         6108    .text               mf_w.l(dadd.o)
    0x08000a44   0x08000a44   0x000000e4   Code   RO         6110    .text               mf_w.l(dmul.o)
    0x08000b28   0x08000b28   0x000000de   Code   RO         6112    .text               mf_w.l(ddiv.o)
    0x08000c06   0x08000c06   0x00000018   Code   RO         6114    .text               mf_w.l(dfltul.o)
    0x08000c1e   0x08000c1e   0x00000030   Code   RO         6116    .text               mf_w.l(dfixul.o)
    0x08000c4e   0x08000c4e   0x00000002   PAD
    0x08000c50   0x08000c50   0x00000030   Code   RO         6118    .text               mf_w.l(cdrcmple.o)
    0x08000c80   0x08000c80   0x00000038   Code   RO         6120    .text               mf_w.l(d2f.o)
    0x08000cb8   0x08000cb8   0x00000024   Code   RO         6122    .text               mc_w.l(init.o)
    0x08000cdc   0x08000cdc   0x0000001e   Code   RO         6125    .text               mc_w.l(llshl.o)
    0x08000cfa   0x08000cfa   0x00000024   Code   RO         6127    .text               mc_w.l(llsshr.o)
    0x08000d1e   0x08000d1e   0x0000000a   Code   RO         6129    .text               mc_w.l(isspace_c.o)
    0x08000d28   0x08000d28   0x00000330   Code   RO         6131    .text               mc_w.l(_scanf.o)
    0x08001058   0x08001058   0x000000ba   Code   RO         6134    .text               mf_w.l(depilogue.o)
    0x08001112   0x08001112   0x00000002   PAD
    0x08001114   0x08001114   0x00000028   Code   RO         6136    .text               mc_w.l(ctype_c.o)
    0x0800113c   0x0800113c   0x00000056   Code   RO         6147    .text               mc_w.l(__dczerorl2.o)
    0x08001192   0x08001192   0x00000012   Code   RO         4403    i.AT24C16_GetDeviceAddress  at24c16.o
    0x080011a4   0x080011a4   0x00000010   Code   RO         4404    i.AT24C16_IsReady   at24c16.o
    0x080011b4   0x080011b4   0x00000068   Code   RO         4405    i.AT24C16_Read      at24c16.o
    0x0800121c   0x0800121c   0x00000088   Code   RO         4406    i.AT24C16_Write     at24c16.o
    0x080012a4   0x080012a4   0x00000002   Code   RO          499    i.BusFault_Handler  stm32f1xx_it.o
    0x080012a6   0x080012a6   0x00000004   Code   RO          722    i.CDC_Control_FS    usbd_cdc_if.o
    0x080012aa   0x080012aa   0x00000004   Code   RO          723    i.CDC_DeInit_FS     usbd_cdc_if.o
    0x080012ae   0x080012ae   0x00000002   PAD
    0x080012b0   0x080012b0   0x00000024   Code   RO          724    i.CDC_Init_FS       usbd_cdc_if.o
    0x080012d4   0x080012d4   0x00000020   Code   RO          725    i.CDC_Receive_FS    usbd_cdc_if.o
    0x080012f4   0x080012f4   0x0000002c   Code   RO          726    i.CDC_Transmit_FS   usbd_cdc_if.o
    0x08001320   0x08001320   0x0000000c   Code   RO          500    i.DMA1_Channel6_IRQHandler  stm32f1xx_it.o
    0x0800132c   0x0800132c   0x00000002   Code   RO          501    i.DebugMon_Handler  stm32f1xx_it.o
    0x0800132e   0x0800132e   0x00000004   Code   RO           13    i.Error_Handler     main.o
    0x08001332   0x08001332   0x00000002   PAD
    0x08001334   0x08001334   0x00000038   Code   RO         4407    i.Formula_Load      at24c16.o
    0x0800136c   0x0800136c   0x0000002c   Code   RO         4408    i.Formula_ResetDefault  at24c16.o
    0x08001398   0x08001398   0x00000018   Code   RO         4409    i.Formula_Save      at24c16.o
    0x080013b0   0x080013b0   0x00000154   Code   RO         1891    i.HAL_DMA_IRQHandler  stm32f1xx_hal_dma.o
    0x08001504   0x08001504   0x0000005c   Code   RO         1892    i.HAL_DMA_Init      stm32f1xx_hal_dma.o
    0x08001560   0x08001560   0x00000024   Code   RO         1512    i.HAL_Delay         stm32f1xx_hal.o
    0x08001584   0x08001584   0x000001e0   Code   RO         1822    i.HAL_GPIO_Init     stm32f1xx_hal_gpio.o
    0x08001764   0x08001764   0x0000000a   Code   RO         1824    i.HAL_GPIO_ReadPin  stm32f1xx_hal_gpio.o
    0x0800176e   0x0800176e   0x0000000a   Code   RO         1826    i.HAL_GPIO_WritePin  stm32f1xx_hal_gpio.o
    0x08001778   0x08001778   0x0000000c   Code   RO         1516    i.HAL_GetTick       stm32f1xx_hal.o
    0x08001784   0x08001784   0x00000188   Code   RO         2493    i.HAL_I2C_Init      stm32f1xx_hal_i2c.o
    0x0800190c   0x0800190c   0x0000016c   Code   RO         2494    i.HAL_I2C_IsDeviceReady  stm32f1xx_hal_i2c.o
    0x08001a78   0x08001a78   0x0000025c   Code   RO         2511    i.HAL_I2C_Mem_Read  stm32f1xx_hal_i2c.o
    0x08001cd4   0x08001cd4   0x00000130   Code   RO         2514    i.HAL_I2C_Mem_Write  stm32f1xx_hal_i2c.o
    0x08001e04   0x08001e04   0x00000090   Code   RO          361    i.HAL_I2C_MspInit   i2c.o
    0x08001e94   0x08001e94   0x00000010   Code   RO         1522    i.HAL_IncTick       stm32f1xx_hal.o
    0x08001ea4   0x08001ea4   0x00000024   Code   RO         1523    i.HAL_Init          stm32f1xx_hal.o
    0x08001ec8   0x08001ec8   0x00000040   Code   RO         1524    i.HAL_InitTick      stm32f1xx_hal.o
    0x08001f08   0x08001f08   0x00000048   Code   RO          581    i.HAL_MspInit       stm32f1xx_hal_msp.o
    0x08001f50   0x08001f50   0x0000001a   Code   RO         1982    i.HAL_NVIC_EnableIRQ  stm32f1xx_hal_cortex.o
    0x08001f6a   0x08001f6a   0x00000002   PAD
    0x08001f6c   0x08001f6c   0x00000040   Code   RO         1988    i.HAL_NVIC_SetPriority  stm32f1xx_hal_cortex.o
    0x08001fac   0x08001fac   0x00000024   Code   RO         1989    i.HAL_NVIC_SetPriorityGrouping  stm32f1xx_hal_cortex.o
    0x08001fd0   0x08001fd0   0x0000003c   Code   RO         1279    i.HAL_PCDEx_PMAConfig  stm32f1xx_hal_pcd_ex.o
    0x0800200c   0x0800200c   0x00000002   Code   RO          792    i.HAL_PCDEx_SetConnectionState  usbd_conf.o
    0x0800200e   0x0800200e   0x00000012   Code   RO          794    i.HAL_PCD_DataInStageCallback  usbd_conf.o
    0x08002020   0x08002020   0x00000014   Code   RO          795    i.HAL_PCD_DataOutStageCallback  usbd_conf.o
    0x08002034   0x08002034   0x0000004a   Code   RO         1050    i.HAL_PCD_EP_Close  stm32f1xx_hal_pcd.o
    0x0800207e   0x0800207e   0x0000005a   Code   RO         1051    i.HAL_PCD_EP_ClrStall  stm32f1xx_hal_pcd.o
    0x080020d8   0x080020d8   0x000000e6   Code   RO         1052    i.HAL_PCD_EP_DB_Receive  stm32f1xx_hal_pcd.o
    0x080021be   0x080021be   0x00000338   Code   RO         1053    i.HAL_PCD_EP_DB_Transmit  stm32f1xx_hal_pcd.o
    0x080024f6   0x080024f6   0x00000012   Code   RO         1055    i.HAL_PCD_EP_GetRxCount  stm32f1xx_hal_pcd.o
    0x08002508   0x08002508   0x00000058   Code   RO         1056    i.HAL_PCD_EP_Open   stm32f1xx_hal_pcd.o
    0x08002560   0x08002560   0x0000002e   Code   RO         1057    i.HAL_PCD_EP_Receive  stm32f1xx_hal_pcd.o
    0x0800258e   0x0800258e   0x00000070   Code   RO         1058    i.HAL_PCD_EP_SetStall  stm32f1xx_hal_pcd.o
    0x080025fe   0x080025fe   0x0000002e   Code   RO         1059    i.HAL_PCD_EP_Transmit  stm32f1xx_hal_pcd.o
    0x0800262c   0x0800262c   0x00000134   Code   RO         1061    i.HAL_PCD_IRQHandler  stm32f1xx_hal_pcd.o
    0x08002760   0x08002760   0x000000ba   Code   RO         1064    i.HAL_PCD_Init      stm32f1xx_hal_pcd.o
    0x0800281a   0x0800281a   0x00000002   PAD
    0x0800281c   0x0800281c   0x0000003c   Code   RO          800    i.HAL_PCD_MspInit   usbd_conf.o
    0x08002858   0x08002858   0x00000026   Code   RO          801    i.HAL_PCD_ResetCallback  usbd_conf.o
    0x0800287e   0x0800287e   0x00000008   Code   RO          802    i.HAL_PCD_ResumeCallback  usbd_conf.o
    0x08002886   0x08002886   0x00000008   Code   RO          803    i.HAL_PCD_SOFCallback  usbd_conf.o
    0x0800288e   0x0800288e   0x00000026   Code   RO         1070    i.HAL_PCD_SetAddress  stm32f1xx_hal_pcd.o
    0x080028b4   0x080028b4   0x0000000e   Code   RO          804    i.HAL_PCD_SetupStageCallback  usbd_conf.o
    0x080028c2   0x080028c2   0x00000032   Code   RO         1072    i.HAL_PCD_Start     stm32f1xx_hal_pcd.o
    0x080028f4   0x080028f4   0x00000024   Code   RO          805    i.HAL_PCD_SuspendCallback  usbd_conf.o
    0x08002918   0x08002918   0x000000ec   Code   RO         1784    i.HAL_RCCEx_PeriphCLKConfig  stm32f1xx_hal_rcc_ex.o
    0x08002a04   0x08002a04   0x0000012c   Code   RO         1680    i.HAL_RCC_ClockConfig  stm32f1xx_hal_rcc.o
    0x08002b30   0x08002b30   0x00000020   Code   RO         1687    i.HAL_RCC_GetPCLK1Freq  stm32f1xx_hal_rcc.o
    0x08002b50   0x08002b50   0x0000004c   Code   RO         1689    i.HAL_RCC_GetSysClockFreq  stm32f1xx_hal_rcc.o
    0x08002b9c   0x08002b9c   0x00000320   Code   RO         1692    i.HAL_RCC_OscConfig  stm32f1xx_hal_rcc.o
    0x08002ebc   0x08002ebc   0x00000028   Code   RO         1993    i.HAL_SYSTICK_Config  stm32f1xx_hal_cortex.o
    0x08002ee4   0x08002ee4   0x00000002   Code   RO         3625    i.HAL_TIMEx_BreakCallback  stm32f1xx_hal_tim_ex.o
    0x08002ee6   0x08002ee6   0x00000002   Code   RO         3626    i.HAL_TIMEx_CommutCallback  stm32f1xx_hal_tim_ex.o
    0x08002ee8   0x08002ee8   0x00000068   Code   RO         3644    i.HAL_TIMEx_MasterConfigSynchronization  stm32f1xx_hal_tim_ex.o
    0x08002f50   0x08002f50   0x000000a4   Code   RO         2942    i.HAL_TIM_Encoder_Init  stm32f1xx_hal_tim.o
    0x08002ff4   0x08002ff4   0x00000060   Code   RO          403    i.HAL_TIM_Encoder_MspInit  tim.o
    0x08003054   0x08003054   0x0000008e   Code   RO         2945    i.HAL_TIM_Encoder_Start  stm32f1xx_hal_tim.o
    0x080030e2   0x080030e2   0x00000002   Code   RO         2955    i.HAL_TIM_IC_CaptureCallback  stm32f1xx_hal_tim.o
    0x080030e4   0x080030e4   0x00000130   Code   RO         2969    i.HAL_TIM_IRQHandler  stm32f1xx_hal_tim.o
    0x08003214   0x08003214   0x00000002   Code   RO         2972    i.HAL_TIM_OC_DelayElapsedCallback  stm32f1xx_hal_tim.o
    0x08003216   0x08003216   0x00000002   Code   RO         2999    i.HAL_TIM_PWM_PulseFinishedCallback  stm32f1xx_hal_tim.o
    0x08003218   0x08003218   0x0000002c   Code   RO          404    i.HAL_TIM_PeriodElapsedCallback  tim.o
    0x08003244   0x08003244   0x00000002   Code   RO         3012    i.HAL_TIM_TriggerCallback  stm32f1xx_hal_tim.o
    0x08003246   0x08003246   0x00000002   Code   RO          502    i.HardFault_Handler  stm32f1xx_it.o
    0x08003248   0x08003248   0x0000002e   Code   RO         2536    i.I2C_IsAcknowledgeFailed  stm32f1xx_hal_i2c.o
    0x08003276   0x08003276   0x00000002   PAD
    0x08003278   0x08003278   0x000000fc   Code   RO         2546    i.I2C_RequestMemoryRead  stm32f1xx_hal_i2c.o
    0x08003374   0x08003374   0x000000a8   Code   RO         2547    i.I2C_RequestMemoryWrite  stm32f1xx_hal_i2c.o
    0x0800341c   0x0800341c   0x00000056   Code   RO         2551    i.I2C_WaitOnBTFFlagUntilTimeout  stm32f1xx_hal_i2c.o
    0x08003472   0x08003472   0x00000002   PAD
    0x08003474   0x08003474   0x00000090   Code   RO         2552    i.I2C_WaitOnFlagUntilTimeout  stm32f1xx_hal_i2c.o
    0x08003504   0x08003504   0x000000bc   Code   RO         2553    i.I2C_WaitOnMasterAddressFlagUntilTimeout  stm32f1xx_hal_i2c.o
    0x080035c0   0x080035c0   0x00000070   Code   RO         2554    i.I2C_WaitOnRXNEFlagUntilTimeout  stm32f1xx_hal_i2c.o
    0x08003630   0x08003630   0x00000056   Code   RO         2555    i.I2C_WaitOnTXEFlagUntilTimeout  stm32f1xx_hal_i2c.o
    0x08003686   0x08003686   0x00000002   PAD
    0x08003688   0x08003688   0x00000038   Code   RO          636    i.IntToUnicode      usbd_desc.o
    0x080036c0   0x080036c0   0x0000002c   Code   RO          336    i.MX_DMA_Init       dma.o
    0x080036ec   0x080036ec   0x00000054   Code   RO          249    i.MX_FREERTOS_Init  freertos.o
    0x08003740   0x08003740   0x00000084   Code   RO          225    i.MX_GPIO_Init      gpio.o
    0x080037c4   0x080037c4   0x00000040   Code   RO          362    i.MX_I2C1_Init      i2c.o
    0x08003804   0x08003804   0x00000070   Code   RO          405    i.MX_TIM2_Init      tim.o
    0x08003874   0x08003874   0x00000054   Code   RO          605    i.MX_USB_DEVICE_Init  usb_device.o
    0x080038c8   0x080038c8   0x00000002   Code   RO          503    i.MemManage_Handler  stm32f1xx_it.o
    0x080038ca   0x080038ca   0x00000002   Code   RO          504    i.NMI_Handler       stm32f1xx_it.o
    0x080038cc   0x080038cc   0x00000038   Code   RO         4301    i.OLED_Fill         oled.o
    0x08003904   0x08003904   0x000000ae   Code   RO         4302    i.OLED_Init         oled.o
    0x080039b2   0x080039b2   0x00000026   Code   RO         4306    i.OLED_SetPos       oled.o
    0x080039d8   0x080039d8   0x000000d8   Code   RO         4309    i.OLED_ShowStr      oled.o
    0x08003ab0   0x08003ab0   0x000003a6   Code   RO         1076    i.PCD_EP_ISR_Handler  stm32f1xx_hal_pcd.o
    0x08003e56   0x08003e56   0x00000002   PAD
    0x08003e58   0x08003e58   0x000000d4   Code   RO          250    i.StartTask_LOGI    freertos.o
    0x08003f2c   0x08003f2c   0x0000017c   Code   RO          251    i.StartTask_OLED    freertos.o
    0x080040a8   0x080040a8   0x0000000c   Code   RO          252    i.StartTask_USB_CDC  freertos.o
    0x080040b4   0x080040b4   0x00000018   Code   RO          505    i.SysTick_Handler   stm32f1xx_it.o
    0x080040cc   0x080040cc   0x00000076   Code   RO           14    i.SystemClock_Config  main.o
    0x08004142   0x08004142   0x00000002   Code   RO         3893    i.SystemInit        system_stm32f1xx.o
    0x08004144   0x08004144   0x0000000c   Code   RO          506    i.TIM2_IRQHandler   stm32f1xx_it.o
    0x08004150   0x08004150   0x00000078   Code   RO         3014    i.TIM_Base_SetConfig  stm32f1xx_hal_tim.o
    0x080041c8   0x080041c8   0x0000001a   Code   RO         3015    i.TIM_CCxChannelCmd  stm32f1xx_hal_tim.o
    0x080041e2   0x080041e2   0x00000046   Code   RO         4193    i.USBD_CDC_DataIn   usbd_cdc.o
    0x08004228   0x08004228   0x0000002e   Code   RO         4194    i.USBD_CDC_DataOut  usbd_cdc.o
    0x08004256   0x08004256   0x00000044   Code   RO         4195    i.USBD_CDC_DeInit   usbd_cdc.o
    0x0800429a   0x0800429a   0x00000024   Code   RO         4196    i.USBD_CDC_EP0_RxReady  usbd_cdc.o
    0x080042be   0x080042be   0x00000002   PAD
    0x080042c0   0x080042c0   0x0000000c   Code   RO         4197    i.USBD_CDC_GetDeviceQualifierDescriptor  usbd_cdc.o
    0x080042cc   0x080042cc   0x0000000c   Code   RO         4198    i.USBD_CDC_GetFSCfgDesc  usbd_cdc.o
    0x080042d8   0x080042d8   0x0000000c   Code   RO         4199    i.USBD_CDC_GetHSCfgDesc  usbd_cdc.o
    0x080042e4   0x080042e4   0x0000000c   Code   RO         4200    i.USBD_CDC_GetOtherSpeedCfgDesc  usbd_cdc.o
    0x080042f0   0x080042f0   0x00000094   Code   RO         4201    i.USBD_CDC_Init     usbd_cdc.o
    0x08004384   0x08004384   0x00000028   Code   RO         4202    i.USBD_CDC_ReceivePacket  usbd_cdc.o
    0x080043ac   0x080043ac   0x00000010   Code   RO         4203    i.USBD_CDC_RegisterInterface  usbd_cdc.o
    0x080043bc   0x080043bc   0x0000000c   Code   RO         4204    i.USBD_CDC_SetRxBuffer  usbd_cdc.o
    0x080043c8   0x080043c8   0x00000010   Code   RO         4205    i.USBD_CDC_SetTxBuffer  usbd_cdc.o
    0x080043d8   0x080043d8   0x000000ac   Code   RO         4206    i.USBD_CDC_Setup    usbd_cdc.o
    0x08004484   0x08004484   0x00000036   Code   RO         4207    i.USBD_CDC_TransmitPacket  usbd_cdc.o
    0x080044ba   0x080044ba   0x0000000e   Code   RO         3930    i.USBD_ClrClassConfig  usbd_core.o
    0x080044c8   0x080044c8   0x00000010   Code   RO         4133    i.USBD_CtlContinueRx  usbd_ioreq.o
    0x080044d8   0x080044d8   0x00000010   Code   RO         4134    i.USBD_CtlContinueSendData  usbd_ioreq.o
    0x080044e8   0x080044e8   0x00000016   Code   RO         4068    i.USBD_CtlError     usbd_ctlreq.o
    0x080044fe   0x080044fe   0x0000001e   Code   RO         4135    i.USBD_CtlPrepareRx  usbd_ioreq.o
    0x0800451c   0x0800451c   0x00000016   Code   RO         4136    i.USBD_CtlReceiveStatus  usbd_ioreq.o
    0x08004532   0x08004532   0x0000001a   Code   RO         4137    i.USBD_CtlSendData  usbd_ioreq.o
    0x0800454c   0x0800454c   0x00000016   Code   RO         4138    i.USBD_CtlSendStatus  usbd_ioreq.o
    0x08004562   0x08004562   0x00000002   PAD
    0x08004564   0x08004564   0x00000020   Code   RO          637    i.USBD_FS_ConfigStrDescriptor  usbd_desc.o
    0x08004584   0x08004584   0x0000000c   Code   RO          638    i.USBD_FS_DeviceDescriptor  usbd_desc.o
    0x08004590   0x08004590   0x00000024   Code   RO          639    i.USBD_FS_InterfaceStrDescriptor  usbd_desc.o
    0x080045b4   0x080045b4   0x0000000c   Code   RO          640    i.USBD_FS_LangIDStrDescriptor  usbd_desc.o
    0x080045c0   0x080045c0   0x00000028   Code   RO          641    i.USBD_FS_ManufacturerStrDescriptor  usbd_desc.o
    0x080045e8   0x080045e8   0x0000002c   Code   RO          642    i.USBD_FS_ProductStrDescriptor  usbd_desc.o
    0x08004614   0x08004614   0x00000038   Code   RO          643    i.USBD_FS_SerialStrDescriptor  usbd_desc.o
    0x0800464c   0x0800464c   0x000000e8   Code   RO         4069    i.USBD_GetDescriptor  usbd_ctlreq.o
    0x08004734   0x08004734   0x00000048   Code   RO         4070    i.USBD_GetString    usbd_ctlreq.o
    0x0800477c   0x0800477c   0x00000018   Code   RO          806    i.USBD_Get_USB_Status  usbd_conf.o
    0x08004794   0x08004794   0x0000002a   Code   RO         3932    i.USBD_Init         usbd_core.o
    0x080047be   0x080047be   0x00000012   Code   RO          807    i.USBD_LL_ClearStallEP  usbd_conf.o
    0x080047d0   0x080047d0   0x00000012   Code   RO          808    i.USBD_LL_CloseEP   usbd_conf.o
    0x080047e2   0x080047e2   0x000000c6   Code   RO         3933    i.USBD_LL_DataInStage  usbd_core.o
    0x080048a8   0x080048a8   0x00000082   Code   RO         3934    i.USBD_LL_DataOutStage  usbd_core.o
    0x0800492a   0x0800492a   0x00000008   Code   RO          812    i.USBD_LL_GetRxDataSize  usbd_conf.o
    0x08004932   0x08004932   0x00000002   PAD
    0x08004934   0x08004934   0x00000080   Code   RO          813    i.USBD_LL_Init      usbd_conf.o
    0x080049b4   0x080049b4   0x0000001e   Code   RO          814    i.USBD_LL_IsStallEP  usbd_conf.o
    0x080049d2   0x080049d2   0x00000018   Code   RO          815    i.USBD_LL_OpenEP    usbd_conf.o
    0x080049ea   0x080049ea   0x00000012   Code   RO          816    i.USBD_LL_PrepareReceive  usbd_conf.o
    0x080049fc   0x080049fc   0x00000050   Code   RO         3939    i.USBD_LL_Reset     usbd_core.o
    0x08004a4c   0x08004a4c   0x00000014   Code   RO         3940    i.USBD_LL_Resume    usbd_core.o
    0x08004a60   0x08004a60   0x00000018   Code   RO         3941    i.USBD_LL_SOF       usbd_core.o
    0x08004a78   0x08004a78   0x00000006   Code   RO         3942    i.USBD_LL_SetSpeed  usbd_core.o
    0x08004a7e   0x08004a7e   0x00000012   Code   RO          817    i.USBD_LL_SetUSBAddress  usbd_conf.o
    0x08004a90   0x08004a90   0x0000005a   Code   RO         3943    i.USBD_LL_SetupStage  usbd_core.o
    0x08004aea   0x08004aea   0x00000012   Code   RO          818    i.USBD_LL_StallEP   usbd_conf.o
    0x08004afc   0x08004afc   0x00000012   Code   RO          819    i.USBD_LL_Start     usbd_conf.o
    0x08004b0e   0x08004b0e   0x00000012   Code   RO         3944    i.USBD_LL_Suspend   usbd_core.o
    0x08004b20   0x08004b20   0x00000012   Code   RO          821    i.USBD_LL_Transmit  usbd_conf.o
    0x08004b32   0x08004b32   0x00000028   Code   RO         4071    i.USBD_ParseSetupRequest  usbd_ctlreq.o
    0x08004b5a   0x08004b5a   0x00000010   Code   RO         3945    i.USBD_RegisterClass  usbd_core.o
    0x08004b6a   0x08004b6a   0x00000016   Code   RO         3947    i.USBD_SetClassConfig  usbd_core.o
    0x08004b80   0x08004b80   0x00000084   Code   RO         4072    i.USBD_SetConfig    usbd_ctlreq.o
    0x08004c04   0x08004c04   0x0000000a   Code   RO         3948    i.USBD_Start        usbd_core.o
    0x08004c0e   0x08004c0e   0x00000112   Code   RO         4073    i.USBD_StdDevReq    usbd_ctlreq.o
    0x08004d20   0x08004d20   0x00000150   Code   RO         4074    i.USBD_StdEPReq     usbd_ctlreq.o
    0x08004e70   0x08004e70   0x0000004e   Code   RO         4075    i.USBD_StdItfReq    usbd_ctlreq.o
    0x08004ebe   0x08004ebe   0x00000002   Code   RO          822    i.USBD_static_free  usbd_conf.o
    0x08004ec0   0x08004ec0   0x00000008   Code   RO          823    i.USBD_static_malloc  usbd_conf.o
    0x08004ec8   0x08004ec8   0x0000029c   Code   RO         1319    i.USB_ActivateEndpoint  stm32f1xx_ll_usb.o
    0x08005164   0x08005164   0x00000004   Code   RO         1322    i.USB_CoreInit      stm32f1xx_ll_usb.o
    0x08005168   0x08005168   0x0000010e   Code   RO         1324    i.USB_DeactivateEndpoint  stm32f1xx_ll_usb.o
    0x08005276   0x08005276   0x00000004   Code   RO         1325    i.USB_DevConnect    stm32f1xx_ll_usb.o
    0x0800527a   0x0800527a   0x00000004   Code   RO         1326    i.USB_DevDisconnect  stm32f1xx_ll_usb.o
    0x0800527e   0x0800527e   0x00000012   Code   RO         1327    i.USB_DevInit       stm32f1xx_ll_usb.o
    0x08005290   0x08005290   0x0000000e   Code   RO         1328    i.USB_DisableGlobalInt  stm32f1xx_ll_usb.o
    0x0800529e   0x0800529e   0x00000004   Code   RO         1329    i.USB_EP0_OutStart  stm32f1xx_ll_usb.o
    0x080052a2   0x080052a2   0x00000078   Code   RO         1330    i.USB_EPClearStall  stm32f1xx_ll_usb.o
    0x0800531a   0x0800531a   0x00000032   Code   RO         1331    i.USB_EPSetStall    stm32f1xx_ll_usb.o
    0x0800534c   0x0800534c   0x000004e2   Code   RO         1332    i.USB_EPStartXfer   stm32f1xx_ll_usb.o
    0x0800582e   0x0800582e   0x00000012   Code   RO         1334    i.USB_EnableGlobalInt  stm32f1xx_ll_usb.o
    0x08005840   0x08005840   0x0000000c   Code   RO          507    i.USB_LP_CAN1_RX0_IRQHandler  stm32f1xx_it.o
    0x0800584c   0x0800584c   0x00000006   Code   RO         1341    i.USB_ReadInterrupts  stm32f1xx_ll_usb.o
    0x08005852   0x08005852   0x00000002   PAD
    0x08005854   0x08005854   0x0000002c   Code   RO         1342    i.USB_ReadPMA       stm32f1xx_ll_usb.o
    0x08005880   0x08005880   0x00000004   Code   RO         1343    i.USB_SetCurrentMode  stm32f1xx_ll_usb.o
    0x08005884   0x08005884   0x0000000c   Code   RO         1344    i.USB_SetDevAddress  stm32f1xx_ll_usb.o
    0x08005890   0x08005890   0x00000026   Code   RO         1346    i.USB_WritePMA      stm32f1xx_ll_usb.o
    0x080058b6   0x080058b6   0x00000002   Code   RO          508    i.UsageFault_Handler  stm32f1xx_it.o
    0x080058b8   0x080058b8   0x00000024   Code   RO         4310    i.WriteCmd          oled.o
    0x080058dc   0x080058dc   0x00000024   Code   RO         4311    i.WriteDat          oled.o
    0x08005900   0x08005900   0x00000028   Code   RO         6036    i.__0sprintf        mc_w.l(printfa.o)
    0x08005928   0x08005928   0x00000020   Code   RO         1995    i.__NVIC_SetPriority  stm32f1xx_hal_cortex.o
    0x08005948   0x08005948   0x0000000e   Code   RO         6141    i.__scatterload_copy  mc_w.l(handlers.o)
    0x08005956   0x08005956   0x00000002   Code   RO         6142    i.__scatterload_null  mc_w.l(handlers.o)
    0x08005958   0x08005958   0x0000000e   Code   RO         6143    i.__scatterload_zeroinit  mc_w.l(handlers.o)
    0x08005966   0x08005966   0x00000002   PAD
    0x08005968   0x08005968   0x00000184   Code   RO         6041    i._fp_digits        mc_w.l(printfa.o)
    0x08005aec   0x08005aec   0x0000000e   Code   RO         6066    i._is_digit         mc_w.l(scanf_fp.o)
    0x08005afa   0x08005afa   0x00000002   PAD
    0x08005afc   0x08005afc   0x000006b4   Code   RO         6042    i._printf_core      mc_w.l(printfa.o)
    0x080061b0   0x080061b0   0x00000024   Code   RO         6043    i._printf_post_padding  mc_w.l(printfa.o)
    0x080061d4   0x080061d4   0x0000002e   Code   RO         6044    i._printf_pre_padding  mc_w.l(printfa.o)
    0x08006202   0x08006202   0x0000000a   Code   RO         6046    i._sputc            mc_w.l(printfa.o)
    0x0800620c   0x0800620c   0x00000018   Code   RO          406    i.clear_Encoder     tim.o
    0x08006224   0x08006224   0x00000058   Code   RO          407    i.get_Distance      tim.o
    0x0800627c   0x0800627c   0x0000000c   Code   RO          408    i.get_Encoder       tim.o
    0x08006288   0x08006288   0x0000005c   Code   RO          409    i.get_Equation      tim.o
    0x080062e4   0x080062e4   0x0000000c   Code   RO         4411    i.get_Formula_a     at24c16.o
    0x080062f0   0x080062f0   0x0000000c   Code   RO         4412    i.get_Formula_b     at24c16.o
    0x080062fc   0x080062fc   0x0000000c   Code   RO         4413    i.get_Formula_c     at24c16.o
    0x08006308   0x08006308   0x00000040   Code   RO           15    i.main              main.o
    0x08006348   0x08006348   0x0000000c   Code   RO         5275    i.makeFreeRtosPriority  cmsis_os.o
    0x08006354   0x08006354   0x0000000e   Code   RO         5277    i.osDelay           cmsis_os.o
    0x08006362   0x08006362   0x0000000a   Code   RO         5280    i.osKernelStart     cmsis_os.o
    0x0800636c   0x0800636c   0x00000054   Code   RO         5314    i.osThreadCreate    cmsis_os.o
    0x080063c0   0x080063c0   0x00000070   Code   RO         4957    i.prvAddCurrentTaskToDelayedList  tasks.o
    0x08006430   0x08006430   0x000000d0   Code   RO         4958    i.prvAddNewTaskToReadyList  tasks.o
    0x08006500   0x08006500   0x00000034   Code   RO         4959    i.prvDeleteTCB      tasks.o
    0x08006534   0x08006534   0x0000004c   Code   RO         5642    i.prvHeapInit       heap_4.o
    0x08006580   0x08006580   0x00000060   Code   RO         4960    i.prvIdleTask       tasks.o
    0x080065e0   0x080065e0   0x00000098   Code   RO         4961    i.prvInitialiseNewTask  tasks.o
    0x08006678   0x08006678   0x0000004c   Code   RO         5643    i.prvInsertBlockIntoFreeList  heap_4.o
    0x080066c4   0x080066c4   0x00000020   Code   RO         4962    i.prvResetNextTaskUnblockTime  tasks.o
    0x080066e4   0x080066e4   0x00000028   Code   RO         5710    i.prvTaskExitError  port.o
    0x0800670c   0x0800670c   0x000000dc   Code   RO         5644    i.pvPortMalloc      heap_4.o
    0x080067e8   0x080067e8   0x00000024   Code   RO         5711    i.pxPortInitialiseStack  port.o
    0x0800680c   0x0800680c   0x00000030   Code   RO          729    i.send_usb_to_data  usbd_cdc_if.o
    0x0800683c   0x0800683c   0x0000004c   Code   RO          410    i.set_Equation      tim.o
    0x08006888   0x08006888   0x0000000c   Code   RO          411    i.set_Equation_a    tim.o
    0x08006894   0x08006894   0x0000000c   Code   RO          412    i.set_Equation_b    tim.o
    0x080068a0   0x080068a0   0x0000000c   Code   RO          413    i.set_Equation_c    tim.o
    0x080068ac   0x080068ac   0x00000026   Code   RO         4593    i.uxListRemove      list.o
    0x080068d2   0x080068d2   0x00000002   PAD
    0x080068d4   0x080068d4   0x00000014   Code   RO          253    i.vApplicationGetIdleTaskMemory  freertos.o
    0x080068e8   0x080068e8   0x00000016   Code   RO         4594    i.vListInitialise   list.o
    0x080068fe   0x080068fe   0x00000006   Code   RO         4595    i.vListInitialiseItem  list.o
    0x08006904   0x08006904   0x00000030   Code   RO         4596    i.vListInsert       list.o
    0x08006934   0x08006934   0x00000018   Code   RO         4597    i.vListInsertEnd    list.o
    0x0800694c   0x0800694c   0x00000040   Code   RO         5713    i.vPortEnterCritical  port.o
    0x0800698c   0x0800698c   0x00000028   Code   RO         5714    i.vPortExitCritical  port.o
    0x080069b4   0x080069b4   0x00000064   Code   RO         5645    i.vPortFree         heap_4.o
    0x08006a18   0x08006a18   0x00000024   Code   RO         5715    i.vPortSetupTimerInterrupt  port.o
    0x08006a3c   0x08006a3c   0x0000004c   Code   RO         4971    i.vTaskDelay        tasks.o
    0x08006a88   0x08006a88   0x0000006c   Code   RO         4984    i.vTaskStartScheduler  tasks.o
    0x08006af4   0x08006af4   0x00000010   Code   RO         4986    i.vTaskSuspendAll   tasks.o
    0x08006b04   0x08006b04   0x0000005c   Code   RO         4987    i.vTaskSwitchContext  tasks.o
    0x08006b60   0x08006b60   0x000000a8   Code   RO         5717    i.xPortStartScheduler  port.o
    0x08006c08   0x08006c08   0x0000002c   Code   RO         5718    i.xPortSysTickHandler  port.o
    0x08006c34   0x08006c34   0x0000005a   Code   RO         4990    i.xTaskCreate       tasks.o
    0x08006c8e   0x08006c8e   0x00000056   Code   RO         4991    i.xTaskCreateStatic  tasks.o
    0x08006ce4   0x08006ce4   0x0000001c   Code   RO         4995    i.xTaskGetSchedulerState  tasks.o
    0x08006d00   0x08006d00   0x000000cc   Code   RO         4998    i.xTaskIncrementTick  tasks.o
    0x08006dcc   0x08006dcc   0x000000c4   Code   RO         5004    i.xTaskResumeAll    tasks.o
    0x08006e90   0x08006e90   0x0000005c   Data   RO          255    .constdata          freertos.o
    0x08006eec   0x08006eec   0x00000012   Data   RO         1693    .constdata          stm32f1xx_hal_rcc.o
    0x08006efe   0x08006efe   0x00000010   Data   RO         3894    .constdata          system_stm32f1xx.o
    0x08006f0e   0x08006f0e   0x00000008   Data   RO         3895    .constdata          system_stm32f1xx.o
    0x08006f16   0x08006f16   0x00000818   Data   RO         4313    .constdata          oled.o
    0x0800772e   0x0800772e   0x00000040   Data   RO         6137    .constdata          mc_w.l(ctype_c.o)
    0x0800776e   0x0800776e   0x00000002   PAD
    0x08007770   0x08007770   0x0000001d   Data   RO          256    .conststring        freertos.o
    0x0800778d   0x0800778d   0x00000003   PAD
    0x08007790   0x08007790   0x00000020   Data   RO         6139    Region$$Table       anon$$obj.o


    Execution Region RW_IRAM1 (Exec base: 0x20000000, Load base: 0x080077b0, Size: 0x00002840, Max: 0x00005000, ABSOLUTE, COMPRESSED[0x000000e8])

    Exec Addr    Load Addr    Size         Type   Attr      Idx    E Section Name        Object

    0x20000000   COMPRESSED   0x0000000c   Data   RW          257    .data               freertos.o
    0x2000000c   COMPRESSED   0x00000014   Data   RW          415    .data               tim.o
    0x20000020   COMPRESSED   0x0000001c   Data   RW          645    .data               usbd_desc.o
    0x2000003c   COMPRESSED   0x00000032   Data   RW          646    .data               usbd_desc.o
    0x2000006e   COMPRESSED   0x00000002   PAD
    0x20000070   COMPRESSED   0x00000010   Data   RW          731    .data               usbd_cdc_if.o
    0x20000080   COMPRESSED   0x0000000c   Data   RW         1530    .data               stm32f1xx_hal.o
    0x2000008c   COMPRESSED   0x00000004   Data   RW         3896    .data               system_stm32f1xx.o
    0x20000090   COMPRESSED   0x00000001   Data   RW         4076    .data               usbd_ctlreq.o
    0x20000091   COMPRESSED   0x00000003   PAD
    0x20000094   COMPRESSED   0x000000d7   Data   RW         4208    .data               usbd_cdc.o
    0x2000016b   COMPRESSED   0x00000001   PAD
    0x2000016c   COMPRESSED   0x00000038   Data   RW         4209    .data               usbd_cdc.o
    0x200001a4   COMPRESSED   0x00000010   Data   RW         4414    .data               at24c16.o
    0x200001b4   COMPRESSED   0x0000003c   Data   RW         5007    .data               tasks.o
    0x200001f0   COMPRESSED   0x00000020   Data   RW         5651    .data               heap_4.o
    0x20000210   COMPRESSED   0x0000000c   Data   RW         5719    .data               port.o
    0x2000021c        -       0x00000254   Zero   RW          254    .bss                freertos.o
    0x20000470        -       0x00000098   Zero   RW          363    .bss                i2c.o
    0x20000508        -       0x00000048   Zero   RW          414    .bss                tim.o
    0x20000550        -       0x000002c4   Zero   RW          606    .bss                usb_device.o
    0x20000814        -       0x00000200   Zero   RW          644    .bss                usbd_desc.o
    0x20000a14        -       0x00000840   Zero   RW          730    .bss                usbd_cdc_if.o
    0x20001254        -       0x000004f8   Zero   RW          824    .bss                usbd_conf.o
    0x2000174c        -       0x000000f0   Zero   RW         5006    .bss                tasks.o
    0x2000183c        -       0x00000c00   Zero   RW         5650    .bss                heap_4.o
    0x2000243c   COMPRESSED   0x00000004   PAD
    0x20002440        -       0x00000400   Zero   RW            1    STACK               startup_stm32f103xb.o


==============================================================================

Image component sizes


      Code (inc. data)   RO Data    RW Data    ZI Data      Debug   Object Name

       434         72          0         16          0       6945   at24c16.o
       120          0          0          0          0      23169   cmsis_os.o
        44          4          0          0          0        726   dma.o
         0          0          0          0          0      16956   event_groups.o
       708         90        121         12        596       5570   freertos.o
       132         10          0          0          0        887   gpio.o
       472         24          0         32       3072       7211   heap_4.o
       208         34          0          0        152       1674   i2c.o
       138          0          0          0          0       3290   list.o
       186          4          0          0          0     477376   main.o
       556         16       2072          0          0       4196   oled.o
       578         60          0         12          0      10084   port.o
        36          8        236          0       1024        788   startup_stm32f103xb.o
       164         28          0         12          0       5773   stm32f1xx_hal.o
       198         14          0          0          0      28835   stm32f1xx_hal_cortex.o
       432         32          0          0          0       1948   stm32f1xx_hal_dma.o
       500         34          0          0          0       3455   stm32f1xx_hal_gpio.o
      2746         66          0          0          0      14218   stm32f1xx_hal_i2c.o
        72         10          0          0          0        838   stm32f1xx_hal_msp.o
      3044          0          0          0          0      14009   stm32f1xx_hal_pcd.o
        60          0          0          0          0       1142   stm32f1xx_hal_pcd_ex.o
      1208         72         18          0          0       4469   stm32f1xx_hal_rcc.o
       236         12          0          0          0       1348   stm32f1xx_hal_rcc_ex.o
       764         12          0          0          0       7628   stm32f1xx_hal_tim.o
       108         12          0          0          0       2337   stm32f1xx_hal_tim_ex.o
        72         18          0          0          0       4257   stm32f1xx_it.o
      2528          0          0          0          0      15819   stm32f1xx_ll_usb.o
         0          0          0          0          0        384   stream_buffer.o
         2          0         24          4          0       1071   system_stm32f1xx.o
      1548        118          0         60        240      19391   tasks.o
       580        118          0         20         72       6199   tim.o
        84         18          0          0        708        760   usb_device.o
       726         16          0        271          0      12750   usbd_cdc.o
       168         26          0         16       2112       3960   usbd_cdc_if.o
       554         30          0          0       1272      13809   usbd_conf.o
       670          0          0          0          0       9239   usbd_core.o
      1186         28          0          1          0       7772   usbd_ctlreq.o
       288        104          0         78        512       5761   usbd_desc.o
       132          0          0          0          0       4212   usbd_ioreq.o

    ----------------------------------------------------------------------
     21710       1090       2506        540       9764     750256   Object Totals
         0          0         32          0          0          0   (incl. Generated)
        28          0          3          6          4          0   (incl. Padding)

    ----------------------------------------------------------------------

      Code (inc. data)   RO Data    RW Data    ZI Data      Debug   Library Member Name

        56          8          0          0          0         84   __0sscanf.o
        86          0          0          0          0          0   __dczerorl2.o
       816          6          0          0          0        112   _scanf.o
        64          0          0          0          0         84   _sgetc.o
        40          6         64          0          0         68   ctype_c.o
         0          0          0          0          0          0   entry.o
         0          0          0          0          0          0   entry10a.o
         0          0          0          0          0          0   entry11a.o
         4          0          0          0          0          0   entry12b.o
         8          4          0          0          0          0   entry2.o
         4          0          0          0          0          0   entry5.o
         0          0          0          0          0          0   entry7b.o
         0          0          0          0          0          0   entry8b.o
         8          4          0          0          0          0   entry9a.o
        30          0          0          0          0          0   handlers.o
        36          8          0          0          0         68   init.o
        10          0          0          0          0         68   isspace_c.o
         0          0          0          0          0          0   iusefp.o
        30          0          0          0          0         68   llshl.o
        36          0          0          0          0         68   llsshr.o
        32          0          0          0          0         68   llushr.o
        36          0          0          0          0         68   memcpya.o
        36          0          0          0          0        108   memseta.o
      2236         86          0          0          0        532   printfa.o
        40          8          0          0          0         84   scanf_char.o
       878         12          0          0          0        216   scanf_fp.o
        14          0          0          0          0         68   strlen.o
        44          0          0          0          0         80   uidiv.o
        98          0          0          0          0         92   uldiv.o
        48          0          0          0          0         68   cdrcmple.o
        56          0          0          0          0         88   d2f.o
       334          0          0          0          0        148   dadd.o
       222          0          0          0          0        100   ddiv.o
       186          0          0          0          0        176   depilogue.o
        48          0          0          0          0         68   dfixul.o
        24          0          0          0          0         76   dfltul.o
       228          0          0          0          0         96   dmul.o
        38          0          0          0          0         68   f2d.o
       176          0          0          0          0        140   fadd.o
       124          0          0          0          0         88   fdiv.o
       110          0          0          0          0        168   fepilogue.o
        10          0          0          0          0         68   ffltui.o
       100          0          0          0          0         76   fmul.o

    ----------------------------------------------------------------------
      6358        142         66          0          0       3364   Library Totals
        12          0          2          0          0          0   (incl. Padding)

    ----------------------------------------------------------------------

      Code (inc. data)   RO Data    RW Data    ZI Data      Debug   Library Name

      4642        142         64          0          0       1936   mc_w.l
      1704          0          0          0          0       1428   mf_w.l

    ----------------------------------------------------------------------
      6358        142         66          0          0       3364   Library Totals

    ----------------------------------------------------------------------

==============================================================================


      Code (inc. data)   RO Data    RW Data    ZI Data      Debug   

     28068       1232       2572        540       9764     739552   Grand Totals
     28068       1232       2572        232       9764     739552   ELF Image Totals (compressed)
     28068       1232       2572        232          0          0   ROM Totals

==============================================================================

    Total RO  Size (Code + RO Data)                30640 (  29.92kB)
    Total RW  Size (RW Data + ZI Data)             10304 (  10.06kB)
    Total ROM Size (Code + RO Data + RW Data)      30872 (  30.15kB)

==============================================================================

